Archive member included to satisfy reference by file (symbol)

d:/stm32cubeide/stm32cubeide_1.11.0/stm32cubeide/plugins/com.st.stm32cube.ide.mcu.externaltools.gnu-tools-for-stm32.10.3-2021.10.win32_1.0.100.202210260954/tools/bin/../lib/gcc/arm-none-eabi/10.3.1/../../../../arm-none-eabi/lib/thumb/v6-m/nofp\libc_nano.a(lib_a-errno.o)
                              ./Core/Src/syscalls.o (__errno)
d:/stm32cubeide/stm32cubeide_1.11.0/stm32cubeide/plugins/com.st.stm32cube.ide.mcu.externaltools.gnu-tools-for-stm32.10.3-2021.10.win32_1.0.100.202210260954/tools/bin/../lib/gcc/arm-none-eabi/10.3.1/../../../../arm-none-eabi/lib/thumb/v6-m/nofp\libc_nano.a(lib_a-exit.o)
                              d:/stm32cubeide/stm32cubeide_1.11.0/stm32cubeide/plugins/com.st.stm32cube.ide.mcu.externaltools.gnu-tools-for-stm32.10.3-2021.10.win32_1.0.100.202210260954/tools/bin/../lib/gcc/arm-none-eabi/10.3.1/../../../../arm-none-eabi/lib/thumb/v6-m/nofp/crt0.o (exit)
d:/stm32cubeide/stm32cubeide_1.11.0/stm32cubeide/plugins/com.st.stm32cube.ide.mcu.externaltools.gnu-tools-for-stm32.10.3-2021.10.win32_1.0.100.202210260954/tools/bin/../lib/gcc/arm-none-eabi/10.3.1/../../../../arm-none-eabi/lib/thumb/v6-m/nofp\libc_nano.a(lib_a-impure.o)
                              d:/stm32cubeide/stm32cubeide_1.11.0/stm32cubeide/plugins/com.st.stm32cube.ide.mcu.externaltools.gnu-tools-for-stm32.10.3-2021.10.win32_1.0.100.202210260954/tools/bin/../lib/gcc/arm-none-eabi/10.3.1/../../../../arm-none-eabi/lib/thumb/v6-m/nofp\libc_nano.a(lib_a-exit.o) (_global_impure_ptr)
d:/stm32cubeide/stm32cubeide_1.11.0/stm32cubeide/plugins/com.st.stm32cube.ide.mcu.externaltools.gnu-tools-for-stm32.10.3-2021.10.win32_1.0.100.202210260954/tools/bin/../lib/gcc/arm-none-eabi/10.3.1/../../../../arm-none-eabi/lib/thumb/v6-m/nofp\libc_nano.a(lib_a-init.o)
                              d:/stm32cubeide/stm32cubeide_1.11.0/stm32cubeide/plugins/com.st.stm32cube.ide.mcu.externaltools.gnu-tools-for-stm32.10.3-2021.10.win32_1.0.100.202210260954/tools/bin/../lib/gcc/arm-none-eabi/10.3.1/../../../../arm-none-eabi/lib/thumb/v6-m/nofp/crt0.o (__libc_init_array)
d:/stm32cubeide/stm32cubeide_1.11.0/stm32cubeide/plugins/com.st.stm32cube.ide.mcu.externaltools.gnu-tools-for-stm32.10.3-2021.10.win32_1.0.100.202210260954/tools/bin/../lib/gcc/arm-none-eabi/10.3.1/../../../../arm-none-eabi/lib/thumb/v6-m/nofp\libc_nano.a(lib_a-memset.o)
                              d:/stm32cubeide/stm32cubeide_1.11.0/stm32cubeide/plugins/com.st.stm32cube.ide.mcu.externaltools.gnu-tools-for-stm32.10.3-2021.10.win32_1.0.100.202210260954/tools/bin/../lib/gcc/arm-none-eabi/10.3.1/../../../../arm-none-eabi/lib/thumb/v6-m/nofp/crt0.o (memset)
d:/stm32cubeide/stm32cubeide_1.11.0/stm32cubeide/plugins/com.st.stm32cube.ide.mcu.externaltools.gnu-tools-for-stm32.10.3-2021.10.win32_1.0.100.202210260954/tools/bin/../lib/gcc/arm-none-eabi/10.3.1/thumb/v6-m/nofp\libgcc.a(_udivsi3.o)
                              ./Core/Src/system_stm32f0xx.o (__aeabi_uidiv)
d:/stm32cubeide/stm32cubeide_1.11.0/stm32cubeide/plugins/com.st.stm32cube.ide.mcu.externaltools.gnu-tools-for-stm32.10.3-2021.10.win32_1.0.100.202210260954/tools/bin/../lib/gcc/arm-none-eabi/10.3.1/thumb/v6-m/nofp\libgcc.a(_dvmd_tls.o)
                              d:/stm32cubeide/stm32cubeide_1.11.0/stm32cubeide/plugins/com.st.stm32cube.ide.mcu.externaltools.gnu-tools-for-stm32.10.3-2021.10.win32_1.0.100.202210260954/tools/bin/../lib/gcc/arm-none-eabi/10.3.1/thumb/v6-m/nofp\libgcc.a(_udivsi3.o) (__aeabi_idiv0)

Discarded input sections

 .text          0x0000000000000000        0x0 d:/stm32cubeide/stm32cubeide_1.11.0/stm32cubeide/plugins/com.st.stm32cube.ide.mcu.externaltools.gnu-tools-for-stm32.10.3-2021.10.win32_1.0.100.202210260954/tools/bin/../lib/gcc/arm-none-eabi/10.3.1/thumb/v6-m/nofp/crti.o
 .data          0x0000000000000000        0x0 d:/stm32cubeide/stm32cubeide_1.11.0/stm32cubeide/plugins/com.st.stm32cube.ide.mcu.externaltools.gnu-tools-for-stm32.10.3-2021.10.win32_1.0.100.202210260954/tools/bin/../lib/gcc/arm-none-eabi/10.3.1/thumb/v6-m/nofp/crti.o
 .bss           0x0000000000000000        0x0 d:/stm32cubeide/stm32cubeide_1.11.0/stm32cubeide/plugins/com.st.stm32cube.ide.mcu.externaltools.gnu-tools-for-stm32.10.3-2021.10.win32_1.0.100.202210260954/tools/bin/../lib/gcc/arm-none-eabi/10.3.1/thumb/v6-m/nofp/crti.o
 .data          0x0000000000000000        0x4 d:/stm32cubeide/stm32cubeide_1.11.0/stm32cubeide/plugins/com.st.stm32cube.ide.mcu.externaltools.gnu-tools-for-stm32.10.3-2021.10.win32_1.0.100.202210260954/tools/bin/../lib/gcc/arm-none-eabi/10.3.1/thumb/v6-m/nofp/crtbegin.o
 .rodata        0x0000000000000000       0x24 d:/stm32cubeide/stm32cubeide_1.11.0/stm32cubeide/plugins/com.st.stm32cube.ide.mcu.externaltools.gnu-tools-for-stm32.10.3-2021.10.win32_1.0.100.202210260954/tools/bin/../lib/gcc/arm-none-eabi/10.3.1/thumb/v6-m/nofp/crtbegin.o
[...]
Memory Configuration

Name             Origin             Length             Attributes
RAM              0x0000000020000000 0x0000000000001800 xrw
FLASH            0x0000000008000000 0x0000000000008000 xr
*default*        0x0000000000000000 0xffffffffffffffff

Linker script and memory map

LOAD d:/stm32cubeide/stm32cubeide_1.11.0/stm32cubeide/plugins/com.st.stm32cube.ide.mcu.externaltools.gnu-tools-for-stm32.10.3-2021.10.win32_1.0.100.202210260954/tools/bin/../lib/gcc/arm-none-eabi/10.3.1/thumb/v6-m/nofp/crti.o
LOAD d:/stm32cubeide/stm32cubeide_1.11.0/stm32cubeide/plugins/com.st.stm32cube.ide.mcu.externaltools.gnu-tools-for-stm32.10.3-2021.10.win32_1.0.100.202210260954/tools/bin/../lib/gcc/arm-none-eabi/10.3.1/thumb/v6-m/nofp/crtbegin.o
LOAD d:/stm32cubeide/stm32cubeide_1.11.0/stm32cubeide/plugins/com.st.stm32cube.ide.mcu.externaltools.gnu-tools-for-stm32.10.3-2021.10.win32_1.0.100.202210260954/tools/bin/../lib/gcc/arm-none-eabi/10.3.1/../../../../arm-none-eabi/lib/thumb/v6-m/nofp/crt0.o
LOAD ./Core/Src/can.o
LOAD ./Core/Src/can_config.o
LOAD ./Core/Src/gpio.o
LOAD ./Core/Src/i2c.o
LOAD ./Core/Src/main.o
LOAD ./Core/Src/stm32f0xx_hal_msp.o
LOAD ./Core/Src/stm32f0xx_it.o
LOAD ./Core/Src/syscalls.o
LOAD ./Core/Src/sysmem.o
LOAD ./Core/Src/system_stm32f0xx.o
LOAD ./Core/Src/tim.o
LOAD ./Core/Src/usart.o
LOAD ./Core/Startup/startup_stm32f042c6tx.o
LOAD ./Drivers/STM32F0xx_HAL_Driver/Src/stm32f0xx_hal.o
LOAD ./Drivers/STM32F0xx_HAL_Driver/Src/stm32f0xx_hal_can.o
LOAD ./Drivers/STM32F0xx_HAL_Driver/Src/stm32f0xx_hal_cortex.o
LOAD ./Drivers/STM32F0xx_HAL_Driver/Src/stm32f0xx_hal_dma.o
LOAD ./Drivers/STM32F0xx_HAL_Driver/Src/stm32f0xx_hal_exti.o
LOAD ./Drivers/STM32F0xx_HAL_Driver/Src/stm32f0xx_hal_flash.o
LOAD ./Drivers/STM32F0xx_HAL_Driver/Src/stm32f0xx_hal_flash_ex.o
LOAD ./Drivers/STM32F0xx_HAL_Driver/Src/stm32f0xx_hal_gpio.o
LOAD ./Drivers/STM32F0xx_HAL_Driver/Src/stm32f0xx_hal_i2c.o
LOAD ./Drivers/STM32F0xx_HAL_Driver/Src/stm32f0xx_hal_i2c_ex.o
LOAD ./Drivers/STM32F0xx_HAL_Driver/Src/stm32f0xx_hal_pwr.o
LOAD ./Drivers/STM32F0xx_HAL_Driver/Src/stm32f0xx_hal_pwr_ex.o
LOAD ./Drivers/STM32F0xx_HAL_Driver/Src/stm32f0xx_hal_rcc.o
LOAD ./Drivers/STM32F0xx_HAL_Driver/Src/stm32f0xx_hal_rcc_ex.o
LOAD ./Drivers/STM32F0xx_HAL_Driver/Src/stm32f0xx_hal_tim.o
LOAD ./Drivers/STM32F0xx_HAL_Driver/Src/stm32f0xx_hal_tim_ex.o
LOAD ./Drivers/STM32F0xx_HAL_Driver/Src/stm32f0xx_hal_uart.o
LOAD ./Drivers/STM32F0xx_HAL_Driver/Src/stm32f0xx_hal_uart_ex.o
START GROUP
LOAD d:/stm32cubeide/stm32cubeide_1.11.0/stm32cubeide/plugins/com.st.stm32cube.ide.mcu.externaltools.gnu-tools-for-stm32.10.3-2021.10.win32_1.0.100.202210260954/tools/bin/../lib/gcc/arm-none-eabi/10.3.1/../../../../arm-none-eabi/lib/thumb/v6-m/nofp\libc_nano.a
LOAD d:/stm32cubeide/stm32cubeide_1.11.0/stm32cubeide/plugins/com.st.stm32cube.ide.mcu.externaltools.gnu-tools-for-stm32.10.3-2021.10.win32_1.0.100.202210260954/tools/bin/../lib/gcc/arm-none-eabi/10.3.1/../../../../arm-none-eabi/lib/thumb/v6-m/nofp\libm.a
END GROUP
START GROUP
LOAD d:/stm32cubeide/stm32cubeide_1.11.0/stm32cubeide/plugins/com.st.stm32cube.ide.mcu.externaltools.gnu-tools-for-stm32.10.3-2021.10.win32_1.0.100.202210260954/tools/bin/../lib/gcc/arm-none-eabi/10.3.1/thumb/v6-m/nofp\libgcc.a
LOAD d:/stm32cubeide/stm32cubeide_1.11.0/stm32cubeide/plugins/com.st.stm32cube.ide.mcu.externaltools.gnu-tools-for-stm32.10.3-2021.10.win32_1.0.100.202210260954/tools/bin/../lib/gcc/arm-none-eabi/10.3.1/../../../../arm-none-eabi/lib/thumb/v6-m/nofp\libc_nano.a
END GROUP
START GROUP
LOAD d:/stm32cubeide/stm32cubeide_1.11.0/stm32cubeide/plugins/com.st.stm32cube.ide.mcu.externaltools.gnu-tools-for-stm32.10.3-2021.10.win32_1.0.100.202210260954/tools/bin/../lib/gcc/arm-none-eabi/10.3.1/thumb/v6-m/nofp\libgcc.a
LOAD d:/stm32cubeide/stm32cubeide_1.11.0/stm32cubeide/plugins/com.st.stm32cube.ide.mcu.externaltools.gnu-tools-for-stm32.10.3-2021.10.win32_1.0.100.202210260954/tools/bin/../lib/gcc/arm-none-eabi/10.3.1/../../../../arm-none-eabi/lib/thumb/v6-m/nofp\libc_nano.a
LOAD d:/stm32cubeide/stm32cubeide_1.11.0/stm32cubeide/plugins/com.st.stm32cube.ide.mcu.externaltools.gnu-tools-for-stm32.10.3-2021.10.win32_1.0.100.202210260954/tools/bin/../lib/gcc/arm-none-eabi/10.3.1/../../../../arm-none-eabi/lib/thumb/v6-m/nofp\libnosys.a
END GROUP
START GROUP
LOAD d:/stm32cubeide/stm32cubeide_1.11.0/stm32cubeide/plugins/com.st.stm32cube.ide.mcu.externaltools.gnu-tools-for-stm32.10.3-2021.10.win32_1.0.100.202210260954/tools/bin/../lib/gcc/arm-none-eabi/10.3.1/thumb/v6-m/nofp\libgcc.a
LOAD d:/stm32cubeide/stm32cubeide_1.11.0/stm32cubeide/plugins/com.st.stm32cube.ide.mcu.externaltools.gnu-tools-for-stm32.10.3-2021.10.win32_1.0.100.202210260954/tools/bin/../lib/gcc/arm-none-eabi/10.3.1/../../../../arm-none-eabi/lib/thumb/v6-m/nofp\libc_nano.a
LOAD d:/stm32cubeide/stm32cubeide_1.11.0/stm32cubeide/plugins/com.st.stm32cube.ide.mcu.externaltools.gnu-tools-for-stm32.10.3-2021.10.win32_1.0.100.202210260954/tools/bin/../lib/gcc/arm-none-eabi/10.3.1/../../../../arm-none-eabi/lib/thumb/v6-m/nofp\libnosys.a
END GROUP
LOAD d:/stm32cubeide/stm32cubeide_1.11.0/stm32cubeide/plugins/com.st.stm32cube.ide.mcu.externaltools.gnu-tools-for-stm32.10.3-2021.10.win32_1.0.100.202210260954/tools/bin/../lib/gcc/arm-none-eabi/10.3.1/thumb/v6-m/nofp/crtend.o
LOAD d:/stm32cubeide/stm32cubeide_1.11.0/stm32cubeide/plugins/com.st.stm32cube.ide.mcu.externaltools.gnu-tools-for-stm32.10.3-2021.10.win32_1.0.100.202210260954/tools/bin/../lib/gcc/arm-none-eabi/10.3.1/thumb/v6-m/nofp/crtn.o
                0x0000000020001800                _estack = (ORIGIN (RAM) + LENGTH (RAM))
                0x0000000000000200                _Min_Heap_Size = 0x200
                0x0000000000000400                _Min_Stack_Size = 0x400

.isr_vector     0x0000000008000000       0xc0
                0x0000000008000000                . = ALIGN (0x4)
 *(.isr_vector)
 .isr_vector    0x0000000008000000       0xc0 ./Core/Startup/startup_stm32f042c6tx.o
                0x0000000008000000                g_pfnVectors
                0x00000000080000c0                . = ALIGN (0x4)

.text           0x00000000080000c0     0x5670
                0x00000000080000c0                . = ALIGN (0x4)
 *(.text)
 .text          0x00000000080000c0       0x48 d:/stm32cubeide/stm32cubeide_1.11.0/stm32cubeide/plugins/com.st.stm32cube.ide.mcu.externaltools.gnu-tools-for-stm32.10.3-2021.10.win32_1.0.100.202210260954/tools/bin/../lib/gcc/arm-none-eabi/10.3.1/thumb/v6-m/nofp/crtbegin.o
 .text          0x0000000008000108      0x114 d:/stm32cubeide/stm32cubeide_1.11.0/stm32cubeide/plugins/com.st.stm32cube.ide.mcu.externaltools.gnu-tools-for-stm32.10.3-2021.10.win32_1.0.100.202210260954/tools/bin/../lib/gcc/arm-none-eabi/10.3.1/thumb/v6-m/nofp\libgcc.a(_udivsi3.o)
                0x0000000008000108                __aeabi_uidiv
                0x0000000008000108                __udivsi3
                0x0000000008000214                __aeabi_uidivmod
 .text          0x000000000800021c        0x4 d:/stm32cubeide/stm32cubeide_1.11.0/stm32cubeide/plugins/com.st.stm32cube.ide.mcu.externaltools.gnu-tools-for-stm32.10.3-2021.10.win32_1.0.100.202210260954/tools/bin/../lib/gcc/arm-none-eabi/10.3.1/thumb/v6-m/nofp\libgcc.a(_dvmd_tls.o)
                0x000000000800021c                __aeabi_idiv0
                0x000000000800021c                __aeabi_ldiv0
 *(.text*)
 .text.MX_CAN_Init
                0x0000000008000220       0x70 ./Core/Src/can.o
                0x0000000008000220                MX_CAN_Init
 .text.HAL_CAN_MspInit
                0x0000000008000290       0xac ./Core/Src/can.o
                0x0000000008000290                HAL_CAN_MspInit
 .text.CAN_Init
                0x000000000800033c       0xb4 ./Core/Src/can_config.o
                0x000000000800033c                CAN_Init
 .text.HAL_CAN_RxFifo0MsgPendingCallback
                0x00000000080003f0       0x2c ./Core/Src/can_config.o
                0x00000000080003f0                HAL_CAN_RxFifo0MsgPendingCallback
 .text.CAN_On_Receive
                0x000000000800041c       0x22 ./Core/Src/can_config.o
                0x000000000800041c                CAN_On_Receive
 .text.CAN_Receive
                0x000000000800043e       0x28 ./Core/Src/can_config.o
                0x000000000800043e                CAN_Receive
 *fill*         0x0000000008000466        0x2 
 .text.CAN_Transmit
                0x0000000008000468       0x3c ./Core/Src/can_config.o
                0x0000000008000468                CAN_Transmit
 .text.CAN_Respond
                0x00000000080004a4       0x4c ./Core/Src/can_config.o
                0x00000000080004a4                CAN_Respond
 .text.CAN_ProcessWriteCommand
                0x00000000080004f0       0x58 ./Core/Src/can_config.o
                0x00000000080004f0                CAN_ProcessWriteCommand
 .text.CAN_AcknowledgeWriteMessage
                0x0000000008000548       0x3c ./Core/Src/can_config.o
                0x0000000008000548                CAN_AcknowledgeWriteMessage
 .text.CANBUS_Error_Handler
                0x0000000008000584        0xe ./Core/Src/can_config.o
                0x0000000008000584                CANBUS_Error_Handler
 .text.Read_Var_1_Handler
                0x0000000008000592        0xa ./Core/Src/can_config.o
                0x0000000008000592                Read_Var_1_Handler
 .text.Write_Toggle_Green_LED_Handler
                0x000000000800059c       0x38 ./Core/Src/can_config.o
                0x000000000800059c                Write_Toggle_Green_LED_Handler
 .text.Print_Numbers_Handler
                0x00000000080005d4       0x38 ./Core/Src/can_config.o
                0x00000000080005d4                Print_Numbers_Handler
 .text.map_value_Handler
                0x000000000800060c       0x5c ./Core/Src/can_config.o
                0x000000000800060c                map_value_Handler
 .text.tc_value_Handler
                0x0000000008000668       0x5c ./Core/Src/can_config.o
                0x0000000008000668                tc_value_Handler
 .text.speed_value_Handler
                0x00000000080006c4       0x5c ./Core/Src/can_config.o
                0x00000000080006c4                speed_value_Handler
 .text.diff_value_Handler
                0x0000000008000720       0x5c ./Core/Src/can_config.o
                0x0000000008000720                diff_value_Handler
 .text.ts_value_Handler
                0x000000000800077c       0x5c ./Core/Src/can_config.o
                0x000000000800077c                ts_value_Handler
 .text.leng_value_Handler
                0x00000000080007d8       0x5c ./Core/Src/can_config.o
                0x00000000080007d8                leng_value_Handler
 .text.linv_value_Handler
                0x0000000008000834       0x5c ./Core/Src/can_config.o
                0x0000000008000834                linv_value_Handler
 .text.bat_value_Handler
                0x0000000008000890       0x5c ./Core/Src/can_config.o
                0x0000000008000890                bat_value_Handler
 .text.rinv_value_Handler
                0x00000000080008ec       0x5c ./Core/Src/can_config.o
                0x00000000080008ec                rinv_value_Handler
 .text.reng_value_Handler
                0x0000000008000948       0x5c ./Core/Src/can_config.o
                0x0000000008000948                reng_value_Handler
 .text.err_value_Handler
                0x00000000080009a4       0x5c ./Core/Src/can_config.o
                0x00000000080009a4                err_value_Handler
 .text.hv_value_Handler
                0x0000000008000a00       0x5c ./Core/Src/can_config.o
                0x0000000008000a00                hv_value_Handler
 .text.low_value_Handler
                0x0000000008000a5c       0x5c ./Core/Src/can_config.o
                0x0000000008000a5c                low_value_Handler
 .text.MX_GPIO_Init
                0x0000000008000ab8      0x144 ./Core/Src/gpio.o
                0x0000000008000ab8                MX_GPIO_Init
 .text.MX_I2C1_Init
                0x0000000008000bfc       0x80 ./Core/Src/i2c.o
                0x0000000008000bfc                MX_I2C1_Init
 .text.HAL_I2C_MspInit
                0x0000000008000c7c       0xac ./Core/Src/i2c.o
                0x0000000008000c7c                HAL_I2C_MspInit
 .text.HAL_GPIO_EXTI_Callback
                0x0000000008000d28       0xc0 ./Core/Src/main.o
                0x0000000008000d28                HAL_GPIO_EXTI_Callback
 .text.HAL_TIM_PeriodElapsedCallback
                0x0000000008000de8       0x38 ./Core/Src/main.o
                0x0000000008000de8                HAL_TIM_PeriodElapsedCallback
 .text.main     0x0000000008000e20       0x34 ./Core/Src/main.o
                0x0000000008000e20                main
 .text.SystemClock_Config
                0x0000000008000e54       0xba ./Core/Src/main.o
                0x0000000008000e54                SystemClock_Config
 .text.Error_Handler
                0x0000000008000f0e        0xa ./Core/Src/main.o
                0x0000000008000f0e                Error_Handler
 .text.HAL_MspInit
                0x0000000008000f18       0x48 ./Core/Src/stm32f0xx_hal_msp.o
                0x0000000008000f18                HAL_MspInit
 .text.NMI_Handler
                0x0000000008000f60        0x6 ./Core/Src/stm32f0xx_it.o
                0x0000000008000f60                NMI_Handler
 .text.HardFault_Handler
                0x0000000008000f66        0x6 ./Core/Src/stm32f0xx_it.o
                0x0000000008000f66                HardFault_Handler
 .text.SVC_Handler
                0x0000000008000f6c        0xa ./Core/Src/stm32f0xx_it.o
                0x0000000008000f6c                SVC_Handler
 .text.PendSV_Handler
                0x0000000008000f76        0xa ./Core/Src/stm32f0xx_it.o
                0x0000000008000f76                PendSV_Handler
 .text.SysTick_Handler
                0x0000000008000f80        0xe ./Core/Src/stm32f0xx_it.o
                0x0000000008000f80                SysTick_Handler
 .text.EXTI0_1_IRQHandler
                0x0000000008000f8e       0x16 ./Core/Src/stm32f0xx_it.o
                0x0000000008000f8e                EXTI0_1_IRQHandler
 .text.TIM14_IRQHandler
                0x0000000008000fa4       0x18 ./Core/Src/stm32f0xx_it.o
                0x0000000008000fa4                TIM14_IRQHandler
 .text.I2C1_IRQHandler
                0x0000000008000fbc       0x30 ./Core/Src/stm32f0xx_it.o
                0x0000000008000fbc                I2C1_IRQHandler
 .text.CEC_CAN_IRQHandler
                0x0000000008000fec       0x18 ./Core/Src/stm32f0xx_it.o
                0x0000000008000fec                CEC_CAN_IRQHandler
 .text.SystemInit
                0x0000000008001004        0xa ./Core/Src/system_stm32f0xx.o
                0x0000000008001004                SystemInit
 *fill*         0x000000000800100e        0x2 
 .text.MX_TIM14_Init
                0x0000000008001010       0x50 ./Core/Src/tim.o
                0x0000000008001010                MX_TIM14_Init
 .text.HAL_TIM_Base_MspInit
                0x0000000008001060       0x50 ./Core/Src/tim.o
                0x0000000008001060                HAL_TIM_Base_MspInit
 .text.MX_USART1_UART_Init
                0x00000000080010b0       0x60 ./Core/Src/usart.o
                0x00000000080010b0                MX_USART1_UART_Init
 .text.HAL_UART_MspInit
                0x0000000008001110       0x9c ./Core/Src/usart.o
                0x0000000008001110                HAL_UART_MspInit
 .text.Reset_Handler
                0x00000000080011ac       0x80 ./Core/Startup/startup_stm32f042c6tx.o
                0x00000000080011ac                Reset_Handler
 .text.Default_Handler
                0x000000000800122c        0x2 ./Core/Startup/startup_stm32f042c6tx.o
                0x000000000800122c                TIM1_CC_IRQHandler
                0x000000000800122c                TSC_IRQHandler
                0x000000000800122c                RCC_CRS_IRQHandler
                0x000000000800122c                SPI1_IRQHandler
                0x000000000800122c                EXTI2_3_IRQHandler
                0x000000000800122c                ADC1_IRQHandler
                0x000000000800122c                TIM17_IRQHandler
                0x000000000800122c                RTC_IRQHandler
                0x000000000800122c                PVD_VDDIO2_IRQHandler
                0x000000000800122c                TIM16_IRQHandler
                0x000000000800122c                TIM3_IRQHandler
                0x000000000800122c                EXTI4_15_IRQHandler
                0x000000000800122c                DMA1_Channel1_IRQHandler
                0x000000000800122c                Default_Handler
                0x000000000800122c                DMA1_Channel4_5_IRQHandler
                0x000000000800122c                USB_IRQHandler
                0x000000000800122c                SPI2_IRQHandler
                0x000000000800122c                WWDG_IRQHandler
                0x000000000800122c                TIM2_IRQHandler
                0x000000000800122c                DMA1_Channel2_3_IRQHandler
                0x000000000800122c                USART2_IRQHandler
                0x000000000800122c                FLASH_IRQHandler
                0x000000000800122c                USART1_IRQHandler
                0x000000000800122c                TIM1_BRK_UP_TRG_COM_IRQHandler
 *fill*         0x000000000800122e        0x2 
 .text.HAL_Init
                0x0000000008001230       0x28 ./Drivers/STM32F0xx_HAL_Driver/Src/stm32f0xx_hal.o
                0x0000000008001230                HAL_Init
 .text.HAL_InitTick
                0x0000000008001258       0x68 ./Drivers/STM32F0xx_HAL_Driver/Src/stm32f0xx_hal.o
                0x0000000008001258                HAL_InitTick
 .text.HAL_IncTick
                0x00000000080012c0       0x24 ./Drivers/STM32F0xx_HAL_Driver/Src/stm32f0xx_hal.o
                0x00000000080012c0                HAL_IncTick
 .text.HAL_GetTick
                0x00000000080012e4       0x14 ./Drivers/STM32F0xx_HAL_Driver/Src/stm32f0xx_hal.o
                0x00000000080012e4                HAL_GetTick
 .text.HAL_CAN_Init
                0x00000000080012f8      0x1fc ./Drivers/STM32F0xx_HAL_Driver/Src/stm32f0xx_hal_can.o
                0x00000000080012f8                HAL_CAN_Init
 .text.HAL_CAN_ConfigFilter
                0x00000000080014f4      0x1e4 ./Drivers/STM32F0xx_HAL_Driver/Src/stm32f0xx_hal_can.o
                0x00000000080014f4                HAL_CAN_ConfigFilter
 .text.HAL_CAN_Start
                0x00000000080016d8       0x8c ./Drivers/STM32F0xx_HAL_Driver/Src/stm32f0xx_hal_can.o
                0x00000000080016d8                HAL_CAN_Start
 .text.HAL_CAN_AddTxMessage
                0x0000000008001764      0x1bc ./Drivers/STM32F0xx_HAL_Driver/Src/stm32f0xx_hal_can.o
                0x0000000008001764                HAL_CAN_AddTxMessage
 .text.HAL_CAN_GetRxMessage
                0x0000000008001920      0x238 ./Drivers/STM32F0xx_HAL_Driver/Src/stm32f0xx_hal_can.o
                0x0000000008001920                HAL_CAN_GetRxMessage
 .text.HAL_CAN_ActivateNotification
                0x0000000008001b58       0x54 ./Drivers/STM32F0xx_HAL_Driver/Src/stm32f0xx_hal_can.o
                0x0000000008001b58                HAL_CAN_ActivateNotification
 .text.HAL_CAN_IRQHandler
                0x0000000008001bac      0x368 ./Drivers/STM32F0xx_HAL_Driver/Src/stm32f0xx_hal_can.o
                0x0000000008001bac                HAL_CAN_IRQHandler
 .text.HAL_CAN_TxMailbox0CompleteCallback
                0x0000000008001f14       0x10 ./Drivers/STM32F0xx_HAL_Driver/Src/stm32f0xx_hal_can.o
                0x0000000008001f14                HAL_CAN_TxMailbox0CompleteCallback
 .text.HAL_CAN_TxMailbox1CompleteCallback
                0x0000000008001f24       0x10 ./Drivers/STM32F0xx_HAL_Driver/Src/stm32f0xx_hal_can.o
                0x0000000008001f24                HAL_CAN_TxMailbox1CompleteCallback
 .text.HAL_CAN_TxMailbox2CompleteCallback
                0x0000000008001f34       0x10 ./Drivers/STM32F0xx_HAL_Driver/Src/stm32f0xx_hal_can.o
                0x0000000008001f34                HAL_CAN_TxMailbox2CompleteCallback
 .text.HAL_CAN_TxMailbox0AbortCallback
                0x0000000008001f44       0x10 ./Drivers/STM32F0xx_HAL_Driver/Src/stm32f0xx_hal_can.o
                0x0000000008001f44                HAL_CAN_TxMailbox0AbortCallback
 .text.HAL_CAN_TxMailbox1AbortCallback
                0x0000000008001f54       0x10 ./Drivers/STM32F0xx_HAL_Driver/Src/stm32f0xx_hal_can.o
                0x0000000008001f54                HAL_CAN_TxMailbox1AbortCallback
 .text.HAL_CAN_TxMailbox2AbortCallback
                0x0000000008001f64       0x10 ./Drivers/STM32F0xx_HAL_Driver/Src/stm32f0xx_hal_can.o
                0x0000000008001f64                HAL_CAN_TxMailbox2AbortCallback
 .text.HAL_CAN_RxFifo0FullCallback
                0x0000000008001f74       0x10 ./Drivers/STM32F0xx_HAL_Driver/Src/stm32f0xx_hal_can.o
                0x0000000008001f74                HAL_CAN_RxFifo0FullCallback
 .text.HAL_CAN_RxFifo1MsgPendingCallback
                0x0000000008001f84       0x10 ./Drivers/STM32F0xx_HAL_Driver/Src/stm32f0xx_hal_can.o
                0x0000000008001f84                HAL_CAN_RxFifo1MsgPendingCallback
 .text.HAL_CAN_RxFifo1FullCallback
                0x0000000008001f94       0x10 ./Drivers/STM32F0xx_HAL_Driver/Src/stm32f0xx_hal_can.o
                0x0000000008001f94                HAL_CAN_RxFifo1FullCallback
 .text.HAL_CAN_SleepCallback
                0x0000000008001fa4       0x10 ./Drivers/STM32F0xx_HAL_Driver/Src/stm32f0xx_hal_can.o
                0x0000000008001fa4                HAL_CAN_SleepCallback
 .text.HAL_CAN_WakeUpFromRxMsgCallback
                0x0000000008001fb4       0x10 ./Drivers/STM32F0xx_HAL_Driver/Src/stm32f0xx_hal_can.o
                0x0000000008001fb4                HAL_CAN_WakeUpFromRxMsgCallback
 .text.HAL_CAN_ErrorCallback
                0x0000000008001fc4       0x10 ./Drivers/STM32F0xx_HAL_Driver/Src/stm32f0xx_hal_can.o
                0x0000000008001fc4                HAL_CAN_ErrorCallback
 .text.__NVIC_EnableIRQ
                0x0000000008001fd4       0x34 ./Drivers/STM32F0xx_HAL_Driver/Src/stm32f0xx_hal_cortex.o
 .text.__NVIC_SetPriority
                0x0000000008002008       0xdc ./Drivers/STM32F0xx_HAL_Driver/Src/stm32f0xx_hal_cortex.o
 .text.SysTick_Config
                0x00000000080020e4       0x48 ./Drivers/STM32F0xx_HAL_Driver/Src/stm32f0xx_hal_cortex.o
 .text.HAL_NVIC_SetPriority
                0x000000000800212c       0x2a ./Drivers/STM32F0xx_HAL_Driver/Src/stm32f0xx_hal_cortex.o
                0x000000000800212c                HAL_NVIC_SetPriority
 .text.HAL_NVIC_EnableIRQ
                0x0000000008002156       0x20 ./Drivers/STM32F0xx_HAL_Driver/Src/stm32f0xx_hal_cortex.o
                0x0000000008002156                HAL_NVIC_EnableIRQ
 .text.HAL_SYSTICK_Config
                0x0000000008002176       0x1a ./Drivers/STM32F0xx_HAL_Driver/Src/stm32f0xx_hal_cortex.o
                0x0000000008002176                HAL_SYSTICK_Config
 .text.HAL_DMA_Abort_IT
                0x0000000008002190       0x8a ./Drivers/STM32F0xx_HAL_Driver/Src/stm32f0xx_hal_dma.o
                0x0000000008002190                HAL_DMA_Abort_IT
 .text.HAL_DMA_GetState
                0x000000000800221a       0x18 ./Drivers/STM32F0xx_HAL_Driver/Src/stm32f0xx_hal_dma.o
                0x000000000800221a                HAL_DMA_GetState
 *fill*         0x0000000008002232        0x2 
 .text.HAL_GPIO_Init
                0x0000000008002234      0x2d0 ./Drivers/STM32F0xx_HAL_Driver/Src/stm32f0xx_hal_gpio.o
                0x0000000008002234                HAL_GPIO_Init
 .text.HAL_GPIO_WritePin
                0x0000000008002504       0x3a ./Drivers/STM32F0xx_HAL_Driver/Src/stm32f0xx_hal_gpio.o
                0x0000000008002504                HAL_GPIO_WritePin
 .text.HAL_GPIO_TogglePin
                0x000000000800253e       0x36 ./Drivers/STM32F0xx_HAL_Driver/Src/stm32f0xx_hal_gpio.o
                0x000000000800253e                HAL_GPIO_TogglePin
 .text.HAL_GPIO_EXTI_IRQHandler
                0x0000000008002574       0x38 ./Drivers/STM32F0xx_HAL_Driver/Src/stm32f0xx_hal_gpio.o
                0x0000000008002574                HAL_GPIO_EXTI_IRQHandler
 .text.HAL_I2C_Init
                0x00000000080025ac      0x12c ./Drivers/STM32F0xx_HAL_Driver/Src/stm32f0xx_hal_i2c.o
                0x00000000080025ac                HAL_I2C_Init
 .text.HAL_I2C_Master_Transmit_IT
                0x00000000080026d8       0xf8 ./Drivers/STM32F0xx_HAL_Driver/Src/stm32f0xx_hal_i2c.o
                0x00000000080026d8                HAL_I2C_Master_Transmit_IT
 .text.HAL_I2C_EV_IRQHandler
                0x00000000080027d0       0x34 ./Drivers/STM32F0xx_HAL_Driver/Src/stm32f0xx_hal_i2c.o
                0x00000000080027d0                HAL_I2C_EV_IRQHandler
 .text.HAL_I2C_ER_IRQHandler
                0x0000000008002804       0xc4 ./Drivers/STM32F0xx_HAL_Driver/Src/stm32f0xx_hal_i2c.o
                0x0000000008002804                HAL_I2C_ER_IRQHandler
 .text.HAL_I2C_MasterTxCpltCallback
                0x00000000080028c8       0x10 ./Drivers/STM32F0xx_HAL_Driver/Src/stm32f0xx_hal_i2c.o
                0x00000000080028c8                HAL_I2C_MasterTxCpltCallback
 .text.HAL_I2C_MasterRxCpltCallback
                0x00000000080028d8       0x10 ./Drivers/STM32F0xx_HAL_Driver/Src/stm32f0xx_hal_i2c.o
                0x00000000080028d8                HAL_I2C_MasterRxCpltCallback
 .text.HAL_I2C_SlaveTxCpltCallback
                0x00000000080028e8       0x10 ./Drivers/STM32F0xx_HAL_Driver/Src/stm32f0xx_hal_i2c.o
                0x00000000080028e8                HAL_I2C_SlaveTxCpltCallback
 .text.HAL_I2C_SlaveRxCpltCallback
                0x00000000080028f8       0x10 ./Drivers/STM32F0xx_HAL_Driver/Src/stm32f0xx_hal_i2c.o
                0x00000000080028f8                HAL_I2C_SlaveRxCpltCallback
 .text.HAL_I2C_AddrCallback
                0x0000000008002908       0x20 ./Drivers/STM32F0xx_HAL_Driver/Src/stm32f0xx_hal_i2c.o
                0x0000000008002908                HAL_I2C_AddrCallback
 .text.HAL_I2C_ListenCpltCallback
                0x0000000008002928       0x10 ./Drivers/STM32F0xx_HAL_Driver/Src/stm32f0xx_hal_i2c.o
                0x0000000008002928                HAL_I2C_ListenCpltCallback
 .text.HAL_I2C_MemTxCpltCallback
                0x0000000008002938       0x10 ./Drivers/STM32F0xx_HAL_Driver/Src/stm32f0xx_hal_i2c.o
                0x0000000008002938                HAL_I2C_MemTxCpltCallback
 .text.HAL_I2C_MemRxCpltCallback
                0x0000000008002948       0x10 ./Drivers/STM32F0xx_HAL_Driver/Src/stm32f0xx_hal_i2c.o
                0x0000000008002948                HAL_I2C_MemRxCpltCallback
 .text.HAL_I2C_ErrorCallback
                0x0000000008002958       0x10 ./Drivers/STM32F0xx_HAL_Driver/Src/stm32f0xx_hal_i2c.o
                0x0000000008002958                HAL_I2C_ErrorCallback
 .text.HAL_I2C_AbortCpltCallback
                0x0000000008002968       0x10 ./Drivers/STM32F0xx_HAL_Driver/Src/stm32f0xx_hal_i2c.o
                0x0000000008002968                HAL_I2C_AbortCpltCallback
 .text.I2C_Master_ISR_IT
                0x0000000008002978      0x284 ./Drivers/STM32F0xx_HAL_Driver/Src/stm32f0xx_hal_i2c.o
 .text.I2C_Slave_ISR_IT
                0x0000000008002bfc      0x228 ./Drivers/STM32F0xx_HAL_Driver/Src/stm32f0xx_hal_i2c.o
 .text.I2C_Master_ISR_DMA
                0x0000000008002e24      0x218 ./Drivers/STM32F0xx_HAL_Driver/Src/stm32f0xx_hal_i2c.o
 .text.I2C_Slave_ISR_DMA
                0x000000000800303c      0x1ec ./Drivers/STM32F0xx_HAL_Driver/Src/stm32f0xx_hal_i2c.o
 .text.I2C_ITAddrCplt
                0x0000000008003228      0x148 ./Drivers/STM32F0xx_HAL_Driver/Src/stm32f0xx_hal_i2c.o
 .text.I2C_ITMasterSeqCplt
                0x0000000008003370       0x82 ./Drivers/STM32F0xx_HAL_Driver/Src/stm32f0xx_hal_i2c.o
 *fill*         0x00000000080033f2        0x2 
 .text.I2C_ITSlaveSeqCplt
                0x00000000080033f4       0xcc ./Drivers/STM32F0xx_HAL_Driver/Src/stm32f0xx_hal_i2c.o
 .text.I2C_ITMasterCplt
                0x00000000080034c0      0x1a4 ./Drivers/STM32F0xx_HAL_Driver/Src/stm32f0xx_hal_i2c.o
 .text.I2C_ITSlaveCplt
                0x0000000008003664      0x248 ./Drivers/STM32F0xx_HAL_Driver/Src/stm32f0xx_hal_i2c.o
 .text.I2C_ITListenCplt
                0x00000000080038ac       0xb4 ./Drivers/STM32F0xx_HAL_Driver/Src/stm32f0xx_hal_i2c.o
 .text.I2C_ITError
                0x0000000008003960      0x1c4 ./Drivers/STM32F0xx_HAL_Driver/Src/stm32f0xx_hal_i2c.o
 .text.I2C_TreatErrorCallback
                0x0000000008003b24       0x52 ./Drivers/STM32F0xx_HAL_Driver/Src/stm32f0xx_hal_i2c.o
 .text.I2C_Flush_TXDR
                0x0000000008003b76       0x44 ./Drivers/STM32F0xx_HAL_Driver/Src/stm32f0xx_hal_i2c.o
 .text.I2C_DMAAbort
                0x0000000008003bba       0x3e ./Drivers/STM32F0xx_HAL_Driver/Src/stm32f0xx_hal_i2c.o
 .text.I2C_TransferConfig
                0x0000000008003bf8       0x6c ./Drivers/STM32F0xx_HAL_Driver/Src/stm32f0xx_hal_i2c.o
 .text.I2C_Enable_IRQ
                0x0000000008003c64       0xd0 ./Drivers/STM32F0xx_HAL_Driver/Src/stm32f0xx_hal_i2c.o
 .text.I2C_Disable_IRQ
                0x0000000008003d34       0xc6 ./Drivers/STM32F0xx_HAL_Driver/Src/stm32f0xx_hal_i2c.o
 *fill*         0x0000000008003dfa        0x2 
 .text.HAL_I2CEx_ConfigAnalogFilter
                0x0000000008003dfc       0x98 ./Drivers/STM32F0xx_HAL_Driver/Src/stm32f0xx_hal_i2c_ex.o
                0x0000000008003dfc                HAL_I2CEx_ConfigAnalogFilter
 .text.HAL_I2CEx_ConfigDigitalFilter
                0x0000000008003e94       0x98 ./Drivers/STM32F0xx_HAL_Driver/Src/stm32f0xx_hal_i2c_ex.o
                0x0000000008003e94                HAL_I2CEx_ConfigDigitalFilter
 .text.HAL_RCC_OscConfig
                0x0000000008003f2c      0x70c ./Drivers/STM32F0xx_HAL_Driver/Src/stm32f0xx_hal_rcc.o
                0x0000000008003f2c                HAL_RCC_OscConfig
 .text.HAL_RCC_ClockConfig
                0x0000000008004638      0x1b4 ./Drivers/STM32F0xx_HAL_Driver/Src/stm32f0xx_hal_rcc.o
                0x0000000008004638                HAL_RCC_ClockConfig
 .text.HAL_RCC_GetSysClockFreq
                0x00000000080047ec      0x104 ./Drivers/STM32F0xx_HAL_Driver/Src/stm32f0xx_hal_rcc.o
                0x00000000080047ec                HAL_RCC_GetSysClockFreq
 .text.HAL_RCC_GetHCLKFreq
                0x00000000080048f0       0x14 ./Drivers/STM32F0xx_HAL_Driver/Src/stm32f0xx_hal_rcc.o
                0x00000000080048f0                HAL_RCC_GetHCLKFreq
 .text.HAL_RCC_GetPCLK1Freq
                0x0000000008004904       0x2c ./Drivers/STM32F0xx_HAL_Driver/Src/stm32f0xx_hal_rcc.o
                0x0000000008004904                HAL_RCC_GetPCLK1Freq
 .text.HAL_RCCEx_PeriphCLKConfig
                0x0000000008004930      0x1dc ./Drivers/STM32F0xx_HAL_Driver/Src/stm32f0xx_hal_rcc_ex.o
                0x0000000008004930                HAL_RCCEx_PeriphCLKConfig
 .text.HAL_TIM_Base_Init
                0x0000000008004b0c       0xa0 ./Drivers/STM32F0xx_HAL_Driver/Src/stm32f0xx_hal_tim.o
                0x0000000008004b0c                HAL_TIM_Base_Init
 .text.HAL_TIM_Base_Start_IT
                0x0000000008004bac       0x98 ./Drivers/STM32F0xx_HAL_Driver/Src/stm32f0xx_hal_tim.o
                0x0000000008004bac                HAL_TIM_Base_Start_IT
 .text.HAL_TIM_Base_Stop_IT
                0x0000000008004c44       0x5c ./Drivers/STM32F0xx_HAL_Driver/Src/stm32f0xx_hal_tim.o
                0x0000000008004c44                HAL_TIM_Base_Stop_IT
 .text.HAL_TIM_IRQHandler
                0x0000000008004ca0      0x22c ./Drivers/STM32F0xx_HAL_Driver/Src/stm32f0xx_hal_tim.o
                0x0000000008004ca0                HAL_TIM_IRQHandler
 .text.HAL_TIM_OC_DelayElapsedCallback
                0x0000000008004ecc       0x10 ./Drivers/STM32F0xx_HAL_Driver/Src/stm32f0xx_hal_tim.o
                0x0000000008004ecc                HAL_TIM_OC_DelayElapsedCallback
 .text.HAL_TIM_IC_CaptureCallback
                0x0000000008004edc       0x10 ./Drivers/STM32F0xx_HAL_Driver/Src/stm32f0xx_hal_tim.o
                0x0000000008004edc                HAL_TIM_IC_CaptureCallback
 .text.HAL_TIM_PWM_PulseFinishedCallback
                0x0000000008004eec       0x10 ./Drivers/STM32F0xx_HAL_Driver/Src/stm32f0xx_hal_tim.o
                0x0000000008004eec                HAL_TIM_PWM_PulseFinishedCallback
 .text.HAL_TIM_TriggerCallback
                0x0000000008004efc       0x10 ./Drivers/STM32F0xx_HAL_Driver/Src/stm32f0xx_hal_tim.o
                0x0000000008004efc                HAL_TIM_TriggerCallback
 .text.TIM_Base_SetConfig
                0x0000000008004f0c       0xec ./Drivers/STM32F0xx_HAL_Driver/Src/stm32f0xx_hal_tim.o
                0x0000000008004f0c                TIM_Base_SetConfig
 .text.HAL_TIMEx_CommutCallback
                0x0000000008004ff8       0x10 ./Drivers/STM32F0xx_HAL_Driver/Src/stm32f0xx_hal_tim_ex.o
                0x0000000008004ff8                HAL_TIMEx_CommutCallback
 .text.HAL_TIMEx_BreakCallback
                0x0000000008005008       0x10 ./Drivers/STM32F0xx_HAL_Driver/Src/stm32f0xx_hal_tim_ex.o
                0x0000000008005008                HAL_TIMEx_BreakCallback
 .text.HAL_UART_Init
                0x0000000008005018       0xa8 ./Drivers/STM32F0xx_HAL_Driver/Src/stm32f0xx_hal_uart.o
                0x0000000008005018                HAL_UART_Init
 .text.UART_SetConfig
                0x00000000080050c0      0x280 ./Drivers/STM32F0xx_HAL_Driver/Src/stm32f0xx_hal_uart.o
                0x00000000080050c0                UART_SetConfig
 .text.UART_AdvFeatureConfig
                0x0000000008005340      0x168 ./Drivers/STM32F0xx_HAL_Driver/Src/stm32f0xx_hal_uart.o
                0x0000000008005340                UART_AdvFeatureConfig
 .text.UART_CheckIdleState
                0x00000000080054a8       0x90 ./Drivers/STM32F0xx_HAL_Driver/Src/stm32f0xx_hal_uart.o
                0x00000000080054a8                UART_CheckIdleState
 .text.UART_WaitOnFlagUntilTimeout
                0x0000000008005538      0x188 ./Drivers/STM32F0xx_HAL_Driver/Src/stm32f0xx_hal_uart.o
                0x0000000008005538                UART_WaitOnFlagUntilTimeout
 .text.__libc_init_array
                0x00000000080056c0       0x48 d:/stm32cubeide/stm32cubeide_1.11.0/stm32cubeide/plugins/com.st.stm32cube.ide.mcu.externaltools.gnu-tools-for-stm32.10.3-2021.10.win32_1.0.100.202210260954/tools/bin/../lib/gcc/arm-none-eabi/10.3.1/../../../../arm-none-eabi/lib/thumb/v6-m/nofp\libc_nano.a(lib_a-init.o)
                0x00000000080056c0                __libc_init_array
 .text.memset   0x0000000008005708       0x10 d:/stm32cubeide/stm32cubeide_1.11.0/stm32cubeide/plugins/com.st.stm32cube.ide.mcu.externaltools.gnu-tools-for-stm32.10.3-2021.10.win32_1.0.100.202210260954/tools/bin/../lib/gcc/arm-none-eabi/10.3.1/../../../../arm-none-eabi/lib/thumb/v6-m/nofp\libc_nano.a(lib_a-memset.o)
                0x0000000008005708                memset
 *(.glue_7)
 .glue_7        0x0000000008005718        0x0 linker stubs
 *(.glue_7t)
 .glue_7t       0x0000000008005718        0x0 linker stubs
 *(.eh_frame)
 .eh_frame      0x0000000008005718        0x0 d:/stm32cubeide/stm32cubeide_1.11.0/stm32cubeide/plugins/com.st.stm32cube.ide.mcu.externaltools.gnu-tools-for-stm32.10.3-2021.10.win32_1.0.100.202210260954/tools/bin/../lib/gcc/arm-none-eabi/10.3.1/thumb/v6-m/nofp/crtbegin.o
 *(.init)
 .init          0x0000000008005718        0x4 d:/stm32cubeide/stm32cubeide_1.11.0/stm32cubeide/plugins/com.st.stm32cube.ide.mcu.externaltools.gnu-tools-for-stm32.10.3-2021.10.win32_1.0.100.202210260954/tools/bin/../lib/gcc/arm-none-eabi/10.3.1/thumb/v6-m/nofp/crti.o
                0x0000000008005718                _init
 .init          0x000000000800571c        0x8 d:/stm32cubeide/stm32cubeide_1.11.0/stm32cubeide/plugins/com.st.stm32cube.ide.mcu.externaltools.gnu-tools-for-stm32.10.3-2021.10.win32_1.0.100.202210260954/tools/bin/../lib/gcc/arm-none-eabi/10.3.1/thumb/v6-m/nofp/crtn.o
 *(.fini)
 .fini          0x0000000008005724        0x4 d:/stm32cubeide/stm32cubeide_1.11.0/stm32cubeide/plugins/com.st.stm32cube.ide.mcu.externaltools.gnu-tools-for-stm32.10.3-2021.10.win32_1.0.100.202210260954/tools/bin/../lib/gcc/arm-none-eabi/10.3.1/thumb/v6-m/nofp/crti.o
                0x0000000008005724                _fini
 .fini          0x0000000008005728        0x8 d:/stm32cubeide/stm32cubeide_1.11.0/stm32cubeide/plugins/com.st.stm32cube.ide.mcu.externaltools.gnu-tools-for-stm32.10.3-2021.10.win32_1.0.100.202210260954/tools/bin/../lib/gcc/arm-none-eabi/10.3.1/thumb/v6-m/nofp/crtn.o
                0x0000000008005730                . = ALIGN (0x4)
                0x0000000008005730                _etext = .

.vfp11_veneer   0x0000000008005730        0x0
 .vfp11_veneer  0x0000000008005730        0x0 linker stubs

.v4_bx          0x0000000008005730        0x0
 .v4_bx         0x0000000008005730        0x0 linker stubs

.iplt           0x0000000008005730        0x0
 .iplt          0x0000000008005730        0x0 d:/stm32cubeide/stm32cubeide_1.11.0/stm32cubeide/plugins/com.st.stm32cube.ide.mcu.externaltools.gnu-tools-for-stm32.10.3-2021.10.win32_1.0.100.202210260954/tools/bin/../lib/gcc/arm-none-eabi/10.3.1/thumb/v6-m/nofp/crtbegin.o

.rodata         0x0000000008005730       0x38
                0x0000000008005730                . = ALIGN (0x4)
 *(.rodata)
 .rodata        0x0000000008005730       0x20 ./Drivers/STM32F0xx_HAL_Driver/Src/stm32f0xx_hal_rcc.o
 *(.rodata*)
 .rodata.AHBPrescTable
                0x0000000008005750       0x10 ./Core/Src/system_stm32f0xx.o
                0x0000000008005750                AHBPrescTable
 .rodata.APBPrescTable
                0x0000000008005760        0x8 ./Core/Src/system_stm32f0xx.o
                0x0000000008005760                APBPrescTable
                0x0000000008005768                . = ALIGN (0x4)

.rel.dyn        0x0000000008005768        0x0
 .rel.iplt      0x0000000008005768        0x0 d:/stm32cubeide/stm32cubeide_1.11.0/stm32cubeide/plugins/com.st.stm32cube.ide.mcu.externaltools.gnu-tools-for-stm32.10.3-2021.10.win32_1.0.100.202210260954/tools/bin/../lib/gcc/arm-none-eabi/10.3.1/thumb/v6-m/nofp/crtbegin.o

.ARM.extab      0x0000000008005768        0x0
                0x0000000008005768                . = ALIGN (0x4)
 *(.ARM.extab* .gnu.linkonce.armextab.*)
                0x0000000008005768                . = ALIGN (0x4)

.ARM            0x0000000008005768        0x0
                0x0000000008005768                . = ALIGN (0x4)
                0x0000000008005768                __exidx_start = .
 *(.ARM.exidx*)
                0x0000000008005768                __exidx_end = .
                0x0000000008005768                . = ALIGN (0x4)

.preinit_array  0x0000000008005768        0x0
                0x0000000008005768                . = ALIGN (0x4)
                0x0000000008005768                PROVIDE (__preinit_array_start = .)
 *(.preinit_array*)
                0x0000000008005768                PROVIDE (__preinit_array_end = .)
                0x0000000008005768                . = ALIGN (0x4)

.init_array     0x0000000008005768        0x4
                0x0000000008005768                . = ALIGN (0x4)
                0x0000000008005768                PROVIDE (__init_array_start = .)
 *(SORT_BY_NAME(.init_array.*))
 *(.init_array*)
 .init_array    0x0000000008005768        0x4 d:/stm32cubeide/stm32cubeide_1.11.0/stm32cubeide/plugins/com.st.stm32cube.ide.mcu.externaltools.gnu-tools-for-stm32.10.3-2021.10.win32_1.0.100.202210260954/tools/bin/../lib/gcc/arm-none-eabi/10.3.1/thumb/v6-m/nofp/crtbegin.o
                0x000000000800576c                PROVIDE (__init_array_end = .)
                0x000000000800576c                . = ALIGN (0x4)

.fini_array     0x000000000800576c        0x4
                0x000000000800576c                . = ALIGN (0x4)
                [!provide]                        PROVIDE (__fini_array_start = .)
 *(SORT_BY_NAME(.fini_array.*))
 *(.fini_array*)
 .fini_array    0x000000000800576c        0x4 d:/stm32cubeide/stm32cubeide_1.11.0/stm32cubeide/plugins/com.st.stm32cube.ide.mcu.externaltools.gnu-tools-for-stm32.10.3-2021.10.win32_1.0.100.202210260954/tools/bin/../lib/gcc/arm-none-eabi/10.3.1/thumb/v6-m/nofp/crtbegin.o
                [!provide]                        PROVIDE (__fini_array_end = .)
                0x0000000008005770                . = ALIGN (0x4)
                0x0000000008005770                _sidata = LOADADDR (.data)

.data           0x0000000020000000      0x130 load address 0x0000000008005770
                0x0000000020000000                . = ALIGN (0x4)
                0x0000000020000000                _sdata = .
 *(.data)
 *(.data*)
 .data.CANsize  0x0000000020000000        0x2 ./Core/Src/can_config.o
                0x0000000020000000                CANsize
 *fill*         0x0000000020000002        0x2 
 .data.ResponseMessage
                0x0000000020000004       0x30 ./Core/Src/can_config.o
                0x0000000020000004                ResponseMessage
 .data.WriteMessage
                0x0000000020000034       0xf0 ./Core/Src/can_config.o
                0x0000000020000034                WriteMessage
 .data.SystemCoreClock
                0x0000000020000124        0x4 ./Core/Src/system_stm32f0xx.o
                0x0000000020000124                SystemCoreClock
 .data.uwTickPrio
                0x0000000020000128        0x4 ./Drivers/STM32F0xx_HAL_Driver/Src/stm32f0xx_hal.o
                0x0000000020000128                uwTickPrio
 .data.uwTickFreq
                0x000000002000012c        0x1 ./Drivers/STM32F0xx_HAL_Driver/Src/stm32f0xx_hal.o
                0x000000002000012c                uwTickFreq
 *(.RamFunc)
 *(.RamFunc*)
                0x0000000020000130                . = ALIGN (0x4)
 *fill*         0x000000002000012d        0x3 
                0x0000000020000130                _edata = .

.igot.plt       0x0000000020000130        0x0 load address 0x00000000080058a0
 .igot.plt      0x0000000020000130        0x0 d:/stm32cubeide/stm32cubeide_1.11.0/stm32cubeide/plugins/com.st.stm32cube.ide.mcu.externaltools.gnu-tools-for-stm32.10.3-2021.10.win32_1.0.100.202210260954/tools/bin/../lib/gcc/arm-none-eabi/10.3.1/thumb/v6-m/nofp/crtbegin.o
                0x0000000020000130                . = ALIGN (0x4)

.bss            0x0000000020000130      0x1e8 load address 0x00000000080058a0
                0x0000000020000130                _sbss = .
                0x0000000020000130                __bss_start__ = _sbss
 *(.bss)
 .bss           0x0000000020000130       0x1c d:/stm32cubeide/stm32cubeide_1.11.0/stm32cubeide/plugins/com.st.stm32cube.ide.mcu.externaltools.gnu-tools-for-stm32.10.3-2021.10.win32_1.0.100.202210260954/tools/bin/../lib/gcc/arm-none-eabi/10.3.1/thumb/v6-m/nofp/crtbegin.o
 *(.bss*)
 .bss.hcan      0x000000002000014c       0x28 ./Core/Src/can.o
                0x000000002000014c                hcan
 .bss.sFilterConfig
                0x0000000020000174       0x28 ./Core/Src/can_config.o
                0x0000000020000174                sFilterConfig
 .bss.TxHeader  0x000000002000019c       0x18 ./Core/Src/can_config.o
                0x000000002000019c                TxHeader
 .bss.RxHeader  0x00000000200001b4       0x1c ./Core/Src/can_config.o
                0x00000000200001b4                RxHeader
 .bss.TxData    0x00000000200001d0        0x8 ./Core/Src/can_config.o
                0x00000000200001d0                TxData
 .bss.RxData    0x00000000200001d8        0x8 ./Core/Src/can_config.o
                0x00000000200001d8                RxData
 .bss.TxMailbox
                0x00000000200001e0        0x4 ./Core/Src/can_config.o
                0x00000000200001e0                TxMailbox
 .bss.Write_Green_LED_State
                0x00000000200001e4        0x1 ./Core/Src/can_config.o
                0x00000000200001e4                Write_Green_LED_State
 .bss.Print_Numbers_State
                0x00000000200001e5        0x1 ./Core/Src/can_config.o
                0x00000000200001e5                Print_Numbers_State
 .bss.can_map_value
                0x00000000200001e6        0x1 ./Core/Src/can_config.o
                0x00000000200001e6                can_map_value
 .bss.can_tc_value
                0x00000000200001e7        0x1 ./Core/Src/can_config.o
                0x00000000200001e7                can_tc_value
 .bss.can_speed_value
                0x00000000200001e8        0x1 ./Core/Src/can_config.o
                0x00000000200001e8                can_speed_value
 .bss.can_diff_value
                0x00000000200001e9        0x1 ./Core/Src/can_config.o
                0x00000000200001e9                can_diff_value
 .bss.can_ts_value
                0x00000000200001ea        0x1 ./Core/Src/can_config.o
                0x00000000200001ea                can_ts_value
 .bss.can_leng_value
                0x00000000200001eb        0x1 ./Core/Src/can_config.o
                0x00000000200001eb                can_leng_value
 .bss.can_linv_value
                0x00000000200001ec        0x1 ./Core/Src/can_config.o
                0x00000000200001ec                can_linv_value
 .bss.can_bat_value
                0x00000000200001ed        0x1 ./Core/Src/can_config.o
                0x00000000200001ed                can_bat_value
 .bss.can_rinv_value
                0x00000000200001ee        0x1 ./Core/Src/can_config.o
                0x00000000200001ee                can_rinv_value
 .bss.can_reng_value
                0x00000000200001ef        0x1 ./Core/Src/can_config.o
                0x00000000200001ef                can_reng_value
 .bss.can_err_value
                0x00000000200001f0        0x1 ./Core/Src/can_config.o
                0x00000000200001f0                can_err_value
 .bss.can_hv_value
                0x00000000200001f1        0x1 ./Core/Src/can_config.o
                0x00000000200001f1                can_hv_value
 .bss.can_low_value
                0x00000000200001f2        0x1 ./Core/Src/can_config.o
                0x00000000200001f2                can_low_value
 *fill*         0x00000000200001f3        0x1 
 .bss.CANdata   0x00000000200001f4        0x2 ./Core/Src/can_config.o
                0x00000000200001f4                CANdata
 *fill*         0x00000000200001f6        0x2 
 .bss.hi2c1     0x00000000200001f8       0x4c ./Core/Src/i2c.o
                0x00000000200001f8                hi2c1
 .bss.var       0x0000000020000244        0x1 ./Core/Src/main.o
                0x0000000020000244                var
 .bss.print     0x0000000020000245        0x1 ./Core/Src/main.o
                0x0000000020000245                print
 .bss.key_lock  0x0000000020000246        0x1 ./Core/Src/main.o
                0x0000000020000246                key_lock
 *fill*         0x0000000020000247        0x1 
 .bss.htim14    0x0000000020000248       0x48 ./Core/Src/tim.o
                0x0000000020000248                htim14
 .bss.huart1    0x0000000020000290       0x84 ./Core/Src/usart.o
                0x0000000020000290                huart1
 .bss.uwTick    0x0000000020000314        0x4 ./Drivers/STM32F0xx_HAL_Driver/Src/stm32f0xx_hal.o
                0x0000000020000314                uwTick
 *(COMMON)
                0x0000000020000318                . = ALIGN (0x4)
                0x0000000020000318                _ebss = .
                0x0000000020000318                __bss_end__ = _ebss

._user_heap_stack
                0x0000000020000318      0x600 load address 0x00000000080058a0
                0x0000000020000318                . = ALIGN (0x8)
                [!provide]                        PROVIDE (end = .)
                0x0000000020000318                PROVIDE (_end = .)
                0x0000000020000518                . = (. + _Min_Heap_Size)
 *fill*         0x0000000020000318      0x200 
                0x0000000020000918                . = (. + _Min_Stack_Size)
 *fill*         0x0000000020000518      0x400 
                0x0000000020000918                . = ALIGN (0x8)

/DISCARD/
 libc.a(*)
 libm.a(*)
 libgcc.a(*)

.ARM.attributes
                0x0000000000000000       0x28
 *(.ARM.attributes)
 .ARM.attributes
                0x0000000000000000       0x1e d:/stm32cubeide/stm32cubeide_1.11.0/stm32cubeide/plugins/com.st.stm32cube.ide.mcu.externaltools.gnu-tools-for-stm32.10.3-2021.10.win32_1.0.100.202210260954/tools/bin/../lib/gcc/arm-none-eabi/10.3.1/thumb/v6-m/nofp/crti.o
 .ARM.attributes
                0x000000000000001e       0x2c d:/stm32cubeide/stm32cubeide_1.11.0/stm32cubeide/plugins/com.st.stm32cube.ide.mcu.externaltools.gnu-tools-for-stm32.10.3-2021.10.win32_1.0.100.202210260954/tools/bin/../lib/gcc/arm-none-eabi/10.3.1/thumb/v6-m/nofp/crtbegin.o
 .ARM.attributes
                0x000000000000004a       0x2c ./Core/Src/can.o
 .ARM.attributes
                0x0000000000000076       0x2c ./Core/Src/can_config.o
 .ARM.attributes
                0x00000000000000a2       0x2c ./Core/Src/gpio.o
 .ARM.attributes
                0x00000000000000ce       0x2c ./Core/Src/i2c.o
 .ARM.attributes
                0x00000000000000fa       0x2c ./Core/Src/main.o
 .ARM.attributes
                0x0000000000000126       0x2c ./Core/Src/stm32f0xx_hal_msp.o
 .ARM.attributes
                0x0000000000000152       0x2c ./Core/Src/stm32f0xx_it.o
 .ARM.attributes
                0x000000000000017e       0x2c ./Core/Src/system_stm32f0xx.o
 .ARM.attributes
                0x00000000000001aa       0x2c ./Core/Src/tim.o
 .ARM.attributes
                0x00000000000001d6       0x2c ./Core/Src/usart.o
 .ARM.attributes
                0x0000000000000202       0x21 ./Core/Startup/startup_stm32f042c6tx.o
 .ARM.attributes
                0x0000000000000223       0x2c ./Drivers/STM32F0xx_HAL_Driver/Src/stm32f0xx_hal.o
 .ARM.attributes
                0x000000000000024f       0x2c ./Drivers/STM32F0xx_HAL_Driver/Src/stm32f0xx_hal_can.o
 .ARM.attributes
                0x000000000000027b       0x2c ./Drivers/STM32F0xx_HAL_Driver/Src/stm32f0xx_hal_cortex.o
 .ARM.attributes
                0x00000000000002a7       0x2c ./Drivers/STM32F0xx_HAL_Driver/Src/stm32f0xx_hal_dma.o
 .ARM.attributes
                0x00000000000002d3       0x2c ./Drivers/STM32F0xx_HAL_Driver/Src/stm32f0xx_hal_gpio.o
 .ARM.attributes
                0x00000000000002ff       0x2c ./Drivers/STM32F0xx_HAL_Driver/Src/stm32f0xx_hal_i2c.o
 .ARM.attributes
                0x000000000000032b       0x2c ./Drivers/STM32F0xx_HAL_Driver/Src/stm32f0xx_hal_i2c_ex.o
 .ARM.attributes
                0x0000000000000357       0x2c ./Drivers/STM32F0xx_HAL_Driver/Src/stm32f0xx_hal_rcc.o
 .ARM.attributes
                0x0000000000000383       0x2c ./Drivers/STM32F0xx_HAL_Driver/Src/stm32f0xx_hal_rcc_ex.o
 .ARM.attributes
                0x00000000000003af       0x2c ./Drivers/STM32F0xx_HAL_Driver/Src/stm32f0xx_hal_tim.o
 .ARM.attributes
                0x00000000000003db       0x2c ./Drivers/STM32F0xx_HAL_Driver/Src/stm32f0xx_hal_tim_ex.o
 .ARM.attributes
                0x0000000000000407       0x2c ./Drivers/STM32F0xx_HAL_Driver/Src/stm32f0xx_hal_uart.o
 .ARM.attributes
                0x0000000000000433       0x2c d:/stm32cubeide/stm32cubeide_1.11.0/stm32cubeide/plugins/com.st.stm32cube.ide.mcu.externaltools.gnu-tools-for-stm32.10.3-2021.10.win32_1.0.100.202210260954/tools/bin/../lib/gcc/arm-none-eabi/10.3.1/../../../../arm-none-eabi/lib/thumb/v6-m/nofp\libc_nano.a(lib_a-init.o)
 .ARM.attributes
                0x000000000000045f       0x2c d:/stm32cubeide/stm32cubeide_1.11.0/stm32cubeide/plugins/com.st.stm32cube.ide.mcu.externaltools.gnu-tools-for-stm32.10.3-2021.10.win32_1.0.100.202210260954/tools/bin/../lib/gcc/arm-none-eabi/10.3.1/../../../../arm-none-eabi/lib/thumb/v6-m/nofp\libc_nano.a(lib_a-memset.o)
 .ARM.attributes
                0x000000000000048b       0x1e d:/stm32cubeide/stm32cubeide_1.11.0/stm32cubeide/plugins/com.st.stm32cube.ide.mcu.externaltools.gnu-tools-for-stm32.10.3-2021.10.win32_1.0.100.202210260954/tools/bin/../lib/gcc/arm-none-eabi/10.3.1/thumb/v6-m/nofp\libgcc.a(_udivsi3.o)
 .ARM.attributes
                0x00000000000004a9       0x1e d:/stm32cubeide/stm32cubeide_1.11.0/stm32cubeide/plugins/com.st.stm32cube.ide.mcu.externaltools.gnu-tools-for-stm32.10.3-2021.10.win32_1.0.100.202210260954/tools/bin/../lib/gcc/arm-none-eabi/10.3.1/thumb/v6-m/nofp\libgcc.a(_dvmd_tls.o)
 .ARM.attributes
                0x00000000000004c7       0x1e d:/stm32cubeide/stm32cubeide_1.11.0/stm32cubeide/plugins/com.st.stm32cube.ide.mcu.externaltools.gnu-tools-for-stm32.10.3-2021.10.win32_1.0.100.202210260954/tools/bin/../lib/gcc/arm-none-eabi/10.3.1/thumb/v6-m/nofp/crtn.o
OUTPUT(mcs_scrn_can_i2c_F0.elf elf32-littlearm)
LOAD linker stubs
LOAD d:/stm32cubeide/stm32cubeide_1.11.0/stm32cubeide/plugins/com.st.stm32cube.ide.mcu.externaltools.gnu-tools-for-stm32.10.3-2021.10.win32_1.0.100.202210260954/tools/bin/../lib/gcc/arm-none-eabi/10.3.1/../../../../arm-none-eabi/lib/thumb/v6-m/nofp\libc.a
LOAD d:/stm32cubeide/stm32cubeide_1.11.0/stm32cubeide/plugins/com.st.stm32cube.ide.mcu.externaltools.gnu-tools-for-stm32.10.3-2021.10.win32_1.0.100.202210260954/tools/bin/../lib/gcc/arm-none-eabi/10.3.1/../../../../arm-none-eabi/lib/thumb/v6-m/nofp\libm.a
LOAD d:/stm32cubeide/stm32cubeide_1.11.0/stm32cubeide/plugins/com.st.stm32cube.ide.mcu.externaltools.gnu-tools-for-stm32.10.3-2021.10.win32_1.0.100.202210260954/tools/bin/../lib/gcc/arm-none-eabi/10.3.1/thumb/v6-m/nofp\libgcc.a

.debug_info     0x0000000000000000    0x13d95
 .debug_info    0x0000000000000000      0x8e5 ./Core/Src/can.o
 .debug_info    0x00000000000008e5     0x1489 ./Core/Src/can_config.o
 .debug_info    0x0000000000001d6e      0x47d ./Core/Src/gpio.o
 .debug_info    0x00000000000021eb      0xa63 ./Core/Src/i2c.o
 .debug_info    0x0000000000002c4e      0xb89 ./Core/Src/main.o
 .debug_info    0x00000000000037d7      0x1b8 ./Core/Src/stm32f0xx_hal_msp.o
 .debug_info    0x000000000000398f      0xe57 ./Core/Src/stm32f0xx_it.o
 .debug_info    0x00000000000047e6      0x269 ./Core/Src/system_stm32f0xx.o
 .debug_info    0x0000000000004a4f      0x8ec ./Core/Src/tim.o
 .debug_info    0x000000000000533b      0x975 ./Core/Src/usart.o
 .debug_info    0x0000000000005cb0       0x22 ./Core/Startup/startup_stm32f042c6tx.o
 .debug_info    0x0000000000005cd2      0x6d3 ./Drivers/STM32F0xx_HAL_Driver/Src/stm32f0xx_hal.o
 .debug_info    0x00000000000063a5      0xf63 ./Drivers/STM32F0xx_HAL_Driver/Src/stm32f0xx_hal_can.o
 .debug_info    0x0000000000007308      0x705 ./Drivers/STM32F0xx_HAL_Driver/Src/stm32f0xx_hal_cortex.o
 .debug_info    0x0000000000007a0d      0x75c ./Drivers/STM32F0xx_HAL_Driver/Src/stm32f0xx_hal_dma.o
 .debug_info    0x0000000000008169      0x628 ./Drivers/STM32F0xx_HAL_Driver/Src/stm32f0xx_hal_gpio.o
 .debug_info    0x0000000000008791     0x2153 ./Drivers/STM32F0xx_HAL_Driver/Src/stm32f0xx_hal_i2c.o
 .debug_info    0x000000000000a8e4      0x8a4 ./Drivers/STM32F0xx_HAL_Driver/Src/stm32f0xx_hal_i2c_ex.o
 .debug_info    0x000000000000b188      0x8ac ./Drivers/STM32F0xx_HAL_Driver/Src/stm32f0xx_hal_rcc.o
 .debug_info    0x000000000000ba34      0x640 ./Drivers/STM32F0xx_HAL_Driver/Src/stm32f0xx_hal_rcc_ex.o
 .debug_info    0x000000000000c074     0x2b73 ./Drivers/STM32F0xx_HAL_Driver/Src/stm32f0xx_hal_tim.o
 .debug_info    0x000000000000ebe7     0x1598 ./Drivers/STM32F0xx_HAL_Driver/Src/stm32f0xx_hal_tim_ex.o
 .debug_info    0x000000000001017f     0x3c16 ./Drivers/STM32F0xx_HAL_Driver/Src/stm32f0xx_hal_uart.o

.debug_abbrev   0x0000000000000000     0x2c3b
 .debug_abbrev  0x0000000000000000      0x21f ./Core/Src/can.o
 .debug_abbrev  0x000000000000021f      0x287 ./Core/Src/can_config.o
 .debug_abbrev  0x00000000000004a6      0x164 ./Core/Src/gpio.o
 .debug_abbrev  0x000000000000060a      0x220 ./Core/Src/i2c.o
 .debug_abbrev  0x000000000000082a      0x27a ./Core/Src/main.o
 .debug_abbrev  0x0000000000000aa4       0xc2 ./Core/Src/stm32f0xx_hal_msp.o
 .debug_abbrev  0x0000000000000b66      0x1d1 ./Core/Src/stm32f0xx_it.o
 .debug_abbrev  0x0000000000000d37      0x116 ./Core/Src/system_stm32f0xx.o
 .debug_abbrev  0x0000000000000e4d      0x1e0 ./Core/Src/tim.o
 .debug_abbrev  0x000000000000102d      0x1e0 ./Core/Src/usart.o
 .debug_abbrev  0x000000000000120d       0x12 ./Core/Startup/startup_stm32f042c6tx.o
 .debug_abbrev  0x000000000000121f      0x23f ./Drivers/STM32F0xx_HAL_Driver/Src/stm32f0xx_hal.o
 .debug_abbrev  0x000000000000145e      0x1c5 ./Drivers/STM32F0xx_HAL_Driver/Src/stm32f0xx_hal_can.o
 .debug_abbrev  0x0000000000001623      0x283 ./Drivers/STM32F0xx_HAL_Driver/Src/stm32f0xx_hal_cortex.o
 .debug_abbrev  0x00000000000018a6      0x218 ./Drivers/STM32F0xx_HAL_Driver/Src/stm32f0xx_hal_dma.o
 .debug_abbrev  0x0000000000001abe      0x1bb ./Drivers/STM32F0xx_HAL_Driver/Src/stm32f0xx_hal_gpio.o
 .debug_abbrev  0x0000000000001c79      0x243 ./Drivers/STM32F0xx_HAL_Driver/Src/stm32f0xx_hal_i2c.o
 .debug_abbrev  0x0000000000001ebc      0x1b0 ./Drivers/STM32F0xx_HAL_Driver/Src/stm32f0xx_hal_i2c_ex.o
 .debug_abbrev  0x000000000000206c      0x283 ./Drivers/STM32F0xx_HAL_Driver/Src/stm32f0xx_hal_rcc.o
 .debug_abbrev  0x00000000000022ef      0x1d0 ./Drivers/STM32F0xx_HAL_Driver/Src/stm32f0xx_hal_rcc_ex.o
 .debug_abbrev  0x00000000000024bf      0x25d ./Drivers/STM32F0xx_HAL_Driver/Src/stm32f0xx_hal_tim.o
 .debug_abbrev  0x000000000000271c      0x265 ./Drivers/STM32F0xx_HAL_Driver/Src/stm32f0xx_hal_tim_ex.o
 .debug_abbrev  0x0000000000002981      0x2ba ./Drivers/STM32F0xx_HAL_Driver/Src/stm32f0xx_hal_uart.o

.debug_aranges  0x0000000000000000     0x11b0
 .debug_aranges
                0x0000000000000000       0x30 ./Core/Src/can.o
 .debug_aranges
                0x0000000000000030       0xe8 ./Core/Src/can_config.o
 .debug_aranges
                0x0000000000000118       0x20 ./Core/Src/gpio.o
 .debug_aranges
                0x0000000000000138       0x30 ./Core/Src/i2c.o
 .debug_aranges
                0x0000000000000168       0x40 ./Core/Src/main.o
 .debug_aranges
                0x00000000000001a8       0x20 ./Core/Src/stm32f0xx_hal_msp.o
 .debug_aranges
                0x00000000000001c8       0x60 ./Core/Src/stm32f0xx_it.o
 .debug_aranges
                0x0000000000000228       0x28 ./Core/Src/system_stm32f0xx.o
 .debug_aranges
                0x0000000000000250       0x30 ./Core/Src/tim.o
 .debug_aranges
                0x0000000000000280       0x30 ./Core/Src/usart.o
 .debug_aranges
                0x00000000000002b0       0x28 ./Core/Startup/startup_stm32f042c6tx.o
 .debug_aranges
                0x00000000000002d8       0xd0 ./Drivers/STM32F0xx_HAL_Driver/Src/stm32f0xx_hal.o
 .debug_aranges
                0x00000000000003a8      0x138 ./Drivers/STM32F0xx_HAL_Driver/Src/stm32f0xx_hal_can.o
 .debug_aranges
                0x00000000000004e0       0xc0 ./Drivers/STM32F0xx_HAL_Driver/Src/stm32f0xx_hal_cortex.o
 .debug_aranges
                0x00000000000005a0       0x88 ./Drivers/STM32F0xx_HAL_Driver/Src/stm32f0xx_hal_dma.o
 .debug_aranges
                0x0000000000000628       0x58 ./Drivers/STM32F0xx_HAL_Driver/Src/stm32f0xx_hal_gpio.o
 .debug_aranges
                0x0000000000000680      0x290 ./Drivers/STM32F0xx_HAL_Driver/Src/stm32f0xx_hal_i2c.o
 .debug_aranges
                0x0000000000000910       0x48 ./Drivers/STM32F0xx_HAL_Driver/Src/stm32f0xx_hal_i2c_ex.o
 .debug_aranges
                0x0000000000000958       0x80 ./Drivers/STM32F0xx_HAL_Driver/Src/stm32f0xx_hal_rcc.o
 .debug_aranges
                0x00000000000009d8       0x78 ./Drivers/STM32F0xx_HAL_Driver/Src/stm32f0xx_hal_rcc_ex.o
 .debug_aranges
                0x0000000000000a50      0x3d0 ./Drivers/STM32F0xx_HAL_Driver/Src/stm32f0xx_hal_tim.o
 .debug_aranges
                0x0000000000000e20      0x168 ./Drivers/STM32F0xx_HAL_Driver/Src/stm32f0xx_hal_tim_ex.o
 .debug_aranges
                0x0000000000000f88      0x228 ./Drivers/STM32F0xx_HAL_Driver/Src/stm32f0xx_hal_uart.o

.debug_ranges   0x0000000000000000     0x1078
 .debug_ranges  0x0000000000000000       0x20 ./Core/Src/can.o
 .debug_ranges  0x0000000000000020       0xd8 ./Core/Src/can_config.o
 .debug_ranges  0x00000000000000f8       0x10 ./Core/Src/gpio.o
 .debug_ranges  0x0000000000000108       0x20 ./Core/Src/i2c.o
 .debug_ranges  0x0000000000000128       0x30 ./Core/Src/main.o
 .debug_ranges  0x0000000000000158       0x10 ./Core/Src/stm32f0xx_hal_msp.o
 .debug_ranges  0x0000000000000168       0x50 ./Core/Src/stm32f0xx_it.o
 .debug_ranges  0x00000000000001b8       0x18 ./Core/Src/system_stm32f0xx.o
 .debug_ranges  0x00000000000001d0       0x20 ./Core/Src/tim.o
 .debug_ranges  0x00000000000001f0       0x20 ./Core/Src/usart.o
 .debug_ranges  0x0000000000000210       0x20 ./Core/Startup/startup_stm32f042c6tx.o
 .debug_ranges  0x0000000000000230       0xc0 ./Drivers/STM32F0xx_HAL_Driver/Src/stm32f0xx_hal.o
 .debug_ranges  0x00000000000002f0      0x128 ./Drivers/STM32F0xx_HAL_Driver/Src/stm32f0xx_hal_can.o
 .debug_ranges  0x0000000000000418       0xb0 ./Drivers/STM32F0xx_HAL_Driver/Src/stm32f0xx_hal_cortex.o
 .debug_ranges  0x00000000000004c8       0x78 ./Drivers/STM32F0xx_HAL_Driver/Src/stm32f0xx_hal_dma.o
 .debug_ranges  0x0000000000000540       0x48 ./Drivers/STM32F0xx_HAL_Driver/Src/stm32f0xx_hal_gpio.o
 .debug_ranges  0x0000000000000588      0x280 ./Drivers/STM32F0xx_HAL_Driver/Src/stm32f0xx_hal_i2c.o
 .debug_ranges  0x0000000000000808       0x38 ./Drivers/STM32F0xx_HAL_Driver/Src/stm32f0xx_hal_i2c_ex.o
 .debug_ranges  0x0000000000000840       0x70 ./Drivers/STM32F0xx_HAL_Driver/Src/stm32f0xx_hal_rcc.o
 .debug_ranges  0x00000000000008b0       0x68 ./Drivers/STM32F0xx_HAL_Driver/Src/stm32f0xx_hal_rcc_ex.o
 .debug_ranges  0x0000000000000918      0x3c0 ./Drivers/STM32F0xx_HAL_Driver/Src/stm32f0xx_hal_tim.o
 .debug_ranges  0x0000000000000cd8      0x158 ./Drivers/STM32F0xx_HAL_Driver/Src/stm32f0xx_hal_tim_ex.o
 .debug_ranges  0x0000000000000e30      0x248 ./Drivers/STM32F0xx_HAL_Driver/Src/stm32f0xx_hal_uart.o

.debug_macro    0x0000000000000000    0x19890
 .debug_macro   0x0000000000000000      0x1e5 ./Core/Src/can.o
 .debug_macro   0x00000000000001e5      0xa4e ./Core/Src/can.o
 .debug_macro   0x0000000000000c33      0x139 ./Core/Src/can.o
 .debug_macro   0x0000000000000d6c       0x2e ./Core/Src/can.o
 .debug_macro   0x0000000000000d9a       0x22 ./Core/Src/can.o
 .debug_macro   0x0000000000000dbc       0x22 ./Core/Src/can.o
 .debug_macro   0x0000000000000dde       0x8e ./Core/Src/can.o
 .debug_macro   0x0000000000000e6c       0x51 ./Core/Src/can.o
 .debug_macro   0x0000000000000ebd      0x103 ./Core/Src/can.o
 .debug_macro   0x0000000000000fc0       0x6a ./Core/Src/can.o
 .debug_macro   0x000000000000102a      0x1df ./Core/Src/can.o
 .debug_macro   0x0000000000001209       0x1c ./Core/Src/can.o
 .debug_macro   0x0000000000001225       0x22 ./Core/Src/can.o
 .debug_macro   0x0000000000001247       0xaf ./Core/Src/can.o
 .debug_macro   0x00000000000012f6      0x391 ./Core/Src/can.o
 .debug_macro   0x0000000000001687     0xf1ed ./Core/Src/can.o
 .debug_macro   0x0000000000010874       0x66 ./Core/Src/can.o
 .debug_macro   0x00000000000108da     0x34a6 ./Core/Src/can.o
 .debug_macro   0x0000000000013d80      0x174 ./Core/Src/can.o
 .debug_macro   0x0000000000013ef4       0x55 ./Core/Src/can.o
 .debug_macro   0x0000000000013f49      0x946 ./Core/Src/can.o
 .debug_macro   0x000000000001488f      0x46b ./Core/Src/can.o
 .debug_macro   0x0000000000014cfa      0x1af ./Core/Src/can.o
 .debug_macro   0x0000000000014ea9      0x130 ./Core/Src/can.o
 .debug_macro   0x0000000000014fd9      0x199 ./Core/Src/can.o
 .debug_macro   0x0000000000015172      0x1ed ./Core/Src/can.o
 .debug_macro   0x000000000001535f       0x34 ./Core/Src/can.o
 .debug_macro   0x0000000000015393       0x43 ./Core/Src/can.o
 .debug_macro   0x00000000000153d6       0x28 ./Core/Src/can.o
 .debug_macro   0x00000000000153fe      0x408 ./Core/Src/can.o
 .debug_macro   0x0000000000015806       0xb0 ./Core/Src/can.o
 .debug_macro   0x00000000000158b6      0x182 ./Core/Src/can.o
 .debug_macro   0x0000000000015a38      0x22c ./Core/Src/can.o
 .debug_macro   0x0000000000015c64       0x61 ./Core/Src/can.o
 .debug_macro   0x0000000000015cc5       0xa5 ./Core/Src/can.o
 .debug_macro   0x0000000000015d6a       0x4c ./Core/Src/can.o
 .debug_macro   0x0000000000015db6      0x15b ./Core/Src/can.o
 .debug_macro   0x0000000000015f11      0x8d8 ./Core/Src/can.o
 .debug_macro   0x00000000000167e9       0x28 ./Core/Src/can.o
 .debug_macro   0x0000000000016811      0x5a5 ./Core/Src/can.o
 .debug_macro   0x0000000000016db6       0x44 ./Core/Src/can.o
 .debug_macro   0x0000000000016dfa      0x12e ./Core/Src/can.o
 .debug_macro   0x0000000000016f28      0x100 ./Core/Src/can.o
 .debug_macro   0x0000000000017028      0x207 ./Core/Src/can_config.o
 .debug_macro   0x000000000001722f       0x22 ./Core/Src/can_config.o
 .debug_macro   0x0000000000017251       0x28 ./Core/Src/can_config.o
 .debug_macro   0x0000000000017279      0x1e5 ./Core/Src/gpio.o
 .debug_macro   0x000000000001745e      0x1e5 ./Core/Src/i2c.o
 .debug_macro   0x0000000000017643      0x22d ./Core/Src/main.o
 .debug_macro   0x0000000000017870      0x1db ./Core/Src/stm32f0xx_hal_msp.o
 .debug_macro   0x0000000000017a4b      0x1e5 ./Core/Src/stm32f0xx_it.o
 .debug_macro   0x0000000000017c30      0x1cc ./Core/Src/system_stm32f0xx.o
 .debug_macro   0x0000000000017dfc      0x1e5 ./Core/Src/tim.o
 .debug_macro   0x0000000000017fe1      0x1e5 ./Core/Src/usart.o
 .debug_macro   0x00000000000181c6      0x1f0 ./Drivers/STM32F0xx_HAL_Driver/Src/stm32f0xx_hal.o
 .debug_macro   0x00000000000183b6      0x1d4 ./Drivers/STM32F0xx_HAL_Driver/Src/stm32f0xx_hal_can.o
 .debug_macro   0x000000000001858a      0x1cc ./Drivers/STM32F0xx_HAL_Driver/Src/stm32f0xx_hal_cortex.o
 .debug_macro   0x0000000000018756      0x1cc ./Drivers/STM32F0xx_HAL_Driver/Src/stm32f0xx_hal_dma.o
 .debug_macro   0x0000000000018922      0x1d3 ./Drivers/STM32F0xx_HAL_Driver/Src/stm32f0xx_hal_gpio.o
 .debug_macro   0x0000000000018af5      0x291 ./Drivers/STM32F0xx_HAL_Driver/Src/stm32f0xx_hal_i2c.o
 .debug_macro   0x0000000000018d86      0x1cc ./Drivers/STM32F0xx_HAL_Driver/Src/stm32f0xx_hal_i2c_ex.o
 .debug_macro   0x0000000000018f52      0x1de ./Drivers/STM32F0xx_HAL_Driver/Src/stm32f0xx_hal_rcc.o
 .debug_macro   0x0000000000019130      0x1de ./Drivers/STM32F0xx_HAL_Driver/Src/stm32f0xx_hal_rcc_ex.o
 .debug_macro   0x000000000001930e      0x1cd ./Drivers/STM32F0xx_HAL_Driver/Src/stm32f0xx_hal_tim.o
 .debug_macro   0x00000000000194db      0x1cc ./Drivers/STM32F0xx_HAL_Driver/Src/stm32f0xx_hal_tim_ex.o
 .debug_macro   0x00000000000196a7      0x1e9 ./Drivers/STM32F0xx_HAL_Driver/Src/stm32f0xx_hal_uart.o

.debug_line     0x0000000000000000    0x15f66
 .debug_line    0x0000000000000000      0x78f ./Core/Src/can.o
 .debug_line    0x000000000000078f      0xb31 ./Core/Src/can_config.o
 .debug_line    0x00000000000012c0      0x757 ./Core/Src/gpio.o
 .debug_line    0x0000000000001a17      0x79e ./Core/Src/i2c.o
 .debug_line    0x00000000000021b5      0x877 ./Core/Src/main.o
 .debug_line    0x0000000000002a2c      0x71e ./Core/Src/stm32f0xx_hal_msp.o
 .debug_line    0x000000000000314a      0x7f6 ./Core/Src/stm32f0xx_it.o
 .debug_line    0x0000000000003940      0x7a6 ./Core/Src/system_stm32f0xx.o
 .debug_line    0x00000000000040e6      0x76c ./Core/Src/tim.o
 .debug_line    0x0000000000004852      0x78e ./Core/Src/usart.o
 .debug_line    0x0000000000004fe0       0x9b ./Core/Startup/startup_stm32f042c6tx.o
 .debug_line    0x000000000000507b      0x999 ./Drivers/STM32F0xx_HAL_Driver/Src/stm32f0xx_hal.o
 .debug_line    0x0000000000005a14     0x115d ./Drivers/STM32F0xx_HAL_Driver/Src/stm32f0xx_hal_can.o
 .debug_line    0x0000000000006b71      0xa45 ./Drivers/STM32F0xx_HAL_Driver/Src/stm32f0xx_hal_cortex.o
 .debug_line    0x00000000000075b6      0xcb5 ./Drivers/STM32F0xx_HAL_Driver/Src/stm32f0xx_hal_dma.o
 .debug_line    0x000000000000826b      0xb03 ./Drivers/STM32F0xx_HAL_Driver/Src/stm32f0xx_hal_gpio.o
 .debug_line    0x0000000000008d6e     0x32e9 ./Drivers/STM32F0xx_HAL_Driver/Src/stm32f0xx_hal_i2c.o
 .debug_line    0x000000000000c057      0x93c ./Drivers/STM32F0xx_HAL_Driver/Src/stm32f0xx_hal_i2c_ex.o
 .debug_line    0x000000000000c993      0xe27 ./Drivers/STM32F0xx_HAL_Driver/Src/stm32f0xx_hal_rcc.o
 .debug_line    0x000000000000d7ba      0xbd6 ./Drivers/STM32F0xx_HAL_Driver/Src/stm32f0xx_hal_rcc_ex.o
 .debug_line    0x000000000000e390     0x3614 ./Drivers/STM32F0xx_HAL_Driver/Src/stm32f0xx_hal_tim.o
 .debug_line    0x00000000000119a4     0x1906 ./Drivers/STM32F0xx_HAL_Driver/Src/stm32f0xx_hal_tim_ex.o
 .debug_line    0x00000000000132aa     0x2cbc ./Drivers/STM32F0xx_HAL_Driver/Src/stm32f0xx_hal_uart.o

.debug_str      0x0000000000000000    0x91e40
 .debug_str     0x0000000000000000    0x8cc32 ./Core/Src/can.o
                                      0x8cf62 (size before relaxing)
 .debug_str     0x000000000008cc32      0xcc7 ./Core/Src/can_config.o
                                      0x8da06 (size before relaxing)
 .debug_str     0x000000000008d8f9       0x68 ./Core/Src/gpio.o
                                      0x8cc52 (size before relaxing)
 .debug_str     0x000000000008d961       0x63 ./Core/Src/i2c.o
                                      0x8d177 (size before relaxing)
 .debug_str     0x000000000008d9c4      0x5be ./Core/Src/main.o
                                      0x8d352 (size before relaxing)
 .debug_str     0x000000000008df82       0x2c ./Core/Src/stm32f0xx_hal_msp.o
                                      0x8c9b6 (size before relaxing)
 .debug_str     0x000000000008dfae      0x134 ./Core/Src/stm32f0xx_it.o
                                      0x8d490 (size before relaxing)
 .debug_str     0x000000000008e0e2       0x8b ./Core/Src/system_stm32f0xx.o
                                      0x8c643 (size before relaxing)
 .debug_str     0x000000000008e16d       0x5f ./Core/Src/tim.o
                                      0x8d0e8 (size before relaxing)
 .debug_str     0x000000000008e1cc      0x233 ./Core/Src/usart.o
                                      0x8cee1 (size before relaxing)
 .debug_str     0x000000000008e3ff       0x36 ./Core/Startup/startup_stm32f042c6tx.o
                                         0x69 (size before relaxing)
 .debug_str     0x000000000008e435      0x384 ./Drivers/STM32F0xx_HAL_Driver/Src/stm32f0xx_hal.o
                                      0x8cbf2 (size before relaxing)
 .debug_str     0x000000000008e7b9      0x3bd ./Drivers/STM32F0xx_HAL_Driver/Src/stm32f0xx_hal_can.o
                                      0x8ce14 (size before relaxing)
 .debug_str     0x000000000008eb76      0x179 ./Drivers/STM32F0xx_HAL_Driver/Src/stm32f0xx_hal_cortex.o
                                      0x8c9e3 (size before relaxing)
 .debug_str     0x000000000008ecef      0x248 ./Drivers/STM32F0xx_HAL_Driver/Src/stm32f0xx_hal_dma.o
                                      0x8c9e9 (size before relaxing)
 .debug_str     0x000000000008ef37       0xc7 ./Drivers/STM32F0xx_HAL_Driver/Src/stm32f0xx_hal_gpio.o
                                      0x8c7e4 (size before relaxing)
 .debug_str     0x000000000008effe      0xd73 ./Drivers/STM32F0xx_HAL_Driver/Src/stm32f0xx_hal_i2c.o
                                      0x8d90a (size before relaxing)
 .debug_str     0x000000000008fd71       0xb8 ./Drivers/STM32F0xx_HAL_Driver/Src/stm32f0xx_hal_i2c_ex.o
                                      0x8cbb5 (size before relaxing)
 .debug_str     0x000000000008fe29      0x20f ./Drivers/STM32F0xx_HAL_Driver/Src/stm32f0xx_hal_rcc.o
                                      0x8ca8a (size before relaxing)
 .debug_str     0x0000000000090038      0x2af ./Drivers/STM32F0xx_HAL_Driver/Src/stm32f0xx_hal_rcc_ex.o
                                      0x8ca2d (size before relaxing)
 .debug_str     0x00000000000902e7      0xdf5 ./Drivers/STM32F0xx_HAL_Driver/Src/stm32f0xx_hal_tim.o
                                      0x8da49 (size before relaxing)
 .debug_str     0x00000000000910dc      0x503 ./Drivers/STM32F0xx_HAL_Driver/Src/stm32f0xx_hal_tim_ex.o
                                      0x8d265 (size before relaxing)
 .debug_str     0x00000000000915df      0x861 ./Drivers/STM32F0xx_HAL_Driver/Src/stm32f0xx_hal_uart.o
                                      0x8d37f (size before relaxing)

.comment        0x0000000000000000       0x50
 .comment       0x0000000000000000       0x50 ./Core/Src/can.o
                                         0x51 (size before relaxing)
 .comment       0x0000000000000050       0x51 ./Core/Src/can_config.o
 .comment       0x0000000000000050       0x51 ./Core/Src/gpio.o
 .comment       0x0000000000000050       0x51 ./Core/Src/i2c.o
 .comment       0x0000000000000050       0x51 ./Core/Src/main.o
 .comment       0x0000000000000050       0x51 ./Core/Src/stm32f0xx_hal_msp.o
 .comment       0x0000000000000050       0x51 ./Core/Src/stm32f0xx_it.o
 .comment       0x0000000000000050       0x51 ./Core/Src/system_stm32f0xx.o
 .comment       0x0000000000000050       0x51 ./Core/Src/tim.o
 .comment       0x0000000000000050       0x51 ./Core/Src/usart.o
 .comment       0x0000000000000050       0x51 ./Drivers/STM32F0xx_HAL_Driver/Src/stm32f0xx_hal.o
 .comment       0x0000000000000050       0x51 ./Drivers/STM32F0xx_HAL_Driver/Src/stm32f0xx_hal_can.o
 .comment       0x0000000000000050       0x51 ./Drivers/STM32F0xx_HAL_Driver/Src/stm32f0xx_hal_cortex.o
 .comment       0x0000000000000050       0x51 ./Drivers/STM32F0xx_HAL_Driver/Src/stm32f0xx_hal_dma.o
 .comment       0x0000000000000050       0x51 ./Drivers/STM32F0xx_HAL_Driver/Src/stm32f0xx_hal_gpio.o
 .comment       0x0000000000000050       0x51 ./Drivers/STM32F0xx_HAL_Driver/Src/stm32f0xx_hal_i2c.o
 .comment       0x0000000000000050       0x51 ./Drivers/STM32F0xx_HAL_Driver/Src/stm32f0xx_hal_i2c_ex.o
 .comment       0x0000000000000050       0x51 ./Drivers/STM32F0xx_HAL_Driver/Src/stm32f0xx_hal_rcc.o
 .comment       0x0000000000000050       0x51 ./Drivers/STM32F0xx_HAL_Driver/Src/stm32f0xx_hal_rcc_ex.o
 .comment       0x0000000000000050       0x51 ./Drivers/STM32F0xx_HAL_Driver/Src/stm32f0xx_hal_tim.o
 .comment       0x0000000000000050       0x51 ./Drivers/STM32F0xx_HAL_Driver/Src/stm32f0xx_hal_tim_ex.o
 .comment       0x0000000000000050       0x51 ./Drivers/STM32F0xx_HAL_Driver/Src/stm32f0xx_hal_uart.o

.debug_frame    0x0000000000000000     0x3ef8
 .debug_frame   0x0000000000000000       0x6c ./Core/Src/can.o
 .debug_frame   0x000000000000006c      0x308 ./Core/Src/can_config.o
 .debug_frame   0x0000000000000374       0x30 ./Core/Src/gpio.o
 .debug_frame   0x00000000000003a4       0x6c ./Core/Src/i2c.o
 .debug_frame   0x0000000000000410       0xac ./Core/Src/main.o
 .debug_frame   0x00000000000004bc       0x30 ./Core/Src/stm32f0xx_hal_msp.o
 .debug_frame   0x00000000000004ec      0x10c ./Core/Src/stm32f0xx_it.o
 .debug_frame   0x00000000000005f8       0x4c ./Core/Src/system_stm32f0xx.o
 .debug_frame   0x0000000000000644       0x6c ./Core/Src/tim.o
 .debug_frame   0x00000000000006b0       0x6c ./Core/Src/usart.o
 .debug_frame   0x000000000000071c      0x2a4 ./Drivers/STM32F0xx_HAL_Driver/Src/stm32f0xx_hal.o
 .debug_frame   0x00000000000009c0      0x490 ./Drivers/STM32F0xx_HAL_Driver/Src/stm32f0xx_hal_can.o
 .debug_frame   0x0000000000000e50      0x2a0 ./Drivers/STM32F0xx_HAL_Driver/Src/stm32f0xx_hal_cortex.o
 .debug_frame   0x00000000000010f0      0x1d0 ./Drivers/STM32F0xx_HAL_Driver/Src/stm32f0xx_hal_dma.o
 .debug_frame   0x00000000000012c0      0x110 ./Drivers/STM32F0xx_HAL_Driver/Src/stm32f0xx_hal_gpio.o
 .debug_frame   0x00000000000013d0      0xa24 ./Drivers/STM32F0xx_HAL_Driver/Src/stm32f0xx_hal_i2c.o
 .debug_frame   0x0000000000001df4       0xd0 ./Drivers/STM32F0xx_HAL_Driver/Src/stm32f0xx_hal_i2c_ex.o
 .debug_frame   0x0000000000001ec4      0x198 ./Drivers/STM32F0xx_HAL_Driver/Src/stm32f0xx_hal_rcc.o
 .debug_frame   0x000000000000205c      0x180 ./Drivers/STM32F0xx_HAL_Driver/Src/stm32f0xx_hal_rcc_ex.o
 .debug_frame   0x00000000000021dc      0xf00 ./Drivers/STM32F0xx_HAL_Driver/Src/stm32f0xx_hal_tim.o
 .debug_frame   0x00000000000030dc      0x560 ./Drivers/STM32F0xx_HAL_Driver/Src/stm32f0xx_hal_tim_ex.o
 .debug_frame   0x000000000000363c      0x850 ./Drivers/STM32F0xx_HAL_Driver/Src/stm32f0xx_hal_uart.o
 .debug_frame   0x0000000000003e8c       0x2c d:/stm32cubeide/stm32cubeide_1.11.0/stm32cubeide/plugins/com.st.stm32cube.ide.mcu.externaltools.gnu-tools-for-stm32.10.3-2021.10.win32_1.0.100.202210260954/tools/bin/../lib/gcc/arm-none-eabi/10.3.1/../../../../arm-none-eabi/lib/thumb/v6-m/nofp\libc_nano.a(lib_a-init.o)
 .debug_frame   0x0000000000003eb8       0x20 d:/stm32cubeide/stm32cubeide_1.11.0/stm32cubeide/plugins/com.st.stm32cube.ide.mcu.externaltools.gnu-tools-for-stm32.10.3-2021.10.win32_1.0.100.202210260954/tools/bin/../lib/gcc/arm-none-eabi/10.3.1/../../../../arm-none-eabi/lib/thumb/v6-m/nofp\libc_nano.a(lib_a-memset.o)
 .debug_frame   0x0000000000003ed8       0x20 d:/stm32cubeide/stm32cubeide_1.11.0/stm32cubeide/plugins/com.st.stm32cube.ide.mcu.externaltools.gnu-tools-for-stm32.10.3-2021.10.win32_1.0.100.202210260954/tools/bin/../lib/gcc/arm-none-eabi/10.3.1/thumb/v6-m/nofp\libgcc.a(_udivsi3.o)
