Archive member included to satisfy reference by file (symbol)

d:/stm32cubeide/stm32cubeide_1.11.0/stm32cubeide/plugins/com.st.stm32cube.ide.mcu.externaltools.gnu-tools-for-stm32.10.3-2021.10.win32_1.0.100.202210260954/tools/bin/../lib/gcc/arm-none-eabi/10.3.1/../../../../arm-none-eabi/lib/thumb/v6-m/nofp\libc_nano.a(lib_a-errno.o)
                              ./Core/Src/syscalls.o (__errno)
d:/stm32cubeide/stm32cubeide_1.11.0/stm32cubeide/plugins/com.st.stm32cube.ide.mcu.externaltools.gnu-tools-for-stm32.10.3-2021.10.win32_1.0.100.202210260954/tools/bin/../lib/gcc/arm-none-eabi/10.3.1/../../../../arm-none-eabi/lib/thumb/v6-m/nofp\libc_nano.a(lib_a-exit.o)
                              d:/stm32cubeide/stm32cubeide_1.11.0/stm32cubeide/plugins/com.st.stm32cube.ide.mcu.externaltools.gnu-tools-for-stm32.10.3-2021.10.win32_1.0.100.202210260954/tools/bin/../lib/gcc/arm-none-eabi/10.3.1/../../../../arm-none-eabi/lib/thumb/v6-m/nofp/crt0.o (exit)
d:/stm32cubeide/stm32cubeide_1.11.0/stm32cubeide/plugins/com.st.stm32cube.ide.mcu.externaltools.gnu-tools-for-stm32.10.3-2021.10.win32_1.0.100.202210260954/tools/bin/../lib/gcc/arm-none-eabi/10.3.1/../../../../arm-none-eabi/lib/thumb/v6-m/nofp\libc_nano.a(lib_a-impure.o)
                              d:/stm32cubeide/stm32cubeide_1.11.0/stm32cubeide/plugins/com.st.stm32cube.ide.mcu.externaltools.gnu-tools-for-stm32.10.3-2021.10.win32_1.0.100.202210260954/tools/bin/../lib/gcc/arm-none-eabi/10.3.1/../../../../arm-none-eabi/lib/thumb/v6-m/nofp\libc_nano.a(lib_a-exit.o) (_global_impure_ptr)
d:/stm32cubeide/stm32cubeide_1.11.0/stm32cubeide/plugins/com.st.stm32cube.ide.mcu.externaltools.gnu-tools-for-stm32.10.3-2021.10.win32_1.0.100.202210260954/tools/bin/../lib/gcc/arm-none-eabi/10.3.1/../../../../arm-none-eabi/lib/thumb/v6-m/nofp\libc_nano.a(lib_a-init.o)
                              d:/stm32cubeide/stm32cubeide_1.11.0/stm32cubeide/plugins/com.st.stm32cube.ide.mcu.externaltools.gnu-tools-for-stm32.10.3-2021.10.win32_1.0.100.202210260954/tools/bin/../lib/gcc/arm-none-eabi/10.3.1/../../../../arm-none-eabi/lib/thumb/v6-m/nofp/crt0.o (__libc_init_array)
d:/stm32cubeide/stm32cubeide_1.11.0/stm32cubeide/plugins/com.st.stm32cube.ide.mcu.externaltools.gnu-tools-for-stm32.10.3-2021.10.win32_1.0.100.202210260954/tools/bin/../lib/gcc/arm-none-eabi/10.3.1/../../../../arm-none-eabi/lib/thumb/v6-m/nofp\libc_nano.a(lib_a-memset.o)
                              d:/stm32cubeide/stm32cubeide_1.11.0/stm32cubeide/plugins/com.st.stm32cube.ide.mcu.externaltools.gnu-tools-for-stm32.10.3-2021.10.win32_1.0.100.202210260954/tools/bin/../lib/gcc/arm-none-eabi/10.3.1/../../../../arm-none-eabi/lib/thumb/v6-m/nofp/crt0.o (memset)
d:/stm32cubeide/stm32cubeide_1.11.0/stm32cubeide/plugins/com.st.stm32cube.ide.mcu.externaltools.gnu-tools-for-stm32.10.3-2021.10.win32_1.0.100.202210260954/tools/bin/../lib/gcc/arm-none-eabi/10.3.1/thumb/v6-m/nofp\libgcc.a(_udivsi3.o)
                              ./Core/Src/system_stm32f0xx.o (__aeabi_uidiv)
d:/stm32cubeide/stm32cubeide_1.11.0/stm32cubeide/plugins/com.st.stm32cube.ide.mcu.externaltools.gnu-tools-for-stm32.10.3-2021.10.win32_1.0.100.202210260954/tools/bin/../lib/gcc/arm-none-eabi/10.3.1/thumb/v6-m/nofp\libgcc.a(_dvmd_tls.o)
                              d:/stm32cubeide/stm32cubeide_1.11.0/stm32cubeide/plugins/com.st.stm32cube.ide.mcu.externaltools.gnu-tools-for-stm32.10.3-2021.10.win32_1.0.100.202210260954/tools/bin/../lib/gcc/arm-none-eabi/10.3.1/thumb/v6-m/nofp\libgcc.a(_udivsi3.o) (__aeabi_idiv0)

Discarded input sections

 .text          0x0000000000000000        0x0 d:/stm32cubeide/stm32cubeide_1.11.0/stm32cubeide/plugins/com.st.stm32cube.ide.mcu.externaltools.gnu-tools-for-stm32.10.3-2021.10.win32_1.0.100.202210260954/tools/bin/../lib/gcc/arm-none-eabi/10.3.1/thumb/v6-m/nofp/crti.o
 .data          0x0000000000000000        0x0 d:/stm32cubeide/stm32cubeide_1.11.0/stm32cubeide/plugins/com.st.stm32cube.ide.mcu.externaltools.gnu-tools-for-stm32.10.3-2021.10.win32_1.0.100.202210260954/tools/bin/../lib/gcc/arm-none-eabi/10.3.1/thumb/v6-m/nofp/crti.o
 .bss           0x0000000000000000        0x0 d:/stm32cubeide/stm32cubeide_1.11.0/stm32cubeide/plugins/com.st.stm32cube.ide.mcu.externaltools.gnu-tools-for-stm32.10.3-2021.10.win32_1.0.100.202210260954/tools/bin/../lib/gcc/arm-none-eabi/10.3.1/thumb/v6-m/nofp/crti.o
 .data          0x0000000000000000        0x4 d:/stm32cubeide/stm32cubeide_1.11.0/stm32cubeide/plugins/com.st.stm32cube.ide.mcu.externaltools.gnu-tools-for-stm32.10.3-2021.10.win32_1.0.100.202210260954/tools/bin/../lib/gcc/arm-none-eabi/10.3.1/thumb/v6-m/nofp/crtbegin.o
 .rodata        0x0000000000000000       0x24 d:/stm32cubeide/stm32cubeide_1.11.0/stm32cubeide/plugins/com.st.stm32cube.ide.mcu.externaltools.gnu-tools-for-stm32.10.3-2021.10.win32_1.0.100.202210260954/tools/bin/../lib/gcc/arm-none-eabi/10.3.1/thumb/v6-m/nofp/crtbegin.o
[...]
Memory Configuration

Name             Origin             Length             Attributes
RAM              0x0000000020000000 0x0000000000001800 xrw
FLASH            0x0000000008000000 0x0000000000008000 xr
*default*        0x0000000000000000 0xffffffffffffffff

Linker script and memory map

LOAD d:/stm32cubeide/stm32cubeide_1.11.0/stm32cubeide/plugins/com.st.stm32cube.ide.mcu.externaltools.gnu-tools-for-stm32.10.3-2021.10.win32_1.0.100.202210260954/tools/bin/../lib/gcc/arm-none-eabi/10.3.1/thumb/v6-m/nofp/crti.o
LOAD d:/stm32cubeide/stm32cubeide_1.11.0/stm32cubeide/plugins/com.st.stm32cube.ide.mcu.externaltools.gnu-tools-for-stm32.10.3-2021.10.win32_1.0.100.202210260954/tools/bin/../lib/gcc/arm-none-eabi/10.3.1/thumb/v6-m/nofp/crtbegin.o
LOAD d:/stm32cubeide/stm32cubeide_1.11.0/stm32cubeide/plugins/com.st.stm32cube.ide.mcu.externaltools.gnu-tools-for-stm32.10.3-2021.10.win32_1.0.100.202210260954/tools/bin/../lib/gcc/arm-none-eabi/10.3.1/../../../../arm-none-eabi/lib/thumb/v6-m/nofp/crt0.o
LOAD ./Core/Src/can.o
LOAD ./Core/Src/can_config.o
LOAD ./Core/Src/gpio.o
LOAD ./Core/Src/i2c.o
LOAD ./Core/Src/main.o
LOAD ./Core/Src/stm32f0xx_hal_msp.o
LOAD ./Core/Src/stm32f0xx_it.o
LOAD ./Core/Src/syscalls.o
LOAD ./Core/Src/sysmem.o
LOAD ./Core/Src/system_stm32f0xx.o
LOAD ./Core/Src/tim.o
LOAD ./Core/Src/usart.o
LOAD ./Core/Startup/startup_stm32f042c6tx.o
LOAD ./Drivers/STM32F0xx_HAL_Driver/Src/stm32f0xx_hal.o
LOAD ./Drivers/STM32F0xx_HAL_Driver/Src/stm32f0xx_hal_can.o
LOAD ./Drivers/STM32F0xx_HAL_Driver/Src/stm32f0xx_hal_cortex.o
LOAD ./Drivers/STM32F0xx_HAL_Driver/Src/stm32f0xx_hal_dma.o
LOAD ./Drivers/STM32F0xx_HAL_Driver/Src/stm32f0xx_hal_exti.o
LOAD ./Drivers/STM32F0xx_HAL_Driver/Src/stm32f0xx_hal_flash.o
LOAD ./Drivers/STM32F0xx_HAL_Driver/Src/stm32f0xx_hal_flash_ex.o
LOAD ./Drivers/STM32F0xx_HAL_Driver/Src/stm32f0xx_hal_gpio.o
LOAD ./Drivers/STM32F0xx_HAL_Driver/Src/stm32f0xx_hal_i2c.o
LOAD ./Drivers/STM32F0xx_HAL_Driver/Src/stm32f0xx_hal_i2c_ex.o
LOAD ./Drivers/STM32F0xx_HAL_Driver/Src/stm32f0xx_hal_pwr.o
LOAD ./Drivers/STM32F0xx_HAL_Driver/Src/stm32f0xx_hal_pwr_ex.o
LOAD ./Drivers/STM32F0xx_HAL_Driver/Src/stm32f0xx_hal_rcc.o
LOAD ./Drivers/STM32F0xx_HAL_Driver/Src/stm32f0xx_hal_rcc_ex.o
LOAD ./Drivers/STM32F0xx_HAL_Driver/Src/stm32f0xx_hal_tim.o
LOAD ./Drivers/STM32F0xx_HAL_Driver/Src/stm32f0xx_hal_tim_ex.o
LOAD ./Drivers/STM32F0xx_HAL_Driver/Src/stm32f0xx_hal_uart.o
LOAD ./Drivers/STM32F0xx_HAL_Driver/Src/stm32f0xx_hal_uart_ex.o
START GROUP
LOAD d:/stm32cubeide/stm32cubeide_1.11.0/stm32cubeide/plugins/com.st.stm32cube.ide.mcu.externaltools.gnu-tools-for-stm32.10.3-2021.10.win32_1.0.100.202210260954/tools/bin/../lib/gcc/arm-none-eabi/10.3.1/../../../../arm-none-eabi/lib/thumb/v6-m/nofp\libc_nano.a
LOAD d:/stm32cubeide/stm32cubeide_1.11.0/stm32cubeide/plugins/com.st.stm32cube.ide.mcu.externaltools.gnu-tools-for-stm32.10.3-2021.10.win32_1.0.100.202210260954/tools/bin/../lib/gcc/arm-none-eabi/10.3.1/../../../../arm-none-eabi/lib/thumb/v6-m/nofp\libm.a
END GROUP
START GROUP
LOAD d:/stm32cubeide/stm32cubeide_1.11.0/stm32cubeide/plugins/com.st.stm32cube.ide.mcu.externaltools.gnu-tools-for-stm32.10.3-2021.10.win32_1.0.100.202210260954/tools/bin/../lib/gcc/arm-none-eabi/10.3.1/thumb/v6-m/nofp\libgcc.a
LOAD d:/stm32cubeide/stm32cubeide_1.11.0/stm32cubeide/plugins/com.st.stm32cube.ide.mcu.externaltools.gnu-tools-for-stm32.10.3-2021.10.win32_1.0.100.202210260954/tools/bin/../lib/gcc/arm-none-eabi/10.3.1/../../../../arm-none-eabi/lib/thumb/v6-m/nofp\libc_nano.a
END GROUP
START GROUP
LOAD d:/stm32cubeide/stm32cubeide_1.11.0/stm32cubeide/plugins/com.st.stm32cube.ide.mcu.externaltools.gnu-tools-for-stm32.10.3-2021.10.win32_1.0.100.202210260954/tools/bin/../lib/gcc/arm-none-eabi/10.3.1/thumb/v6-m/nofp\libgcc.a
LOAD d:/stm32cubeide/stm32cubeide_1.11.0/stm32cubeide/plugins/com.st.stm32cube.ide.mcu.externaltools.gnu-tools-for-stm32.10.3-2021.10.win32_1.0.100.202210260954/tools/bin/../lib/gcc/arm-none-eabi/10.3.1/../../../../arm-none-eabi/lib/thumb/v6-m/nofp\libc_nano.a
LOAD d:/stm32cubeide/stm32cubeide_1.11.0/stm32cubeide/plugins/com.st.stm32cube.ide.mcu.externaltools.gnu-tools-for-stm32.10.3-2021.10.win32_1.0.100.202210260954/tools/bin/../lib/gcc/arm-none-eabi/10.3.1/../../../../arm-none-eabi/lib/thumb/v6-m/nofp\libnosys.a
END GROUP
START GROUP
LOAD d:/stm32cubeide/stm32cubeide_1.11.0/stm32cubeide/plugins/com.st.stm32cube.ide.mcu.externaltools.gnu-tools-for-stm32.10.3-2021.10.win32_1.0.100.202210260954/tools/bin/../lib/gcc/arm-none-eabi/10.3.1/thumb/v6-m/nofp\libgcc.a
LOAD d:/stm32cubeide/stm32cubeide_1.11.0/stm32cubeide/plugins/com.st.stm32cube.ide.mcu.externaltools.gnu-tools-for-stm32.10.3-2021.10.win32_1.0.100.202210260954/tools/bin/../lib/gcc/arm-none-eabi/10.3.1/../../../../arm-none-eabi/lib/thumb/v6-m/nofp\libc_nano.a
LOAD d:/stm32cubeide/stm32cubeide_1.11.0/stm32cubeide/plugins/com.st.stm32cube.ide.mcu.externaltools.gnu-tools-for-stm32.10.3-2021.10.win32_1.0.100.202210260954/tools/bin/../lib/gcc/arm-none-eabi/10.3.1/../../../../arm-none-eabi/lib/thumb/v6-m/nofp\libnosys.a
END GROUP
LOAD d:/stm32cubeide/stm32cubeide_1.11.0/stm32cubeide/plugins/com.st.stm32cube.ide.mcu.externaltools.gnu-tools-for-stm32.10.3-2021.10.win32_1.0.100.202210260954/tools/bin/../lib/gcc/arm-none-eabi/10.3.1/thumb/v6-m/nofp/crtend.o
LOAD d:/stm32cubeide/stm32cubeide_1.11.0/stm32cubeide/plugins/com.st.stm32cube.ide.mcu.externaltools.gnu-tools-for-stm32.10.3-2021.10.win32_1.0.100.202210260954/tools/bin/../lib/gcc/arm-none-eabi/10.3.1/thumb/v6-m/nofp/crtn.o
                0x0000000020001800                _estack = (ORIGIN (RAM) + LENGTH (RAM))
                0x0000000000000200                _Min_Heap_Size = 0x200
                0x0000000000000400                _Min_Stack_Size = 0x400

.isr_vector     0x0000000008000000       0xc0
                0x0000000008000000                . = ALIGN (0x4)
 *(.isr_vector)
 .isr_vector    0x0000000008000000       0xc0 ./Core/Startup/startup_stm32f042c6tx.o
                0x0000000008000000                g_pfnVectors
                0x00000000080000c0                . = ALIGN (0x4)

.text           0x00000000080000c0     0x5d70
                0x00000000080000c0                . = ALIGN (0x4)
 *(.text)
 .text          0x00000000080000c0       0x48 d:/stm32cubeide/stm32cubeide_1.11.0/stm32cubeide/plugins/com.st.stm32cube.ide.mcu.externaltools.gnu-tools-for-stm32.10.3-2021.10.win32_1.0.100.202210260954/tools/bin/../lib/gcc/arm-none-eabi/10.3.1/thumb/v6-m/nofp/crtbegin.o
 .text          0x0000000008000108      0x114 d:/stm32cubeide/stm32cubeide_1.11.0/stm32cubeide/plugins/com.st.stm32cube.ide.mcu.externaltools.gnu-tools-for-stm32.10.3-2021.10.win32_1.0.100.202210260954/tools/bin/../lib/gcc/arm-none-eabi/10.3.1/thumb/v6-m/nofp\libgcc.a(_udivsi3.o)
                0x0000000008000108                __aeabi_uidiv
                0x0000000008000108                __udivsi3
                0x0000000008000214                __aeabi_uidivmod
 .text          0x000000000800021c        0x4 d:/stm32cubeide/stm32cubeide_1.11.0/stm32cubeide/plugins/com.st.stm32cube.ide.mcu.externaltools.gnu-tools-for-stm32.10.3-2021.10.win32_1.0.100.202210260954/tools/bin/../lib/gcc/arm-none-eabi/10.3.1/thumb/v6-m/nofp\libgcc.a(_dvmd_tls.o)
                0x000000000800021c                __aeabi_idiv0
                0x000000000800021c                __aeabi_ldiv0
 *(.text*)
 .text.MX_CAN_Init
                0x0000000008000220       0x70 ./Core/Src/can.o
                0x0000000008000220                MX_CAN_Init
 .text.HAL_CAN_MspInit
                0x0000000008000290       0xac ./Core/Src/can.o
                0x0000000008000290                HAL_CAN_MspInit
 .text.CAN_Init
                0x000000000800033c       0xb4 ./Core/Src/can_config.o
                0x000000000800033c                CAN_Init
 .text.HAL_CAN_RxFifo0MsgPendingCallback
                0x00000000080003f0       0x2c ./Core/Src/can_config.o
                0x00000000080003f0                HAL_CAN_RxFifo0MsgPendingCallback
 .text.CAN_On_Receive
                0x000000000800041c       0x22 ./Core/Src/can_config.o
                0x000000000800041c                CAN_On_Receive
 .text.CAN_Receive
                0x000000000800043e       0x28 ./Core/Src/can_config.o
                0x000000000800043e                CAN_Receive
 *fill*         0x0000000008000466        0x2 
 .text.CAN_Transmit
                0x0000000008000468       0x3c ./Core/Src/can_config.o
                0x0000000008000468                CAN_Transmit
 .text.CAN_Respond
                0x00000000080004a4       0x4c ./Core/Src/can_config.o
                0x00000000080004a4                CAN_Respond
 .text.CAN_ProcessWriteCommand
                0x00000000080004f0       0x58 ./Core/Src/can_config.o
                0x00000000080004f0                CAN_ProcessWriteCommand
 .text.CAN_AcknowledgeWriteMessage
                0x0000000008000548       0x3c ./Core/Src/can_config.o
                0x0000000008000548                CAN_AcknowledgeWriteMessage
 .text.CANBUS_Error_Handler
                0x0000000008000584        0xe ./Core/Src/can_config.o
                0x0000000008000584                CANBUS_Error_Handler
 .text.Read_Var_1_Handler
                0x0000000008000592        0xa ./Core/Src/can_config.o
                0x0000000008000592                Read_Var_1_Handler
 .text.Write_Toggle_Green_LED_Handler
                0x000000000800059c       0x38 ./Core/Src/can_config.o
                0x000000000800059c                Write_Toggle_Green_LED_Handler
 .text.Print_Numbers_Handler
                0x00000000080005d4       0x38 ./Core/Src/can_config.o
                0x00000000080005d4                Print_Numbers_Handler
 .text.map_value_Handler
                0x000000000800060c       0x5c ./Core/Src/can_config.o
                0x000000000800060c                map_value_Handler
 .text.tc_value_Handler
                0x0000000008000668       0x5c ./Core/Src/can_config.o
                0x0000000008000668                tc_value_Handler
 .text.speed_value_Handler
                0x00000000080006c4       0x5c ./Core/Src/can_config.o
                0x00000000080006c4                speed_value_Handler
 .text.diff_value_Handler
                0x0000000008000720       0x5c ./Core/Src/can_config.o
                0x0000000008000720                diff_value_Handler
 .text.ts_value_Handler
                0x000000000800077c       0x5c ./Core/Src/can_config.o
                0x000000000800077c                ts_value_Handler
 .text.leng_value_Handler
                0x00000000080007d8       0x5c ./Core/Src/can_config.o
                0x00000000080007d8                leng_value_Handler
 .text.linv_value_Handler
                0x0000000008000834       0x5c ./Core/Src/can_config.o
                0x0000000008000834                linv_value_Handler
 .text.bat_value_Handler
                0x0000000008000890       0x5c ./Core/Src/can_config.o
                0x0000000008000890                bat_value_Handler
 .text.rinv_value_Handler
                0x00000000080008ec       0x5c ./Core/Src/can_config.o
                0x00000000080008ec                rinv_value_Handler
 .text.reng_value_Handler
                0x0000000008000948       0x5c ./Core/Src/can_config.o
                0x0000000008000948                reng_value_Handler
 .text.err_value_Handler
                0x00000000080009a4       0x5c ./Core/Src/can_config.o
                0x00000000080009a4                err_value_Handler
 .text.hv_value_Handler
                0x0000000008000a00       0x5c ./Core/Src/can_config.o
                0x0000000008000a00                hv_value_Handler
 .text.low_value_Handler
                0x0000000008000a5c       0x5c ./Core/Src/can_config.o
                0x0000000008000a5c                low_value_Handler
 .text.MX_GPIO_Init
                0x0000000008000ab8      0x120 ./Core/Src/gpio.o
                0x0000000008000ab8                MX_GPIO_Init
 .text.MX_I2C1_Init
                0x0000000008000bd8       0x80 ./Core/Src/i2c.o
                0x0000000008000bd8                MX_I2C1_Init
 .text.HAL_I2C_MspInit
                0x0000000008000c58       0xac ./Core/Src/i2c.o
                0x0000000008000c58                HAL_I2C_MspInit
 .text.HAL_GPIO_EXTI_Callback
                0x0000000008000d04      0x1d0 ./Core/Src/main.o
                0x0000000008000d04                HAL_GPIO_EXTI_Callback
 .text.HAL_TIM_PeriodElapsedCallback
                0x0000000008000ed4       0xb8 ./Core/Src/main.o
                0x0000000008000ed4                HAL_TIM_PeriodElapsedCallback
 .text.main     0x0000000008000f8c       0xb8 ./Core/Src/main.o
                0x0000000008000f8c                main
 .text.SystemClock_Config
                0x0000000008001044       0xba ./Core/Src/main.o
                0x0000000008001044                SystemClock_Config
 .text.Error_Handler
                0x00000000080010fe        0xa ./Core/Src/main.o
                0x00000000080010fe                Error_Handler
 .text.HAL_MspInit
                0x0000000008001108       0x48 ./Core/Src/stm32f0xx_hal_msp.o
                0x0000000008001108                HAL_MspInit
 .text.NMI_Handler
                0x0000000008001150        0x6 ./Core/Src/stm32f0xx_it.o
                0x0000000008001150                NMI_Handler
 .text.HardFault_Handler
                0x0000000008001156        0x6 ./Core/Src/stm32f0xx_it.o
                0x0000000008001156                HardFault_Handler
 .text.SVC_Handler
                0x000000000800115c        0xa ./Core/Src/stm32f0xx_it.o
                0x000000000800115c                SVC_Handler
 .text.PendSV_Handler
                0x0000000008001166        0xa ./Core/Src/stm32f0xx_it.o
                0x0000000008001166                PendSV_Handler
 .text.SysTick_Handler
                0x0000000008001170        0xe ./Core/Src/stm32f0xx_it.o
                0x0000000008001170                SysTick_Handler
 .text.EXTI0_1_IRQHandler
                0x000000000800117e       0x16 ./Core/Src/stm32f0xx_it.o
                0x000000000800117e                EXTI0_1_IRQHandler
 .text.EXTI2_3_IRQHandler
                0x0000000008001194       0x16 ./Core/Src/stm32f0xx_it.o
                0x0000000008001194                EXTI2_3_IRQHandler
 .text.EXTI4_15_IRQHandler
                0x00000000080011aa       0x22 ./Core/Src/stm32f0xx_it.o
                0x00000000080011aa                EXTI4_15_IRQHandler
 .text.TIM14_IRQHandler
                0x00000000080011cc       0x18 ./Core/Src/stm32f0xx_it.o
                0x00000000080011cc                TIM14_IRQHandler
 .text.TIM16_IRQHandler
                0x00000000080011e4       0x18 ./Core/Src/stm32f0xx_it.o
                0x00000000080011e4                TIM16_IRQHandler
 .text.I2C1_IRQHandler
                0x00000000080011fc       0x30 ./Core/Src/stm32f0xx_it.o
                0x00000000080011fc                I2C1_IRQHandler
 .text.CEC_CAN_IRQHandler
                0x000000000800122c       0x18 ./Core/Src/stm32f0xx_it.o
                0x000000000800122c                CEC_CAN_IRQHandler
 .text.SystemInit
                0x0000000008001244        0xa ./Core/Src/system_stm32f0xx.o
                0x0000000008001244                SystemInit
 *fill*         0x000000000800124e        0x2 
 .text.MX_TIM14_Init
                0x0000000008001250       0x4c ./Core/Src/tim.o
                0x0000000008001250                MX_TIM14_Init
 .text.MX_TIM16_Init
                0x000000000800129c       0x50 ./Core/Src/tim.o
                0x000000000800129c                MX_TIM16_Init
 .text.HAL_TIM_Base_MspInit
                0x00000000080012ec       0x8c ./Core/Src/tim.o
                0x00000000080012ec                HAL_TIM_Base_MspInit
 .text.MX_USART1_UART_Init
                0x0000000008001378       0x60 ./Core/Src/usart.o
                0x0000000008001378                MX_USART1_UART_Init
 .text.HAL_UART_MspInit
                0x00000000080013d8       0x9c ./Core/Src/usart.o
                0x00000000080013d8                HAL_UART_MspInit
 .text.Reset_Handler
                0x0000000008001474       0x80 ./Core/Startup/startup_stm32f042c6tx.o
                0x0000000008001474                Reset_Handler
 .text.Default_Handler
                0x00000000080014f4        0x2 ./Core/Startup/startup_stm32f042c6tx.o
                0x00000000080014f4                TIM1_CC_IRQHandler
                0x00000000080014f4                TSC_IRQHandler
                0x00000000080014f4                RCC_CRS_IRQHandler
                0x00000000080014f4                SPI1_IRQHandler
                0x00000000080014f4                ADC1_IRQHandler
                0x00000000080014f4                TIM17_IRQHandler
                0x00000000080014f4                RTC_IRQHandler
                0x00000000080014f4                PVD_VDDIO2_IRQHandler
                0x00000000080014f4                TIM3_IRQHandler
                0x00000000080014f4                DMA1_Channel1_IRQHandler
                0x00000000080014f4                Default_Handler
                0x00000000080014f4                DMA1_Channel4_5_IRQHandler
                0x00000000080014f4                USB_IRQHandler
                0x00000000080014f4                SPI2_IRQHandler
                0x00000000080014f4                WWDG_IRQHandler
                0x00000000080014f4                TIM2_IRQHandler
                0x00000000080014f4                DMA1_Channel2_3_IRQHandler
                0x00000000080014f4                USART2_IRQHandler
                0x00000000080014f4                FLASH_IRQHandler
                0x00000000080014f4                USART1_IRQHandler
                0x00000000080014f4                TIM1_BRK_UP_TRG_COM_IRQHandler
 *fill*         0x00000000080014f6        0x2 
 .text.HAL_Init
                0x00000000080014f8       0x28 ./Drivers/STM32F0xx_HAL_Driver/Src/stm32f0xx_hal.o
                0x00000000080014f8                HAL_Init
 .text.HAL_InitTick
                0x0000000008001520       0x68 ./Drivers/STM32F0xx_HAL_Driver/Src/stm32f0xx_hal.o
                0x0000000008001520                HAL_InitTick
 .text.HAL_IncTick
                0x0000000008001588       0x24 ./Drivers/STM32F0xx_HAL_Driver/Src/stm32f0xx_hal.o
                0x0000000008001588                HAL_IncTick
 .text.HAL_GetTick
                0x00000000080015ac       0x14 ./Drivers/STM32F0xx_HAL_Driver/Src/stm32f0xx_hal.o
                0x00000000080015ac                HAL_GetTick
 .text.HAL_Delay
                0x00000000080015c0       0x48 ./Drivers/STM32F0xx_HAL_Driver/Src/stm32f0xx_hal.o
                0x00000000080015c0                HAL_Delay
 .text.HAL_CAN_Init
                0x0000000008001608      0x1fc ./Drivers/STM32F0xx_HAL_Driver/Src/stm32f0xx_hal_can.o
                0x0000000008001608                HAL_CAN_Init
 .text.HAL_CAN_ConfigFilter
                0x0000000008001804      0x1e4 ./Drivers/STM32F0xx_HAL_Driver/Src/stm32f0xx_hal_can.o
                0x0000000008001804                HAL_CAN_ConfigFilter
 .text.HAL_CAN_Start
                0x00000000080019e8       0x8c ./Drivers/STM32F0xx_HAL_Driver/Src/stm32f0xx_hal_can.o
                0x00000000080019e8                HAL_CAN_Start
 .text.HAL_CAN_AddTxMessage
                0x0000000008001a74      0x1a4 ./Drivers/STM32F0xx_HAL_Driver/Src/stm32f0xx_hal_can.o
                0x0000000008001a74                HAL_CAN_AddTxMessage
 .text.HAL_CAN_GetRxMessage
                0x0000000008001c18      0x256 ./Drivers/STM32F0xx_HAL_Driver/Src/stm32f0xx_hal_can.o
                0x0000000008001c18                HAL_CAN_GetRxMessage
 .text.HAL_CAN_ActivateNotification
                0x0000000008001e6e       0x54 ./Drivers/STM32F0xx_HAL_Driver/Src/stm32f0xx_hal_can.o
                0x0000000008001e6e                HAL_CAN_ActivateNotification
 .text.HAL_CAN_IRQHandler
                0x0000000008001ec2      0x368 ./Drivers/STM32F0xx_HAL_Driver/Src/stm32f0xx_hal_can.o
                0x0000000008001ec2                HAL_CAN_IRQHandler
 .text.HAL_CAN_TxMailbox0CompleteCallback
                0x000000000800222a       0x10 ./Drivers/STM32F0xx_HAL_Driver/Src/stm32f0xx_hal_can.o
                0x000000000800222a                HAL_CAN_TxMailbox0CompleteCallback
 .text.HAL_CAN_TxMailbox1CompleteCallback
                0x000000000800223a       0x10 ./Drivers/STM32F0xx_HAL_Driver/Src/stm32f0xx_hal_can.o
                0x000000000800223a                HAL_CAN_TxMailbox1CompleteCallback
 .text.HAL_CAN_TxMailbox2CompleteCallback
                0x000000000800224a       0x10 ./Drivers/STM32F0xx_HAL_Driver/Src/stm32f0xx_hal_can.o
                0x000000000800224a                HAL_CAN_TxMailbox2CompleteCallback
 .text.HAL_CAN_TxMailbox0AbortCallback
                0x000000000800225a       0x10 ./Drivers/STM32F0xx_HAL_Driver/Src/stm32f0xx_hal_can.o
                0x000000000800225a                HAL_CAN_TxMailbox0AbortCallback
 .text.HAL_CAN_TxMailbox1AbortCallback
                0x000000000800226a       0x10 ./Drivers/STM32F0xx_HAL_Driver/Src/stm32f0xx_hal_can.o
                0x000000000800226a                HAL_CAN_TxMailbox1AbortCallback
 .text.HAL_CAN_TxMailbox2AbortCallback
                0x000000000800227a       0x10 ./Drivers/STM32F0xx_HAL_Driver/Src/stm32f0xx_hal_can.o
                0x000000000800227a                HAL_CAN_TxMailbox2AbortCallback
 .text.HAL_CAN_RxFifo0FullCallback
                0x000000000800228a       0x10 ./Drivers/STM32F0xx_HAL_Driver/Src/stm32f0xx_hal_can.o
                0x000000000800228a                HAL_CAN_RxFifo0FullCallback
 .text.HAL_CAN_RxFifo1MsgPendingCallback
                0x000000000800229a       0x10 ./Drivers/STM32F0xx_HAL_Driver/Src/stm32f0xx_hal_can.o
                0x000000000800229a                HAL_CAN_RxFifo1MsgPendingCallback
 .text.HAL_CAN_RxFifo1FullCallback
                0x00000000080022aa       0x10 ./Drivers/STM32F0xx_HAL_Driver/Src/stm32f0xx_hal_can.o
                0x00000000080022aa                HAL_CAN_RxFifo1FullCallback
 .text.HAL_CAN_SleepCallback
                0x00000000080022ba       0x10 ./Drivers/STM32F0xx_HAL_Driver/Src/stm32f0xx_hal_can.o
                0x00000000080022ba                HAL_CAN_SleepCallback
 .text.HAL_CAN_WakeUpFromRxMsgCallback
                0x00000000080022ca       0x10 ./Drivers/STM32F0xx_HAL_Driver/Src/stm32f0xx_hal_can.o
                0x00000000080022ca                HAL_CAN_WakeUpFromRxMsgCallback
 .text.HAL_CAN_ErrorCallback
                0x00000000080022da       0x10 ./Drivers/STM32F0xx_HAL_Driver/Src/stm32f0xx_hal_can.o
                0x00000000080022da                HAL_CAN_ErrorCallback
 *fill*         0x00000000080022ea        0x2 
 .text.__NVIC_EnableIRQ
                0x00000000080022ec       0x34 ./Drivers/STM32F0xx_HAL_Driver/Src/stm32f0xx_hal_cortex.o
 .text.__NVIC_SetPriority
                0x0000000008002320       0xdc ./Drivers/STM32F0xx_HAL_Driver/Src/stm32f0xx_hal_cortex.o
 .text.SysTick_Config
                0x00000000080023fc       0x48 ./Drivers/STM32F0xx_HAL_Driver/Src/stm32f0xx_hal_cortex.o
 .text.HAL_NVIC_SetPriority
                0x0000000008002444       0x2a ./Drivers/STM32F0xx_HAL_Driver/Src/stm32f0xx_hal_cortex.o
                0x0000000008002444                HAL_NVIC_SetPriority
 .text.HAL_NVIC_EnableIRQ
                0x000000000800246e       0x20 ./Drivers/STM32F0xx_HAL_Driver/Src/stm32f0xx_hal_cortex.o
                0x000000000800246e                HAL_NVIC_EnableIRQ
 .text.HAL_SYSTICK_Config
                0x000000000800248e       0x1a ./Drivers/STM32F0xx_HAL_Driver/Src/stm32f0xx_hal_cortex.o
                0x000000000800248e                HAL_SYSTICK_Config
 .text.HAL_DMA_Abort_IT
                0x00000000080024a8       0x8a ./Drivers/STM32F0xx_HAL_Driver/Src/stm32f0xx_hal_dma.o
                0x00000000080024a8                HAL_DMA_Abort_IT
 .text.HAL_DMA_GetState
                0x0000000008002532       0x18 ./Drivers/STM32F0xx_HAL_Driver/Src/stm32f0xx_hal_dma.o
                0x0000000008002532                HAL_DMA_GetState
 *fill*         0x000000000800254a        0x2 
 .text.HAL_GPIO_Init
                0x000000000800254c      0x2d0 ./Drivers/STM32F0xx_HAL_Driver/Src/stm32f0xx_hal_gpio.o
                0x000000000800254c                HAL_GPIO_Init
 .text.HAL_GPIO_ReadPin
                0x000000000800281c       0x3a ./Drivers/STM32F0xx_HAL_Driver/Src/stm32f0xx_hal_gpio.o
                0x000000000800281c                HAL_GPIO_ReadPin
 .text.HAL_GPIO_WritePin
                0x0000000008002856       0x3a ./Drivers/STM32F0xx_HAL_Driver/Src/stm32f0xx_hal_gpio.o
                0x0000000008002856                HAL_GPIO_WritePin
 .text.HAL_GPIO_TogglePin
                0x0000000008002890       0x36 ./Drivers/STM32F0xx_HAL_Driver/Src/stm32f0xx_hal_gpio.o
                0x0000000008002890                HAL_GPIO_TogglePin
 *fill*         0x00000000080028c6        0x2 
 .text.HAL_GPIO_EXTI_IRQHandler
                0x00000000080028c8       0x38 ./Drivers/STM32F0xx_HAL_Driver/Src/stm32f0xx_hal_gpio.o
                0x00000000080028c8                HAL_GPIO_EXTI_IRQHandler
 .text.HAL_I2C_Init
                0x0000000008002900      0x12c ./Drivers/STM32F0xx_HAL_Driver/Src/stm32f0xx_hal_i2c.o
                0x0000000008002900                HAL_I2C_Init
 .text.HAL_I2C_Master_Transmit_IT
                0x0000000008002a2c       0xf8 ./Drivers/STM32F0xx_HAL_Driver/Src/stm32f0xx_hal_i2c.o
                0x0000000008002a2c                HAL_I2C_Master_Transmit_IT
 .text.HAL_I2C_EV_IRQHandler
                0x0000000008002b24       0x34 ./Drivers/STM32F0xx_HAL_Driver/Src/stm32f0xx_hal_i2c.o
                0x0000000008002b24                HAL_I2C_EV_IRQHandler
 .text.HAL_I2C_ER_IRQHandler
                0x0000000008002b58       0xc4 ./Drivers/STM32F0xx_HAL_Driver/Src/stm32f0xx_hal_i2c.o
                0x0000000008002b58                HAL_I2C_ER_IRQHandler
 .text.HAL_I2C_MasterTxCpltCallback
                0x0000000008002c1c       0x10 ./Drivers/STM32F0xx_HAL_Driver/Src/stm32f0xx_hal_i2c.o
                0x0000000008002c1c                HAL_I2C_MasterTxCpltCallback
 .text.HAL_I2C_MasterRxCpltCallback
                0x0000000008002c2c       0x10 ./Drivers/STM32F0xx_HAL_Driver/Src/stm32f0xx_hal_i2c.o
                0x0000000008002c2c                HAL_I2C_MasterRxCpltCallback
 .text.HAL_I2C_SlaveTxCpltCallback
                0x0000000008002c3c       0x10 ./Drivers/STM32F0xx_HAL_Driver/Src/stm32f0xx_hal_i2c.o
                0x0000000008002c3c                HAL_I2C_SlaveTxCpltCallback
 .text.HAL_I2C_SlaveRxCpltCallback
                0x0000000008002c4c       0x10 ./Drivers/STM32F0xx_HAL_Driver/Src/stm32f0xx_hal_i2c.o
                0x0000000008002c4c                HAL_I2C_SlaveRxCpltCallback
 .text.HAL_I2C_AddrCallback
                0x0000000008002c5c       0x20 ./Drivers/STM32F0xx_HAL_Driver/Src/stm32f0xx_hal_i2c.o
                0x0000000008002c5c                HAL_I2C_AddrCallback
 .text.HAL_I2C_ListenCpltCallback
                0x0000000008002c7c       0x10 ./Drivers/STM32F0xx_HAL_Driver/Src/stm32f0xx_hal_i2c.o
                0x0000000008002c7c                HAL_I2C_ListenCpltCallback
 .text.HAL_I2C_MemTxCpltCallback
                0x0000000008002c8c       0x10 ./Drivers/STM32F0xx_HAL_Driver/Src/stm32f0xx_hal_i2c.o
                0x0000000008002c8c                HAL_I2C_MemTxCpltCallback
 .text.HAL_I2C_MemRxCpltCallback
                0x0000000008002c9c       0x10 ./Drivers/STM32F0xx_HAL_Driver/Src/stm32f0xx_hal_i2c.o
                0x0000000008002c9c                HAL_I2C_MemRxCpltCallback
 .text.HAL_I2C_ErrorCallback
                0x0000000008002cac       0x10 ./Drivers/STM32F0xx_HAL_Driver/Src/stm32f0xx_hal_i2c.o
                0x0000000008002cac                HAL_I2C_ErrorCallback
 .text.HAL_I2C_AbortCpltCallback
                0x0000000008002cbc       0x10 ./Drivers/STM32F0xx_HAL_Driver/Src/stm32f0xx_hal_i2c.o
                0x0000000008002cbc                HAL_I2C_AbortCpltCallback
 .text.I2C_Master_ISR_IT
                0x0000000008002ccc      0x284 ./Drivers/STM32F0xx_HAL_Driver/Src/stm32f0xx_hal_i2c.o
 .text.I2C_Slave_ISR_IT
                0x0000000008002f50      0x228 ./Drivers/STM32F0xx_HAL_Driver/Src/stm32f0xx_hal_i2c.o
 .text.I2C_Master_ISR_DMA
                0x0000000008003178      0x218 ./Drivers/STM32F0xx_HAL_Driver/Src/stm32f0xx_hal_i2c.o
 .text.I2C_Mem_ISR_DMA
                0x0000000008003390      0x260 ./Drivers/STM32F0xx_HAL_Driver/Src/stm32f0xx_hal_i2c.o
 .text.I2C_Slave_ISR_DMA
                0x00000000080035f0      0x1ec ./Drivers/STM32F0xx_HAL_Driver/Src/stm32f0xx_hal_i2c.o
 .text.I2C_ITAddrCplt
                0x00000000080037dc      0x148 ./Drivers/STM32F0xx_HAL_Driver/Src/stm32f0xx_hal_i2c.o
 .text.I2C_ITMasterSeqCplt
                0x0000000008003924       0x82 ./Drivers/STM32F0xx_HAL_Driver/Src/stm32f0xx_hal_i2c.o
 *fill*         0x00000000080039a6        0x2 
 .text.I2C_ITSlaveSeqCplt
                0x00000000080039a8       0xcc ./Drivers/STM32F0xx_HAL_Driver/Src/stm32f0xx_hal_i2c.o
 .text.I2C_ITMasterCplt
                0x0000000008003a74      0x1a4 ./Drivers/STM32F0xx_HAL_Driver/Src/stm32f0xx_hal_i2c.o
 .text.I2C_ITSlaveCplt
                0x0000000008003c18      0x248 ./Drivers/STM32F0xx_HAL_Driver/Src/stm32f0xx_hal_i2c.o
 .text.I2C_ITListenCplt
                0x0000000008003e60       0xb4 ./Drivers/STM32F0xx_HAL_Driver/Src/stm32f0xx_hal_i2c.o
 .text.I2C_ITError
                0x0000000008003f14      0x204 ./Drivers/STM32F0xx_HAL_Driver/Src/stm32f0xx_hal_i2c.o
 .text.I2C_TreatErrorCallback
                0x0000000008004118       0x52 ./Drivers/STM32F0xx_HAL_Driver/Src/stm32f0xx_hal_i2c.o
 .text.I2C_Flush_TXDR
                0x000000000800416a       0x44 ./Drivers/STM32F0xx_HAL_Driver/Src/stm32f0xx_hal_i2c.o
 .text.I2C_DMAAbort
                0x00000000080041ae       0x3e ./Drivers/STM32F0xx_HAL_Driver/Src/stm32f0xx_hal_i2c.o
 .text.I2C_TransferConfig
                0x00000000080041ec       0x74 ./Drivers/STM32F0xx_HAL_Driver/Src/stm32f0xx_hal_i2c.o
 .text.I2C_Enable_IRQ
                0x0000000008004260      0x11c ./Drivers/STM32F0xx_HAL_Driver/Src/stm32f0xx_hal_i2c.o
 .text.I2C_Disable_IRQ
                0x000000000800437c       0xc6 ./Drivers/STM32F0xx_HAL_Driver/Src/stm32f0xx_hal_i2c.o
 *fill*         0x0000000008004442        0x2 
 .text.HAL_I2CEx_ConfigAnalogFilter
                0x0000000008004444       0x98 ./Drivers/STM32F0xx_HAL_Driver/Src/stm32f0xx_hal_i2c_ex.o
                0x0000000008004444                HAL_I2CEx_ConfigAnalogFilter
 .text.HAL_I2CEx_ConfigDigitalFilter
                0x00000000080044dc       0x98 ./Drivers/STM32F0xx_HAL_Driver/Src/stm32f0xx_hal_i2c_ex.o
                0x00000000080044dc                HAL_I2CEx_ConfigDigitalFilter
 .text.HAL_RCC_OscConfig
                0x0000000008004574      0x70c ./Drivers/STM32F0xx_HAL_Driver/Src/stm32f0xx_hal_rcc.o
                0x0000000008004574                HAL_RCC_OscConfig
 .text.HAL_RCC_ClockConfig
                0x0000000008004c80      0x1b4 ./Drivers/STM32F0xx_HAL_Driver/Src/stm32f0xx_hal_rcc.o
                0x0000000008004c80                HAL_RCC_ClockConfig
 .text.HAL_RCC_GetSysClockFreq
                0x0000000008004e34       0xe8 ./Drivers/STM32F0xx_HAL_Driver/Src/stm32f0xx_hal_rcc.o
                0x0000000008004e34                HAL_RCC_GetSysClockFreq
 .text.HAL_RCC_GetHCLKFreq
                0x0000000008004f1c       0x14 ./Drivers/STM32F0xx_HAL_Driver/Src/stm32f0xx_hal_rcc.o
                0x0000000008004f1c                HAL_RCC_GetHCLKFreq
 .text.HAL_RCC_GetPCLK1Freq
                0x0000000008004f30       0x2c ./Drivers/STM32F0xx_HAL_Driver/Src/stm32f0xx_hal_rcc.o
                0x0000000008004f30                HAL_RCC_GetPCLK1Freq
 .text.HAL_RCCEx_PeriphCLKConfig
                0x0000000008004f5c      0x1dc ./Drivers/STM32F0xx_HAL_Driver/Src/stm32f0xx_hal_rcc_ex.o
                0x0000000008004f5c                HAL_RCCEx_PeriphCLKConfig
 .text.HAL_TIM_Base_Init
                0x0000000008005138       0xa0 ./Drivers/STM32F0xx_HAL_Driver/Src/stm32f0xx_hal_tim.o
                0x0000000008005138                HAL_TIM_Base_Init
 .text.HAL_TIM_Base_Start_IT
                0x00000000080051d8       0x98 ./Drivers/STM32F0xx_HAL_Driver/Src/stm32f0xx_hal_tim.o
                0x00000000080051d8                HAL_TIM_Base_Start_IT
 .text.HAL_TIM_Base_Stop_IT
                0x0000000008005270       0x5c ./Drivers/STM32F0xx_HAL_Driver/Src/stm32f0xx_hal_tim.o
                0x0000000008005270                HAL_TIM_Base_Stop_IT
 .text.HAL_TIM_IRQHandler
                0x00000000080052cc      0x22c ./Drivers/STM32F0xx_HAL_Driver/Src/stm32f0xx_hal_tim.o
                0x00000000080052cc                HAL_TIM_IRQHandler
 .text.HAL_TIM_OC_DelayElapsedCallback
                0x00000000080054f8       0x10 ./Drivers/STM32F0xx_HAL_Driver/Src/stm32f0xx_hal_tim.o
                0x00000000080054f8                HAL_TIM_OC_DelayElapsedCallback
 .text.HAL_TIM_IC_CaptureCallback
                0x0000000008005508       0x10 ./Drivers/STM32F0xx_HAL_Driver/Src/stm32f0xx_hal_tim.o
                0x0000000008005508                HAL_TIM_IC_CaptureCallback
 .text.HAL_TIM_PWM_PulseFinishedCallback
                0x0000000008005518       0x10 ./Drivers/STM32F0xx_HAL_Driver/Src/stm32f0xx_hal_tim.o
                0x0000000008005518                HAL_TIM_PWM_PulseFinishedCallback
 .text.HAL_TIM_TriggerCallback
                0x0000000008005528       0x10 ./Drivers/STM32F0xx_HAL_Driver/Src/stm32f0xx_hal_tim.o
                0x0000000008005528                HAL_TIM_TriggerCallback
 .text.TIM_Base_SetConfig
                0x0000000008005538       0xec ./Drivers/STM32F0xx_HAL_Driver/Src/stm32f0xx_hal_tim.o
                0x0000000008005538                TIM_Base_SetConfig
 .text.HAL_TIMEx_CommutCallback
                0x0000000008005624       0x10 ./Drivers/STM32F0xx_HAL_Driver/Src/stm32f0xx_hal_tim_ex.o
                0x0000000008005624                HAL_TIMEx_CommutCallback
 .text.HAL_TIMEx_BreakCallback
                0x0000000008005634       0x10 ./Drivers/STM32F0xx_HAL_Driver/Src/stm32f0xx_hal_tim_ex.o
                0x0000000008005634                HAL_TIMEx_BreakCallback
 .text.HAL_UART_Init
                0x0000000008005644       0xa8 ./Drivers/STM32F0xx_HAL_Driver/Src/stm32f0xx_hal_uart.o
                0x0000000008005644                HAL_UART_Init
 .text.UART_SetConfig
                0x00000000080056ec      0x280 ./Drivers/STM32F0xx_HAL_Driver/Src/stm32f0xx_hal_uart.o
                0x00000000080056ec                UART_SetConfig
 .text.UART_AdvFeatureConfig
                0x000000000800596c      0x168 ./Drivers/STM32F0xx_HAL_Driver/Src/stm32f0xx_hal_uart.o
                0x000000000800596c                UART_AdvFeatureConfig
 .text.UART_CheckIdleState
                0x0000000008005ad4      0x150 ./Drivers/STM32F0xx_HAL_Driver/Src/stm32f0xx_hal_uart.o
                0x0000000008005ad4                UART_CheckIdleState
 .text.UART_WaitOnFlagUntilTimeout
                0x0000000008005c24       0xd2 ./Drivers/STM32F0xx_HAL_Driver/Src/stm32f0xx_hal_uart.o
                0x0000000008005c24                UART_WaitOnFlagUntilTimeout
 *fill*         0x0000000008005cf6        0x2 
 .text.UART_EndRxTransfer
                0x0000000008005cf8       0xc8 ./Drivers/STM32F0xx_HAL_Driver/Src/stm32f0xx_hal_uart.o
 .text.__libc_init_array
                0x0000000008005dc0       0x48 d:/stm32cubeide/stm32cubeide_1.11.0/stm32cubeide/plugins/com.st.stm32cube.ide.mcu.externaltools.gnu-tools-for-stm32.10.3-2021.10.win32_1.0.100.202210260954/tools/bin/../lib/gcc/arm-none-eabi/10.3.1/../../../../arm-none-eabi/lib/thumb/v6-m/nofp\libc_nano.a(lib_a-init.o)
                0x0000000008005dc0                __libc_init_array
 .text.memset   0x0000000008005e08       0x10 d:/stm32cubeide/stm32cubeide_1.11.0/stm32cubeide/plugins/com.st.stm32cube.ide.mcu.externaltools.gnu-tools-for-stm32.10.3-2021.10.win32_1.0.100.202210260954/tools/bin/../lib/gcc/arm-none-eabi/10.3.1/../../../../arm-none-eabi/lib/thumb/v6-m/nofp\libc_nano.a(lib_a-memset.o)
                0x0000000008005e08                memset
 *(.glue_7)
 .glue_7        0x0000000008005e18        0x0 linker stubs
 *(.glue_7t)
 .glue_7t       0x0000000008005e18        0x0 linker stubs
 *(.eh_frame)
 .eh_frame      0x0000000008005e18        0x0 d:/stm32cubeide/stm32cubeide_1.11.0/stm32cubeide/plugins/com.st.stm32cube.ide.mcu.externaltools.gnu-tools-for-stm32.10.3-2021.10.win32_1.0.100.202210260954/tools/bin/../lib/gcc/arm-none-eabi/10.3.1/thumb/v6-m/nofp/crtbegin.o
 *(.init)
 .init          0x0000000008005e18        0x4 d:/stm32cubeide/stm32cubeide_1.11.0/stm32cubeide/plugins/com.st.stm32cube.ide.mcu.externaltools.gnu-tools-for-stm32.10.3-2021.10.win32_1.0.100.202210260954/tools/bin/../lib/gcc/arm-none-eabi/10.3.1/thumb/v6-m/nofp/crti.o
                0x0000000008005e18                _init
 .init          0x0000000008005e1c        0x8 d:/stm32cubeide/stm32cubeide_1.11.0/stm32cubeide/plugins/com.st.stm32cube.ide.mcu.externaltools.gnu-tools-for-stm32.10.3-2021.10.win32_1.0.100.202210260954/tools/bin/../lib/gcc/arm-none-eabi/10.3.1/thumb/v6-m/nofp/crtn.o
 *(.fini)
 .fini          0x0000000008005e24        0x4 d:/stm32cubeide/stm32cubeide_1.11.0/stm32cubeide/plugins/com.st.stm32cube.ide.mcu.externaltools.gnu-tools-for-stm32.10.3-2021.10.win32_1.0.100.202210260954/tools/bin/../lib/gcc/arm-none-eabi/10.3.1/thumb/v6-m/nofp/crti.o
                0x0000000008005e24                _fini
 .fini          0x0000000008005e28        0x8 d:/stm32cubeide/stm32cubeide_1.11.0/stm32cubeide/plugins/com.st.stm32cube.ide.mcu.externaltools.gnu-tools-for-stm32.10.3-2021.10.win32_1.0.100.202210260954/tools/bin/../lib/gcc/arm-none-eabi/10.3.1/thumb/v6-m/nofp/crtn.o
                0x0000000008005e30                . = ALIGN (0x4)
                0x0000000008005e30                _etext = .

.vfp11_veneer   0x0000000008005e30        0x0
 .vfp11_veneer  0x0000000008005e30        0x0 linker stubs

.v4_bx          0x0000000008005e30        0x0
 .v4_bx         0x0000000008005e30        0x0 linker stubs

.iplt           0x0000000008005e30        0x0
 .iplt          0x0000000008005e30        0x0 d:/stm32cubeide/stm32cubeide_1.11.0/stm32cubeide/plugins/com.st.stm32cube.ide.mcu.externaltools.gnu-tools-for-stm32.10.3-2021.10.win32_1.0.100.202210260954/tools/bin/../lib/gcc/arm-none-eabi/10.3.1/thumb/v6-m/nofp/crtbegin.o

.rodata         0x0000000008005e30       0x38
                0x0000000008005e30                . = ALIGN (0x4)
 *(.rodata)
 *(.rodata*)
 .rodata.AHBPrescTable
                0x0000000008005e30       0x10 ./Core/Src/system_stm32f0xx.o
                0x0000000008005e30                AHBPrescTable
 .rodata.APBPrescTable
                0x0000000008005e40        0x8 ./Core/Src/system_stm32f0xx.o
                0x0000000008005e40                APBPrescTable
 .rodata.aPLLMULFactorTable.1
                0x0000000008005e48       0x10 ./Drivers/STM32F0xx_HAL_Driver/Src/stm32f0xx_hal_rcc.o
 .rodata.aPredivFactorTable.0
                0x0000000008005e58       0x10 ./Drivers/STM32F0xx_HAL_Driver/Src/stm32f0xx_hal_rcc.o
                0x0000000008005e68                . = ALIGN (0x4)

.rel.dyn        0x0000000008005e68        0x0
 .rel.iplt      0x0000000008005e68        0x0 d:/stm32cubeide/stm32cubeide_1.11.0/stm32cubeide/plugins/com.st.stm32cube.ide.mcu.externaltools.gnu-tools-for-stm32.10.3-2021.10.win32_1.0.100.202210260954/tools/bin/../lib/gcc/arm-none-eabi/10.3.1/thumb/v6-m/nofp/crtbegin.o

.ARM.extab      0x0000000008005e68        0x0
                0x0000000008005e68                . = ALIGN (0x4)
 *(.ARM.extab* .gnu.linkonce.armextab.*)
                0x0000000008005e68                . = ALIGN (0x4)

.ARM            0x0000000008005e68        0x0
                0x0000000008005e68                . = ALIGN (0x4)
                0x0000000008005e68                __exidx_start = .
 *(.ARM.exidx*)
                0x0000000008005e68                __exidx_end = .
                0x0000000008005e68                . = ALIGN (0x4)

.preinit_array  0x0000000008005e68        0x0
                0x0000000008005e68                . = ALIGN (0x4)
                0x0000000008005e68                PROVIDE (__preinit_array_start = .)
 *(.preinit_array*)
                0x0000000008005e68                PROVIDE (__preinit_array_end = .)
                0x0000000008005e68                . = ALIGN (0x4)

.init_array     0x0000000008005e68        0x4
                0x0000000008005e68                . = ALIGN (0x4)
                0x0000000008005e68                PROVIDE (__init_array_start = .)
 *(SORT_BY_NAME(.init_array.*))
 *(.init_array*)
 .init_array    0x0000000008005e68        0x4 d:/stm32cubeide/stm32cubeide_1.11.0/stm32cubeide/plugins/com.st.stm32cube.ide.mcu.externaltools.gnu-tools-for-stm32.10.3-2021.10.win32_1.0.100.202210260954/tools/bin/../lib/gcc/arm-none-eabi/10.3.1/thumb/v6-m/nofp/crtbegin.o
                0x0000000008005e6c                PROVIDE (__init_array_end = .)
                0x0000000008005e6c                . = ALIGN (0x4)

.fini_array     0x0000000008005e6c        0x4
                0x0000000008005e6c                . = ALIGN (0x4)
                [!provide]                        PROVIDE (__fini_array_start = .)
 *(SORT_BY_NAME(.fini_array.*))
 *(.fini_array*)
 .fini_array    0x0000000008005e6c        0x4 d:/stm32cubeide/stm32cubeide_1.11.0/stm32cubeide/plugins/com.st.stm32cube.ide.mcu.externaltools.gnu-tools-for-stm32.10.3-2021.10.win32_1.0.100.202210260954/tools/bin/../lib/gcc/arm-none-eabi/10.3.1/thumb/v6-m/nofp/crtbegin.o
                [!provide]                        PROVIDE (__fini_array_end = .)
                0x0000000008005e70                . = ALIGN (0x4)
                0x0000000008005e70                _sidata = LOADADDR (.data)

.data           0x0000000020000000      0x134 load address 0x0000000008005e70
                0x0000000020000000                . = ALIGN (0x4)
                0x0000000020000000                _sdata = .
 *(.data)
 *(.data*)
 .data.CANsize  0x0000000020000000        0x2 ./Core/Src/can_config.o
                0x0000000020000000                CANsize
 *fill*         0x0000000020000002        0x2 
 .data.ResponseMessage
                0x0000000020000004       0x30 ./Core/Src/can_config.o
                0x0000000020000004                ResponseMessage
 .data.WriteMessage
                0x0000000020000034       0xf0 ./Core/Src/can_config.o
                0x0000000020000034                WriteMessage
 .data.I2Csize  0x0000000020000124        0x2 ./Core/Src/main.o
 *fill*         0x0000000020000126        0x2 
 .data.SystemCoreClock
                0x0000000020000128        0x4 ./Core/Src/system_stm32f0xx.o
                0x0000000020000128                SystemCoreClock
 .data.uwTickPrio
                0x000000002000012c        0x4 ./Drivers/STM32F0xx_HAL_Driver/Src/stm32f0xx_hal.o
                0x000000002000012c                uwTickPrio
 .data.uwTickFreq
                0x0000000020000130        0x1 ./Drivers/STM32F0xx_HAL_Driver/Src/stm32f0xx_hal.o
                0x0000000020000130                uwTickFreq
 *(.RamFunc)
 *(.RamFunc*)
                0x0000000020000134                . = ALIGN (0x4)
 *fill*         0x0000000020000131        0x3 
                0x0000000020000134                _edata = .

.igot.plt       0x0000000020000134        0x0 load address 0x0000000008005fa4
 .igot.plt      0x0000000020000134        0x0 d:/stm32cubeide/stm32cubeide_1.11.0/stm32cubeide/plugins/com.st.stm32cube.ide.mcu.externaltools.gnu-tools-for-stm32.10.3-2021.10.win32_1.0.100.202210260954/tools/bin/../lib/gcc/arm-none-eabi/10.3.1/thumb/v6-m/nofp/crtbegin.o
                0x0000000020000134                . = ALIGN (0x4)

.bss            0x0000000020000134      0x240 load address 0x0000000008005fa4
                0x0000000020000134                _sbss = .
                0x0000000020000134                __bss_start__ = _sbss
 *(.bss)
 .bss           0x0000000020000134       0x1c d:/stm32cubeide/stm32cubeide_1.11.0/stm32cubeide/plugins/com.st.stm32cube.ide.mcu.externaltools.gnu-tools-for-stm32.10.3-2021.10.win32_1.0.100.202210260954/tools/bin/../lib/gcc/arm-none-eabi/10.3.1/thumb/v6-m/nofp/crtbegin.o
 *(.bss*)
 .bss.hcan      0x0000000020000150       0x28 ./Core/Src/can.o
                0x0000000020000150                hcan
 .bss.sFilterConfig
                0x0000000020000178       0x28 ./Core/Src/can_config.o
                0x0000000020000178                sFilterConfig
 .bss.TxHeader  0x00000000200001a0       0x18 ./Core/Src/can_config.o
                0x00000000200001a0                TxHeader
 .bss.RxHeader  0x00000000200001b8       0x1c ./Core/Src/can_config.o
                0x00000000200001b8                RxHeader
 .bss.TxData    0x00000000200001d4        0x8 ./Core/Src/can_config.o
                0x00000000200001d4                TxData
 .bss.RxData    0x00000000200001dc        0x8 ./Core/Src/can_config.o
                0x00000000200001dc                RxData
 .bss.TxMailbox
                0x00000000200001e4        0x4 ./Core/Src/can_config.o
                0x00000000200001e4                TxMailbox
 .bss.Write_Green_LED_State
                0x00000000200001e8        0x1 ./Core/Src/can_config.o
                0x00000000200001e8                Write_Green_LED_State
 .bss.Print_Numbers_State
                0x00000000200001e9        0x1 ./Core/Src/can_config.o
                0x00000000200001e9                Print_Numbers_State
 .bss.can_map_value
                0x00000000200001ea        0x1 ./Core/Src/can_config.o
                0x00000000200001ea                can_map_value
 .bss.can_tc_value
                0x00000000200001eb        0x1 ./Core/Src/can_config.o
                0x00000000200001eb                can_tc_value
 .bss.can_speed_value
                0x00000000200001ec        0x1 ./Core/Src/can_config.o
                0x00000000200001ec                can_speed_value
 .bss.can_diff_value
                0x00000000200001ed        0x1 ./Core/Src/can_config.o
                0x00000000200001ed                can_diff_value
 .bss.can_ts_value
                0x00000000200001ee        0x1 ./Core/Src/can_config.o
                0x00000000200001ee                can_ts_value
 .bss.can_leng_value
                0x00000000200001ef        0x1 ./Core/Src/can_config.o
                0x00000000200001ef                can_leng_value
 .bss.can_linv_value
                0x00000000200001f0        0x1 ./Core/Src/can_config.o
                0x00000000200001f0                can_linv_value
 .bss.can_bat_value
                0x00000000200001f1        0x1 ./Core/Src/can_config.o
                0x00000000200001f1                can_bat_value
 .bss.can_rinv_value
                0x00000000200001f2        0x1 ./Core/Src/can_config.o
                0x00000000200001f2                can_rinv_value
 .bss.can_reng_value
                0x00000000200001f3        0x1 ./Core/Src/can_config.o
                0x00000000200001f3                can_reng_value
 .bss.can_err_value
                0x00000000200001f4        0x1 ./Core/Src/can_config.o
                0x00000000200001f4                can_err_value
 .bss.can_hv_value
                0x00000000200001f5        0x1 ./Core/Src/can_config.o
                0x00000000200001f5                can_hv_value
 .bss.can_low_value
                0x00000000200001f6        0x1 ./Core/Src/can_config.o
                0x00000000200001f6                can_low_value
 *fill*         0x00000000200001f7        0x1 
 .bss.CANdata   0x00000000200001f8        0x2 ./Core/Src/can_config.o
                0x00000000200001f8                CANdata
 *fill*         0x00000000200001fa        0x2 
 .bss.hi2c1     0x00000000200001fc       0x54 ./Core/Src/i2c.o
                0x00000000200001fc                hi2c1
 .bss.var       0x0000000020000250        0x1 ./Core/Src/main.o
                0x0000000020000250                var
 .bss.print     0x0000000020000251        0x1 ./Core/Src/main.o
                0x0000000020000251                print
 *fill*         0x0000000020000252        0x2 
 .bss.I2Cdata   0x0000000020000254        0x2 ./Core/Src/main.o
 .bss.SW_lock   0x0000000020000256        0x1 ./Core/Src/main.o
                0x0000000020000256                SW_lock
 *fill*         0x0000000020000257        0x1 
 .bss.htim14    0x0000000020000258       0x48 ./Core/Src/tim.o
                0x0000000020000258                htim14
 .bss.htim16    0x00000000200002a0       0x48 ./Core/Src/tim.o
                0x00000000200002a0                htim16
 .bss.huart1    0x00000000200002e8       0x88 ./Core/Src/usart.o
                0x00000000200002e8                huart1
 .bss.uwTick    0x0000000020000370        0x4 ./Drivers/STM32F0xx_HAL_Driver/Src/stm32f0xx_hal.o
                0x0000000020000370                uwTick
 *(COMMON)
                0x0000000020000374                . = ALIGN (0x4)
                0x0000000020000374                _ebss = .
                0x0000000020000374                __bss_end__ = _ebss

._user_heap_stack
                0x0000000020000374      0x604 load address 0x0000000008005fa4
                0x0000000020000378                . = ALIGN (0x8)
 *fill*         0x0000000020000374        0x4 
                [!provide]                        PROVIDE (end = .)
                0x0000000020000378                PROVIDE (_end = .)
                0x0000000020000578                . = (. + _Min_Heap_Size)
 *fill*         0x0000000020000378      0x200 
                0x0000000020000978                . = (. + _Min_Stack_Size)
 *fill*         0x0000000020000578      0x400 
                0x0000000020000978                . = ALIGN (0x8)

/DISCARD/
 libc.a(*)
 libm.a(*)
 libgcc.a(*)

.ARM.attributes
                0x0000000000000000       0x28
 *(.ARM.attributes)
 .ARM.attributes
                0x0000000000000000       0x1e d:/stm32cubeide/stm32cubeide_1.11.0/stm32cubeide/plugins/com.st.stm32cube.ide.mcu.externaltools.gnu-tools-for-stm32.10.3-2021.10.win32_1.0.100.202210260954/tools/bin/../lib/gcc/arm-none-eabi/10.3.1/thumb/v6-m/nofp/crti.o
 .ARM.attributes
                0x000000000000001e       0x2c d:/stm32cubeide/stm32cubeide_1.11.0/stm32cubeide/plugins/com.st.stm32cube.ide.mcu.externaltools.gnu-tools-for-stm32.10.3-2021.10.win32_1.0.100.202210260954/tools/bin/../lib/gcc/arm-none-eabi/10.3.1/thumb/v6-m/nofp/crtbegin.o
 .ARM.attributes
                0x000000000000004a       0x2c ./Core/Src/can.o
 .ARM.attributes
                0x0000000000000076       0x2c ./Core/Src/can_config.o
 .ARM.attributes
                0x00000000000000a2       0x2c ./Core/Src/gpio.o
 .ARM.attributes
                0x00000000000000ce       0x2c ./Core/Src/i2c.o
 .ARM.attributes
                0x00000000000000fa       0x2c ./Core/Src/main.o
 .ARM.attributes
                0x0000000000000126       0x2c ./Core/Src/stm32f0xx_hal_msp.o
 .ARM.attributes
                0x0000000000000152       0x2c ./Core/Src/stm32f0xx_it.o
 .ARM.attributes
                0x000000000000017e       0x2c ./Core/Src/system_stm32f0xx.o
 .ARM.attributes
                0x00000000000001aa       0x2c ./Core/Src/tim.o
 .ARM.attributes
                0x00000000000001d6       0x2c ./Core/Src/usart.o
 .ARM.attributes
                0x0000000000000202       0x21 ./Core/Startup/startup_stm32f042c6tx.o
 .ARM.attributes
                0x0000000000000223       0x2c ./Drivers/STM32F0xx_HAL_Driver/Src/stm32f0xx_hal.o
 .ARM.attributes
                0x000000000000024f       0x2c ./Drivers/STM32F0xx_HAL_Driver/Src/stm32f0xx_hal_can.o
 .ARM.attributes
                0x000000000000027b       0x2c ./Drivers/STM32F0xx_HAL_Driver/Src/stm32f0xx_hal_cortex.o
 .ARM.attributes
                0x00000000000002a7       0x2c ./Drivers/STM32F0xx_HAL_Driver/Src/stm32f0xx_hal_dma.o
 .ARM.attributes
                0x00000000000002d3       0x2c ./Drivers/STM32F0xx_HAL_Driver/Src/stm32f0xx_hal_gpio.o
 .ARM.attributes
                0x00000000000002ff       0x2c ./Drivers/STM32F0xx_HAL_Driver/Src/stm32f0xx_hal_i2c.o
 .ARM.attributes
                0x000000000000032b       0x2c ./Drivers/STM32F0xx_HAL_Driver/Src/stm32f0xx_hal_i2c_ex.o
 .ARM.attributes
                0x0000000000000357       0x2c ./Drivers/STM32F0xx_HAL_Driver/Src/stm32f0xx_hal_rcc.o
 .ARM.attributes
                0x0000000000000383       0x2c ./Drivers/STM32F0xx_HAL_Driver/Src/stm32f0xx_hal_rcc_ex.o
 .ARM.attributes
                0x00000000000003af       0x2c ./Drivers/STM32F0xx_HAL_Driver/Src/stm32f0xx_hal_tim.o
 .ARM.attributes
                0x00000000000003db       0x2c ./Drivers/STM32F0xx_HAL_Driver/Src/stm32f0xx_hal_tim_ex.o
 .ARM.attributes
                0x0000000000000407       0x2c ./Drivers/STM32F0xx_HAL_Driver/Src/stm32f0xx_hal_uart.o
 .ARM.attributes
                0x0000000000000433       0x2c d:/stm32cubeide/stm32cubeide_1.11.0/stm32cubeide/plugins/com.st.stm32cube.ide.mcu.externaltools.gnu-tools-for-stm32.10.3-2021.10.win32_1.0.100.202210260954/tools/bin/../lib/gcc/arm-none-eabi/10.3.1/../../../../arm-none-eabi/lib/thumb/v6-m/nofp\libc_nano.a(lib_a-init.o)
 .ARM.attributes
                0x000000000000045f       0x2c d:/stm32cubeide/stm32cubeide_1.11.0/stm32cubeide/plugins/com.st.stm32cube.ide.mcu.externaltools.gnu-tools-for-stm32.10.3-2021.10.win32_1.0.100.202210260954/tools/bin/../lib/gcc/arm-none-eabi/10.3.1/../../../../arm-none-eabi/lib/thumb/v6-m/nofp\libc_nano.a(lib_a-memset.o)
 .ARM.attributes
                0x000000000000048b       0x1e d:/stm32cubeide/stm32cubeide_1.11.0/stm32cubeide/plugins/com.st.stm32cube.ide.mcu.externaltools.gnu-tools-for-stm32.10.3-2021.10.win32_1.0.100.202210260954/tools/bin/../lib/gcc/arm-none-eabi/10.3.1/thumb/v6-m/nofp\libgcc.a(_udivsi3.o)
 .ARM.attributes
                0x00000000000004a9       0x1e d:/stm32cubeide/stm32cubeide_1.11.0/stm32cubeide/plugins/com.st.stm32cube.ide.mcu.externaltools.gnu-tools-for-stm32.10.3-2021.10.win32_1.0.100.202210260954/tools/bin/../lib/gcc/arm-none-eabi/10.3.1/thumb/v6-m/nofp\libgcc.a(_dvmd_tls.o)
 .ARM.attributes
                0x00000000000004c7       0x1e d:/stm32cubeide/stm32cubeide_1.11.0/stm32cubeide/plugins/com.st.stm32cube.ide.mcu.externaltools.gnu-tools-for-stm32.10.3-2021.10.win32_1.0.100.202210260954/tools/bin/../lib/gcc/arm-none-eabi/10.3.1/thumb/v6-m/nofp/crtn.o
OUTPUT(mcs_scrn_can_i2c_F0.elf elf32-littlearm)
LOAD linker stubs
LOAD d:/stm32cubeide/stm32cubeide_1.11.0/stm32cubeide/plugins/com.st.stm32cube.ide.mcu.externaltools.gnu-tools-for-stm32.10.3-2021.10.win32_1.0.100.202210260954/tools/bin/../lib/gcc/arm-none-eabi/10.3.1/../../../../arm-none-eabi/lib/thumb/v6-m/nofp\libc.a
LOAD d:/stm32cubeide/stm32cubeide_1.11.0/stm32cubeide/plugins/com.st.stm32cube.ide.mcu.externaltools.gnu-tools-for-stm32.10.3-2021.10.win32_1.0.100.202210260954/tools/bin/../lib/gcc/arm-none-eabi/10.3.1/../../../../arm-none-eabi/lib/thumb/v6-m/nofp\libm.a
LOAD d:/stm32cubeide/stm32cubeide_1.11.0/stm32cubeide/plugins/com.st.stm32cube.ide.mcu.externaltools.gnu-tools-for-stm32.10.3-2021.10.win32_1.0.100.202210260954/tools/bin/../lib/gcc/arm-none-eabi/10.3.1/thumb/v6-m/nofp\libgcc.a

.debug_info     0x0000000000000000    0x14708
 .debug_info    0x0000000000000000      0x8e5 ./Core/Src/can.o
 .debug_info    0x00000000000008e5     0x154a ./Core/Src/can_config.o
 .debug_info    0x0000000000001e2f      0x47d ./Core/Src/gpio.o
 .debug_info    0x00000000000022ac      0xa7d ./Core/Src/i2c.o
 .debug_info    0x0000000000002d29     0x1068 ./Core/Src/main.o
 .debug_info    0x0000000000003d91      0x1b8 ./Core/Src/stm32f0xx_hal_msp.o
 .debug_info    0x0000000000003f49      0xeb3 ./Core/Src/stm32f0xx_it.o
 .debug_info    0x0000000000004dfc      0x269 ./Core/Src/system_stm32f0xx.o
 .debug_info    0x0000000000005065      0x935 ./Core/Src/tim.o
 .debug_info    0x000000000000599a      0x99e ./Core/Src/usart.o
 .debug_info    0x0000000000006338       0x22 ./Core/Startup/startup_stm32f042c6tx.o
 .debug_info    0x000000000000635a      0x6d2 ./Drivers/STM32F0xx_HAL_Driver/Src/stm32f0xx_hal.o
 .debug_info    0x0000000000006a2c      0xf83 ./Drivers/STM32F0xx_HAL_Driver/Src/stm32f0xx_hal_can.o
 .debug_info    0x00000000000079af      0x705 ./Drivers/STM32F0xx_HAL_Driver/Src/stm32f0xx_hal_cortex.o
 .debug_info    0x00000000000080b4      0x75c ./Drivers/STM32F0xx_HAL_Driver/Src/stm32f0xx_hal_dma.o
 .debug_info    0x0000000000008810      0x628 ./Drivers/STM32F0xx_HAL_Driver/Src/stm32f0xx_hal_gpio.o
 .debug_info    0x0000000000008e38     0x2270 ./Drivers/STM32F0xx_HAL_Driver/Src/stm32f0xx_hal_i2c.o
 .debug_info    0x000000000000b0a8      0x8be ./Drivers/STM32F0xx_HAL_Driver/Src/stm32f0xx_hal_i2c_ex.o
 .debug_info    0x000000000000b966      0x8b0 ./Drivers/STM32F0xx_HAL_Driver/Src/stm32f0xx_hal_rcc.o
 .debug_info    0x000000000000c216      0x640 ./Drivers/STM32F0xx_HAL_Driver/Src/stm32f0xx_hal_rcc_ex.o
 .debug_info    0x000000000000c856     0x2bab ./Drivers/STM32F0xx_HAL_Driver/Src/stm32f0xx_hal_tim.o
 .debug_info    0x000000000000f401     0x15c7 ./Drivers/STM32F0xx_HAL_Driver/Src/stm32f0xx_hal_tim_ex.o
 .debug_info    0x00000000000109c8     0x3d40 ./Drivers/STM32F0xx_HAL_Driver/Src/stm32f0xx_hal_uart.o

.debug_abbrev   0x0000000000000000     0x2ca3
 .debug_abbrev  0x0000000000000000      0x21f ./Core/Src/can.o
 .debug_abbrev  0x000000000000021f      0x2a3 ./Core/Src/can_config.o
 .debug_abbrev  0x00000000000004c2      0x164 ./Core/Src/gpio.o
 .debug_abbrev  0x0000000000000626      0x220 ./Core/Src/i2c.o
 .debug_abbrev  0x0000000000000846      0x298 ./Core/Src/main.o
 .debug_abbrev  0x0000000000000ade       0xc2 ./Core/Src/stm32f0xx_hal_msp.o
 .debug_abbrev  0x0000000000000ba0      0x1d1 ./Core/Src/stm32f0xx_it.o
 .debug_abbrev  0x0000000000000d71      0x116 ./Core/Src/system_stm32f0xx.o
 .debug_abbrev  0x0000000000000e87      0x1eb ./Core/Src/tim.o
 .debug_abbrev  0x0000000000001072      0x1e7 ./Core/Src/usart.o
 .debug_abbrev  0x0000000000001259       0x12 ./Core/Startup/startup_stm32f042c6tx.o
 .debug_abbrev  0x000000000000126b      0x23f ./Drivers/STM32F0xx_HAL_Driver/Src/stm32f0xx_hal.o
 .debug_abbrev  0x00000000000014aa      0x1cc ./Drivers/STM32F0xx_HAL_Driver/Src/stm32f0xx_hal_can.o
 .debug_abbrev  0x0000000000001676      0x283 ./Drivers/STM32F0xx_HAL_Driver/Src/stm32f0xx_hal_cortex.o
 .debug_abbrev  0x00000000000018f9      0x218 ./Drivers/STM32F0xx_HAL_Driver/Src/stm32f0xx_hal_dma.o
 .debug_abbrev  0x0000000000001b11      0x1bb ./Drivers/STM32F0xx_HAL_Driver/Src/stm32f0xx_hal_gpio.o
 .debug_abbrev  0x0000000000001ccc      0x24a ./Drivers/STM32F0xx_HAL_Driver/Src/stm32f0xx_hal_i2c.o
 .debug_abbrev  0x0000000000001f16      0x1b0 ./Drivers/STM32F0xx_HAL_Driver/Src/stm32f0xx_hal_i2c_ex.o
 .debug_abbrev  0x00000000000020c6      0x283 ./Drivers/STM32F0xx_HAL_Driver/Src/stm32f0xx_hal_rcc.o
 .debug_abbrev  0x0000000000002349      0x1d0 ./Drivers/STM32F0xx_HAL_Driver/Src/stm32f0xx_hal_rcc_ex.o
 .debug_abbrev  0x0000000000002519      0x264 ./Drivers/STM32F0xx_HAL_Driver/Src/stm32f0xx_hal_tim.o
 .debug_abbrev  0x000000000000277d      0x26c ./Drivers/STM32F0xx_HAL_Driver/Src/stm32f0xx_hal_tim_ex.o
 .debug_abbrev  0x00000000000029e9      0x2ba ./Drivers/STM32F0xx_HAL_Driver/Src/stm32f0xx_hal_uart.o

.debug_aranges  0x0000000000000000     0x11e0
 .debug_aranges
                0x0000000000000000       0x30 ./Core/Src/can.o
 .debug_aranges
                0x0000000000000030       0xe8 ./Core/Src/can_config.o
 .debug_aranges
                0x0000000000000118       0x20 ./Core/Src/gpio.o
 .debug_aranges
                0x0000000000000138       0x30 ./Core/Src/i2c.o
 .debug_aranges
                0x0000000000000168       0x40 ./Core/Src/main.o
 .debug_aranges
                0x00000000000001a8       0x20 ./Core/Src/stm32f0xx_hal_msp.o
 .debug_aranges
                0x00000000000001c8       0x78 ./Core/Src/stm32f0xx_it.o
 .debug_aranges
                0x0000000000000240       0x28 ./Core/Src/system_stm32f0xx.o
 .debug_aranges
                0x0000000000000268       0x38 ./Core/Src/tim.o
 .debug_aranges
                0x00000000000002a0       0x30 ./Core/Src/usart.o
 .debug_aranges
                0x00000000000002d0       0x28 ./Core/Startup/startup_stm32f042c6tx.o
 .debug_aranges
                0x00000000000002f8       0xd0 ./Drivers/STM32F0xx_HAL_Driver/Src/stm32f0xx_hal.o
 .debug_aranges
                0x00000000000003c8      0x138 ./Drivers/STM32F0xx_HAL_Driver/Src/stm32f0xx_hal_can.o
 .debug_aranges
                0x0000000000000500       0xc0 ./Drivers/STM32F0xx_HAL_Driver/Src/stm32f0xx_hal_cortex.o
 .debug_aranges
                0x00000000000005c0       0x88 ./Drivers/STM32F0xx_HAL_Driver/Src/stm32f0xx_hal_dma.o
 .debug_aranges
                0x0000000000000648       0x58 ./Drivers/STM32F0xx_HAL_Driver/Src/stm32f0xx_hal_gpio.o
 .debug_aranges
                0x00000000000006a0      0x2a0 ./Drivers/STM32F0xx_HAL_Driver/Src/stm32f0xx_hal_i2c.o
 .debug_aranges
                0x0000000000000940       0x48 ./Drivers/STM32F0xx_HAL_Driver/Src/stm32f0xx_hal_i2c_ex.o
 .debug_aranges
                0x0000000000000988       0x80 ./Drivers/STM32F0xx_HAL_Driver/Src/stm32f0xx_hal_rcc.o
 .debug_aranges
                0x0000000000000a08       0x78 ./Drivers/STM32F0xx_HAL_Driver/Src/stm32f0xx_hal_rcc_ex.o
 .debug_aranges
                0x0000000000000a80      0x3d0 ./Drivers/STM32F0xx_HAL_Driver/Src/stm32f0xx_hal_tim.o
 .debug_aranges
                0x0000000000000e50      0x168 ./Drivers/STM32F0xx_HAL_Driver/Src/stm32f0xx_hal_tim_ex.o
 .debug_aranges
                0x0000000000000fb8      0x228 ./Drivers/STM32F0xx_HAL_Driver/Src/stm32f0xx_hal_uart.o

.debug_ranges   0x0000000000000000     0x10a8
 .debug_ranges  0x0000000000000000       0x20 ./Core/Src/can.o
 .debug_ranges  0x0000000000000020       0xd8 ./Core/Src/can_config.o
 .debug_ranges  0x00000000000000f8       0x10 ./Core/Src/gpio.o
 .debug_ranges  0x0000000000000108       0x20 ./Core/Src/i2c.o
 .debug_ranges  0x0000000000000128       0x30 ./Core/Src/main.o
 .debug_ranges  0x0000000000000158       0x10 ./Core/Src/stm32f0xx_hal_msp.o
 .debug_ranges  0x0000000000000168       0x68 ./Core/Src/stm32f0xx_it.o
 .debug_ranges  0x00000000000001d0       0x18 ./Core/Src/system_stm32f0xx.o
 .debug_ranges  0x00000000000001e8       0x28 ./Core/Src/tim.o
 .debug_ranges  0x0000000000000210       0x20 ./Core/Src/usart.o
 .debug_ranges  0x0000000000000230       0x20 ./Core/Startup/startup_stm32f042c6tx.o
 .debug_ranges  0x0000000000000250       0xc0 ./Drivers/STM32F0xx_HAL_Driver/Src/stm32f0xx_hal.o
 .debug_ranges  0x0000000000000310      0x128 ./Drivers/STM32F0xx_HAL_Driver/Src/stm32f0xx_hal_can.o
 .debug_ranges  0x0000000000000438       0xb0 ./Drivers/STM32F0xx_HAL_Driver/Src/stm32f0xx_hal_cortex.o
 .debug_ranges  0x00000000000004e8       0x78 ./Drivers/STM32F0xx_HAL_Driver/Src/stm32f0xx_hal_dma.o
 .debug_ranges  0x0000000000000560       0x48 ./Drivers/STM32F0xx_HAL_Driver/Src/stm32f0xx_hal_gpio.o
 .debug_ranges  0x00000000000005a8      0x290 ./Drivers/STM32F0xx_HAL_Driver/Src/stm32f0xx_hal_i2c.o
 .debug_ranges  0x0000000000000838       0x38 ./Drivers/STM32F0xx_HAL_Driver/Src/stm32f0xx_hal_i2c_ex.o
 .debug_ranges  0x0000000000000870       0x70 ./Drivers/STM32F0xx_HAL_Driver/Src/stm32f0xx_hal_rcc.o
 .debug_ranges  0x00000000000008e0       0x68 ./Drivers/STM32F0xx_HAL_Driver/Src/stm32f0xx_hal_rcc_ex.o
 .debug_ranges  0x0000000000000948      0x3c0 ./Drivers/STM32F0xx_HAL_Driver/Src/stm32f0xx_hal_tim.o
 .debug_ranges  0x0000000000000d08      0x158 ./Drivers/STM32F0xx_HAL_Driver/Src/stm32f0xx_hal_tim_ex.o
 .debug_ranges  0x0000000000000e60      0x248 ./Drivers/STM32F0xx_HAL_Driver/Src/stm32f0xx_hal_uart.o

.debug_macro    0x0000000000000000    0x1993f
 .debug_macro   0x0000000000000000      0x1e5 ./Core/Src/can.o
 .debug_macro   0x00000000000001e5      0xa4e ./Core/Src/can.o
 .debug_macro   0x0000000000000c33      0x139 ./Core/Src/can.o
 .debug_macro   0x0000000000000d6c       0x2e ./Core/Src/can.o
 .debug_macro   0x0000000000000d9a       0x22 ./Core/Src/can.o
 .debug_macro   0x0000000000000dbc       0x22 ./Core/Src/can.o
 .debug_macro   0x0000000000000dde       0x8e ./Core/Src/can.o
 .debug_macro   0x0000000000000e6c       0x51 ./Core/Src/can.o
 .debug_macro   0x0000000000000ebd      0x103 ./Core/Src/can.o
 .debug_macro   0x0000000000000fc0       0x6a ./Core/Src/can.o
 .debug_macro   0x000000000000102a      0x1df ./Core/Src/can.o
 .debug_macro   0x0000000000001209       0x1c ./Core/Src/can.o
 .debug_macro   0x0000000000001225       0x22 ./Core/Src/can.o
 .debug_macro   0x0000000000001247       0xaf ./Core/Src/can.o
 .debug_macro   0x00000000000012f6      0x391 ./Core/Src/can.o
 .debug_macro   0x0000000000001687     0xf209 ./Core/Src/can.o
 .debug_macro   0x0000000000010890       0x66 ./Core/Src/can.o
 .debug_macro   0x00000000000108f6     0x34be ./Core/Src/can.o
 .debug_macro   0x0000000000013db4      0x174 ./Core/Src/can.o
 .debug_macro   0x0000000000013f28       0x55 ./Core/Src/can.o
 .debug_macro   0x0000000000013f7d      0x946 ./Core/Src/can.o
 .debug_macro   0x00000000000148c3      0x46b ./Core/Src/can.o
 .debug_macro   0x0000000000014d2e      0x1ae ./Core/Src/can.o
 .debug_macro   0x0000000000014edc      0x130 ./Core/Src/can.o
 .debug_macro   0x000000000001500c      0x199 ./Core/Src/can.o
 .debug_macro   0x00000000000151a5      0x1ed ./Core/Src/can.o
 .debug_macro   0x0000000000015392       0x34 ./Core/Src/can.o
 .debug_macro   0x00000000000153c6       0x43 ./Core/Src/can.o
 .debug_macro   0x0000000000015409       0x28 ./Core/Src/can.o
 .debug_macro   0x0000000000015431      0x408 ./Core/Src/can.o
 .debug_macro   0x0000000000015839       0xb0 ./Core/Src/can.o
 .debug_macro   0x00000000000158e9      0x182 ./Core/Src/can.o
 .debug_macro   0x0000000000015a6b      0x22c ./Core/Src/can.o
 .debug_macro   0x0000000000015c97       0x61 ./Core/Src/can.o
 .debug_macro   0x0000000000015cf8       0xa5 ./Core/Src/can.o
 .debug_macro   0x0000000000015d9d       0x4c ./Core/Src/can.o
 .debug_macro   0x0000000000015de9      0x15b ./Core/Src/can.o
 .debug_macro   0x0000000000015f44      0x8f4 ./Core/Src/can.o
 .debug_macro   0x0000000000016838       0x28 ./Core/Src/can.o
 .debug_macro   0x0000000000016860      0x5ba ./Core/Src/can.o
 .debug_macro   0x0000000000016e1a       0x44 ./Core/Src/can.o
 .debug_macro   0x0000000000016e5e      0x12e ./Core/Src/can.o
 .debug_macro   0x0000000000016f8c      0x124 ./Core/Src/can.o
 .debug_macro   0x00000000000170b0      0x211 ./Core/Src/can_config.o
 .debug_macro   0x00000000000172c1       0x22 ./Core/Src/can_config.o
 .debug_macro   0x00000000000172e3       0x28 ./Core/Src/can_config.o
 .debug_macro   0x000000000001730b      0x1e5 ./Core/Src/gpio.o
 .debug_macro   0x00000000000174f0      0x1e5 ./Core/Src/i2c.o
 .debug_macro   0x00000000000176d5      0x243 ./Core/Src/main.o
 .debug_macro   0x0000000000017918      0x1db ./Core/Src/stm32f0xx_hal_msp.o
 .debug_macro   0x0000000000017af3      0x1e5 ./Core/Src/stm32f0xx_it.o
 .debug_macro   0x0000000000017cd8      0x1cc ./Core/Src/system_stm32f0xx.o
 .debug_macro   0x0000000000017ea4      0x1e5 ./Core/Src/tim.o
 .debug_macro   0x0000000000018089      0x1e5 ./Core/Src/usart.o
 .debug_macro   0x000000000001826e      0x1f0 ./Drivers/STM32F0xx_HAL_Driver/Src/stm32f0xx_hal.o
 .debug_macro   0x000000000001845e      0x1d4 ./Drivers/STM32F0xx_HAL_Driver/Src/stm32f0xx_hal_can.o
 .debug_macro   0x0000000000018632      0x1cc ./Drivers/STM32F0xx_HAL_Driver/Src/stm32f0xx_hal_cortex.o
 .debug_macro   0x00000000000187fe      0x1cc ./Drivers/STM32F0xx_HAL_Driver/Src/stm32f0xx_hal_dma.o
 .debug_macro   0x00000000000189ca      0x1d3 ./Drivers/STM32F0xx_HAL_Driver/Src/stm32f0xx_hal_gpio.o
 .debug_macro   0x0000000000018b9d      0x298 ./Drivers/STM32F0xx_HAL_Driver/Src/stm32f0xx_hal_i2c.o
 .debug_macro   0x0000000000018e35      0x1cc ./Drivers/STM32F0xx_HAL_Driver/Src/stm32f0xx_hal_i2c_ex.o
 .debug_macro   0x0000000000019001      0x1de ./Drivers/STM32F0xx_HAL_Driver/Src/stm32f0xx_hal_rcc.o
 .debug_macro   0x00000000000191df      0x1de ./Drivers/STM32F0xx_HAL_Driver/Src/stm32f0xx_hal_rcc_ex.o
 .debug_macro   0x00000000000193bd      0x1cd ./Drivers/STM32F0xx_HAL_Driver/Src/stm32f0xx_hal_tim.o
 .debug_macro   0x000000000001958a      0x1cc ./Drivers/STM32F0xx_HAL_Driver/Src/stm32f0xx_hal_tim_ex.o
 .debug_macro   0x0000000000019756      0x1e9 ./Drivers/STM32F0xx_HAL_Driver/Src/stm32f0xx_hal_uart.o

.debug_line     0x0000000000000000    0x16542
 .debug_line    0x0000000000000000      0x78f ./Core/Src/can.o
 .debug_line    0x000000000000078f      0xb59 ./Core/Src/can_config.o
 .debug_line    0x00000000000012e8      0x747 ./Core/Src/gpio.o
 .debug_line    0x0000000000001a2f      0x79e ./Core/Src/i2c.o
 .debug_line    0x00000000000021cd      0x928 ./Core/Src/main.o
 .debug_line    0x0000000000002af5      0x71e ./Core/Src/stm32f0xx_hal_msp.o
 .debug_line    0x0000000000003213      0x842 ./Core/Src/stm32f0xx_it.o
 .debug_line    0x0000000000003a55      0x7a6 ./Core/Src/system_stm32f0xx.o
 .debug_line    0x00000000000041fb      0x7c2 ./Core/Src/tim.o
 .debug_line    0x00000000000049bd      0x78e ./Core/Src/usart.o
 .debug_line    0x000000000000514b       0x9b ./Core/Startup/startup_stm32f042c6tx.o
 .debug_line    0x00000000000051e6      0x999 ./Drivers/STM32F0xx_HAL_Driver/Src/stm32f0xx_hal.o
 .debug_line    0x0000000000005b7f     0x1163 ./Drivers/STM32F0xx_HAL_Driver/Src/stm32f0xx_hal_can.o
 .debug_line    0x0000000000006ce2      0xa45 ./Drivers/STM32F0xx_HAL_Driver/Src/stm32f0xx_hal_cortex.o
 .debug_line    0x0000000000007727      0xcbd ./Drivers/STM32F0xx_HAL_Driver/Src/stm32f0xx_hal_dma.o
 .debug_line    0x00000000000083e4      0xb01 ./Drivers/STM32F0xx_HAL_Driver/Src/stm32f0xx_hal_gpio.o
 .debug_line    0x0000000000008ee5     0x37a5 ./Drivers/STM32F0xx_HAL_Driver/Src/stm32f0xx_hal_i2c.o
 .debug_line    0x000000000000c68a      0x93c ./Drivers/STM32F0xx_HAL_Driver/Src/stm32f0xx_hal_i2c_ex.o
 .debug_line    0x000000000000cfc6      0xe23 ./Drivers/STM32F0xx_HAL_Driver/Src/stm32f0xx_hal_rcc.o
 .debug_line    0x000000000000dde9      0xbd6 ./Drivers/STM32F0xx_HAL_Driver/Src/stm32f0xx_hal_rcc_ex.o
 .debug_line    0x000000000000e9bf     0x362a ./Drivers/STM32F0xx_HAL_Driver/Src/stm32f0xx_hal_tim.o
 .debug_line    0x0000000000011fe9     0x190c ./Drivers/STM32F0xx_HAL_Driver/Src/stm32f0xx_hal_tim_ex.o
 .debug_line    0x00000000000138f5     0x2c4d ./Drivers/STM32F0xx_HAL_Driver/Src/stm32f0xx_hal_uart.o

.debug_str      0x0000000000000000    0x923dc
 .debug_str     0x0000000000000000    0x8cfb8 ./Core/Src/can.o
                                      0x8d30f (size before relaxing)
 .debug_str     0x000000000008cfb8      0xdbd ./Core/Src/can_config.o
                                      0x8dead (size before relaxing)
 .debug_str     0x000000000008dd75       0x68 ./Core/Src/gpio.o
                                      0x8cfff (size before relaxing)
 .debug_str     0x000000000008dddd       0x63 ./Core/Src/i2c.o
                                      0x8d53a (size before relaxing)
 .debug_str     0x000000000008de40      0x61f ./Core/Src/main.o
                                      0x8dbad (size before relaxing)
 .debug_str     0x000000000008e45f       0x2c ./Core/Src/stm32f0xx_hal_msp.o
                                      0x8cd60 (size before relaxing)
 .debug_str     0x000000000008e48b      0x173 ./Core/Src/stm32f0xx_it.o
                                      0x8d88f (size before relaxing)
 .debug_str     0x000000000008e5fe       0x8b ./Core/Src/system_stm32f0xx.o
                                      0x8c947 (size before relaxing)
 .debug_str     0x000000000008e689       0x5f ./Core/Src/tim.o
                                      0x8d4aa (size before relaxing)
 .debug_str     0x000000000008e6e8      0x25b ./Core/Src/usart.o
                                      0x8d2b3 (size before relaxing)
 .debug_str     0x000000000008e943       0x36 ./Core/Startup/startup_stm32f042c6tx.o
                                         0x69 (size before relaxing)
 .debug_str     0x000000000008e979      0x37a ./Drivers/STM32F0xx_HAL_Driver/Src/stm32f0xx_hal.o
                                      0x8cef9 (size before relaxing)
 .debug_str     0x000000000008ecf3      0x3bd ./Drivers/STM32F0xx_HAL_Driver/Src/stm32f0xx_hal_can.o
                                      0x8d118 (size before relaxing)
 .debug_str     0x000000000008f0b0      0x179 ./Drivers/STM32F0xx_HAL_Driver/Src/stm32f0xx_hal_cortex.o
                                      0x8ccea (size before relaxing)
 .debug_str     0x000000000008f229      0x248 ./Drivers/STM32F0xx_HAL_Driver/Src/stm32f0xx_hal_dma.o
                                      0x8cced (size before relaxing)
 .debug_str     0x000000000008f471       0xb6 ./Drivers/STM32F0xx_HAL_Driver/Src/stm32f0xx_hal_gpio.o
                                      0x8cae8 (size before relaxing)
 .debug_str     0x000000000008f527      0xde6 ./Drivers/STM32F0xx_HAL_Driver/Src/stm32f0xx_hal_i2c.o
                                      0x8dca8 (size before relaxing)
 .debug_str     0x000000000009030d       0xb8 ./Drivers/STM32F0xx_HAL_Driver/Src/stm32f0xx_hal_i2c_ex.o
                                      0x8cecf (size before relaxing)
 .debug_str     0x00000000000903c5      0x20f ./Drivers/STM32F0xx_HAL_Driver/Src/stm32f0xx_hal_rcc.o
                                      0x8cd8e (size before relaxing)
 .debug_str     0x00000000000905d4      0x2af ./Drivers/STM32F0xx_HAL_Driver/Src/stm32f0xx_hal_rcc_ex.o
                                      0x8cd31 (size before relaxing)
 .debug_str     0x0000000000090883      0xdf5 ./Drivers/STM32F0xx_HAL_Driver/Src/stm32f0xx_hal_tim.o
                                      0x8dd4d (size before relaxing)
 .debug_str     0x0000000000091678      0x503 ./Drivers/STM32F0xx_HAL_Driver/Src/stm32f0xx_hal_tim_ex.o
                                      0x8d569 (size before relaxing)
 .debug_str     0x0000000000091b7b      0x861 ./Drivers/STM32F0xx_HAL_Driver/Src/stm32f0xx_hal_uart.o
                                      0x8d6ab (size before relaxing)

.comment        0x0000000000000000       0x50
 .comment       0x0000000000000000       0x50 ./Core/Src/can.o
                                         0x51 (size before relaxing)
 .comment       0x0000000000000050       0x51 ./Core/Src/can_config.o
 .comment       0x0000000000000050       0x51 ./Core/Src/gpio.o
 .comment       0x0000000000000050       0x51 ./Core/Src/i2c.o
 .comment       0x0000000000000050       0x51 ./Core/Src/main.o
 .comment       0x0000000000000050       0x51 ./Core/Src/stm32f0xx_hal_msp.o
 .comment       0x0000000000000050       0x51 ./Core/Src/stm32f0xx_it.o
 .comment       0x0000000000000050       0x51 ./Core/Src/system_stm32f0xx.o
 .comment       0x0000000000000050       0x51 ./Core/Src/tim.o
 .comment       0x0000000000000050       0x51 ./Core/Src/usart.o
 .comment       0x0000000000000050       0x51 ./Drivers/STM32F0xx_HAL_Driver/Src/stm32f0xx_hal.o
 .comment       0x0000000000000050       0x51 ./Drivers/STM32F0xx_HAL_Driver/Src/stm32f0xx_hal_can.o
 .comment       0x0000000000000050       0x51 ./Drivers/STM32F0xx_HAL_Driver/Src/stm32f0xx_hal_cortex.o
 .comment       0x0000000000000050       0x51 ./Drivers/STM32F0xx_HAL_Driver/Src/stm32f0xx_hal_dma.o
 .comment       0x0000000000000050       0x51 ./Drivers/STM32F0xx_HAL_Driver/Src/stm32f0xx_hal_gpio.o
 .comment       0x0000000000000050       0x51 ./Drivers/STM32F0xx_HAL_Driver/Src/stm32f0xx_hal_i2c.o
 .comment       0x0000000000000050       0x51 ./Drivers/STM32F0xx_HAL_Driver/Src/stm32f0xx_hal_i2c_ex.o
 .comment       0x0000000000000050       0x51 ./Drivers/STM32F0xx_HAL_Driver/Src/stm32f0xx_hal_rcc.o
 .comment       0x0000000000000050       0x51 ./Drivers/STM32F0xx_HAL_Driver/Src/stm32f0xx_hal_rcc_ex.o
 .comment       0x0000000000000050       0x51 ./Drivers/STM32F0xx_HAL_Driver/Src/stm32f0xx_hal_tim.o
 .comment       0x0000000000000050       0x51 ./Drivers/STM32F0xx_HAL_Driver/Src/stm32f0xx_hal_tim_ex.o
 .comment       0x0000000000000050       0x51 ./Drivers/STM32F0xx_HAL_Driver/Src/stm32f0xx_hal_uart.o

.debug_frame    0x0000000000000000     0x3fa4
 .debug_frame   0x0000000000000000       0x6c ./Core/Src/can.o
 .debug_frame   0x000000000000006c      0x308 ./Core/Src/can_config.o
 .debug_frame   0x0000000000000374       0x30 ./Core/Src/gpio.o
 .debug_frame   0x00000000000003a4       0x6c ./Core/Src/i2c.o
 .debug_frame   0x0000000000000410       0xa8 ./Core/Src/main.o
 .debug_frame   0x00000000000004b8       0x30 ./Core/Src/stm32f0xx_hal_msp.o
 .debug_frame   0x00000000000004e8      0x160 ./Core/Src/stm32f0xx_it.o
 .debug_frame   0x0000000000000648       0x4c ./Core/Src/system_stm32f0xx.o
 .debug_frame   0x0000000000000694       0x88 ./Core/Src/tim.o
 .debug_frame   0x000000000000071c       0x6c ./Core/Src/usart.o
 .debug_frame   0x0000000000000788      0x2a4 ./Drivers/STM32F0xx_HAL_Driver/Src/stm32f0xx_hal.o
 .debug_frame   0x0000000000000a2c      0x490 ./Drivers/STM32F0xx_HAL_Driver/Src/stm32f0xx_hal_can.o
 .debug_frame   0x0000000000000ebc      0x2a0 ./Drivers/STM32F0xx_HAL_Driver/Src/stm32f0xx_hal_cortex.o
 .debug_frame   0x000000000000115c      0x1d0 ./Drivers/STM32F0xx_HAL_Driver/Src/stm32f0xx_hal_dma.o
 .debug_frame   0x000000000000132c      0x110 ./Drivers/STM32F0xx_HAL_Driver/Src/stm32f0xx_hal_gpio.o
 .debug_frame   0x000000000000143c      0xa64 ./Drivers/STM32F0xx_HAL_Driver/Src/stm32f0xx_hal_i2c.o
 .debug_frame   0x0000000000001ea0       0xd0 ./Drivers/STM32F0xx_HAL_Driver/Src/stm32f0xx_hal_i2c_ex.o
 .debug_frame   0x0000000000001f70      0x198 ./Drivers/STM32F0xx_HAL_Driver/Src/stm32f0xx_hal_rcc.o
 .debug_frame   0x0000000000002108      0x180 ./Drivers/STM32F0xx_HAL_Driver/Src/stm32f0xx_hal_rcc_ex.o
 .debug_frame   0x0000000000002288      0xf00 ./Drivers/STM32F0xx_HAL_Driver/Src/stm32f0xx_hal_tim.o
 .debug_frame   0x0000000000003188      0x560 ./Drivers/STM32F0xx_HAL_Driver/Src/stm32f0xx_hal_tim_ex.o
 .debug_frame   0x00000000000036e8      0x850 ./Drivers/STM32F0xx_HAL_Driver/Src/stm32f0xx_hal_uart.o
 .debug_frame   0x0000000000003f38       0x2c d:/stm32cubeide/stm32cubeide_1.11.0/stm32cubeide/plugins/com.st.stm32cube.ide.mcu.externaltools.gnu-tools-for-stm32.10.3-2021.10.win32_1.0.100.202210260954/tools/bin/../lib/gcc/arm-none-eabi/10.3.1/../../../../arm-none-eabi/lib/thumb/v6-m/nofp\libc_nano.a(lib_a-init.o)
 .debug_frame   0x0000000000003f64       0x20 d:/stm32cubeide/stm32cubeide_1.11.0/stm32cubeide/plugins/com.st.stm32cube.ide.mcu.externaltools.gnu-tools-for-stm32.10.3-2021.10.win32_1.0.100.202210260954/tools/bin/../lib/gcc/arm-none-eabi/10.3.1/../../../../arm-none-eabi/lib/thumb/v6-m/nofp\libc_nano.a(lib_a-memset.o)
 .debug_frame   0x0000000000003f84       0x20 d:/stm32cubeide/stm32cubeide_1.11.0/stm32cubeide/plugins/com.st.stm32cube.ide.mcu.externaltools.gnu-tools-for-stm32.10.3-2021.10.win32_1.0.100.202210260954/tools/bin/../lib/gcc/arm-none-eabi/10.3.1/thumb/v6-m/nofp\libgcc.a(_udivsi3.o)
