../Core/Src/can_config.c:258:6:CAN_Init	8	static
../Core/Src/can_config.c:303:6:HAL_CAN_RxFifo0MsgPendingCallback	16	static
../Core/Src/can_config.c:316:6:CAN_On_Receive	16	static
../Core/Src/can_config.c:338:6:CAN_Receive	24	static
../Core/Src/can_config.c:356:6:CAN_Transmit	24	static
../Core/Src/can_config.c:370:6:CAN_Respond	16	static
../Core/Src/can_config.c:386:6:CAN_ProcessWriteCommand	16	static
../Core/Src/can_config.c:405:6:CAN_AcknowledgeWriteMessage	16	static
../Core/Src/can_config.c:419:6:CAN_ReportError	16	static
../Core/Src/can_config.c:433:6:CANBUS_Error_Handler	8	static,ignoring_inline_asm
../Core/Src/can_config.c:447:6:Read_Var_1_Handler	8	static
../Core/Src/can_config.c:462:6:Write_Toggle_Green_LED_Handler	8	static
../Core/Src/can_config.c:475:6:Print_Numbers_Handler	8	static
../Core/Src/can_config.c:487:6:map_value_Handler	8	static
../Core/Src/can_config.c:518:6:tc_value_Handler	8	static
../Core/Src/can_config.c:533:6:speed_value_Handler	8	static
../Core/Src/can_config.c:548:6:diff_value_Handler	8	static
../Core/Src/can_config.c:563:6:ts_value_Handler	8	static
../Core/Src/can_config.c:573:6:leng_value_Handler	8	static
../Core/Src/can_config.c:583:6:linv_value_Handler	8	static
../Core/Src/can_config.c:593:6:bat_value_Handler	8	static
../Core/Src/can_config.c:603:6:rinv_value_Handler	8	static
../Core/Src/can_config.c:613:6:reng_value_Handler	8	static
../Core/Src/can_config.c:623:6:err_value_Handler	8	static
../Core/Src/can_config.c:633:6:hv_value_Handler	8	static
../Core/Src/can_config.c:643:6:low_value_Handler	8	static
