../Core/Src/can_config.c:260:6:CAN_Init	8	static
../Core/Src/can_config.c:305:6:HAL_CAN_RxFifo0MsgPendingCallback	16	static
../Core/Src/can_config.c:318:6:CAN_On_Receive	16	static
../Core/Src/can_config.c:340:6:CAN_Receive	24	static
../Core/Src/can_config.c:358:6:CAN_Transmit	24	static
../Core/Src/can_config.c:372:6:CAN_Respond	16	static
../Core/Src/can_config.c:388:6:CAN_ProcessWriteCommand	16	static
../Core/Src/can_config.c:407:6:CAN_AcknowledgeWriteMessage	16	static
../Core/Src/can_config.c:421:6:CAN_ReportError	16	static
../Core/Src/can_config.c:435:6:CANBUS_Error_Handler	8	static,ignoring_inline_asm
../Core/Src/can_config.c:449:6:Read_Var_1_Handler	8	static
../Core/Src/can_config.c:464:6:Write_Toggle_Green_LED_Handler	8	static
../Core/Src/can_config.c:477:6:Print_Numbers_Handler	8	static
../Core/Src/can_config.c:489:6:map_value_Handler	8	static
../Core/Src/can_config.c:520:6:tc_value_Handler	8	static
../Core/Src/can_config.c:530:6:speed_value_Handler	8	static
../Core/Src/can_config.c:540:6:diff_value_Handler	8	static
../Core/Src/can_config.c:550:6:ts_value_Handler	8	static
../Core/Src/can_config.c:560:6:leng_value_Handler	8	static
../Core/Src/can_config.c:570:6:linv_value_Handler	8	static
../Core/Src/can_config.c:580:6:bat_value_Handler	8	static
../Core/Src/can_config.c:590:6:rinv_value_Handler	8	static
../Core/Src/can_config.c:600:6:reng_value_Handler	8	static
../Core/Src/can_config.c:610:6:err_value_Handler	8	static
../Core/Src/can_config.c:620:6:hv_value_Handler	8	static
../Core/Src/can_config.c:630:6:low_value_Handler	8	static
