../Core/Src/stm32f0xx_it.c:72:6:NMI_Handler	8	static
../Core/Src/stm32f0xx_it.c:87:6:HardFault_Handler	8	static
../Core/Src/stm32f0xx_it.c:102:6:SVC_Handler	8	static
../Core/Src/stm32f0xx_it.c:115:6:PendSV_Handler	8	static
../Core/Src/stm32f0xx_it.c:128:6:SysTick_Handler	8	static
../Core/Src/stm32f0xx_it.c:149:6:EXTI0_1_IRQHandler	8	static
../Core/Src/stm32f0xx_it.c:164:6:EXTI2_3_IRQHandler	8	static
../Core/Src/stm32f0xx_it.c:179:6:EXTI4_15_IRQHandler	8	static
../Core/Src/stm32f0xx_it.c:196:6:TIM14_IRQHandler	8	static
../Core/Src/stm32f0xx_it.c:210:6:TIM16_IRQHandler	8	static
../Core/Src/stm32f0xx_it.c:224:6:I2C1_IRQHandler	8	static
../Core/Src/stm32f0xx_it.c:242:6:CEC_CAN_IRQHandler	8	static
